Archive member included to satisfy reference by file (symbol)

/Applications/STM32CubeIDE.app/Contents/Eclipse/plugins/com.st.stm32cube.ide.mcu.externaltools.gnu-tools-for-stm32.13.3.rel1.macos64_1.0.0.202411102158/tools/bin/../lib/gcc/arm-none-eabi/13.3.1/../../../../arm-none-eabi/lib/thumb/v7e-m+fp/hard/libc_nano.a(libc_a-exit.o)
                              /Applications/STM32CubeIDE.app/Contents/Eclipse/plugins/com.st.stm32cube.ide.mcu.externaltools.gnu-tools-for-stm32.13.3.rel1.macos64_1.0.0.202411102158/tools/bin/../lib/gcc/arm-none-eabi/13.3.1/../../../../arm-none-eabi/lib/thumb/v7e-m+fp/hard/crt0.o (exit)
/Applications/STM32CubeIDE.app/Contents/Eclipse/plugins/com.st.stm32cube.ide.mcu.externaltools.gnu-tools-for-stm32.13.3.rel1.macos64_1.0.0.202411102158/tools/bin/../lib/gcc/arm-none-eabi/13.3.1/../../../../arm-none-eabi/lib/thumb/v7e-m+fp/hard/libc_nano.a(libc_a-sprintf.o)
                              ./Core/Src/LCD_Driver.o (sprintf)
/Applications/STM32CubeIDE.app/Contents/Eclipse/plugins/com.st.stm32cube.ide.mcu.externaltools.gnu-tools-for-stm32.13.3.rel1.macos64_1.0.0.202411102158/tools/bin/../lib/gcc/arm-none-eabi/13.3.1/../../../../arm-none-eabi/lib/thumb/v7e-m+fp/hard/libc_nano.a(libc_a-findfp.o)
                              /Applications/STM32CubeIDE.app/Contents/Eclipse/plugins/com.st.stm32cube.ide.mcu.externaltools.gnu-tools-for-stm32.13.3.rel1.macos64_1.0.0.202411102158/tools/bin/../lib/gcc/arm-none-eabi/13.3.1/../../../../arm-none-eabi/lib/thumb/v7e-m+fp/hard/libc_nano.a(libc_a-exit.o) (__stdio_exit_handler)
/Applications/STM32CubeIDE.app/Contents/Eclipse/plugins/com.st.stm32cube.ide.mcu.externaltools.gnu-tools-for-stm32.13.3.rel1.macos64_1.0.0.202411102158/tools/bin/../lib/gcc/arm-none-eabi/13.3.1/../../../../arm-none-eabi/lib/thumb/v7e-m+fp/hard/libc_nano.a(libc_a-fwalk.o)
                              /Applications/STM32CubeIDE.app/Contents/Eclipse/plugins/com.st.stm32cube.ide.mcu.externaltools.gnu-tools-for-stm32.13.3.rel1.macos64_1.0.0.202411102158/tools/bin/../lib/gcc/arm-none-eabi/13.3.1/../../../../arm-none-eabi/lib/thumb/v7e-m+fp/hard/libc_nano.a(libc_a-findfp.o) (_fwalk_sglue)
/Applications/STM32CubeIDE.app/Contents/Eclipse/plugins/com.st.stm32cube.ide.mcu.externaltools.gnu-tools-for-stm32.13.3.rel1.macos64_1.0.0.202411102158/tools/bin/../lib/gcc/arm-none-eabi/13.3.1/../../../../arm-none-eabi/lib/thumb/v7e-m+fp/hard/libc_nano.a(libc_a-memset.o)
                              /Applications/STM32CubeIDE.app/Contents/Eclipse/plugins/com.st.stm32cube.ide.mcu.externaltools.gnu-tools-for-stm32.13.3.rel1.macos64_1.0.0.202411102158/tools/bin/../lib/gcc/arm-none-eabi/13.3.1/../../../../arm-none-eabi/lib/thumb/v7e-m+fp/hard/crt0.o (memset)
/Applications/STM32CubeIDE.app/Contents/Eclipse/plugins/com.st.stm32cube.ide.mcu.externaltools.gnu-tools-for-stm32.13.3.rel1.macos64_1.0.0.202411102158/tools/bin/../lib/gcc/arm-none-eabi/13.3.1/../../../../arm-none-eabi/lib/thumb/v7e-m+fp/hard/libc_nano.a(libc_a-errno.o)
                              ./Core/Src/syscalls.o (__errno)
/Applications/STM32CubeIDE.app/Contents/Eclipse/plugins/com.st.stm32cube.ide.mcu.externaltools.gnu-tools-for-stm32.13.3.rel1.macos64_1.0.0.202411102158/tools/bin/../lib/gcc/arm-none-eabi/13.3.1/../../../../arm-none-eabi/lib/thumb/v7e-m+fp/hard/libc_nano.a(libc_a-init.o)
                              /Applications/STM32CubeIDE.app/Contents/Eclipse/plugins/com.st.stm32cube.ide.mcu.externaltools.gnu-tools-for-stm32.13.3.rel1.macos64_1.0.0.202411102158/tools/bin/../lib/gcc/arm-none-eabi/13.3.1/../../../../arm-none-eabi/lib/thumb/v7e-m+fp/hard/crt0.o (__libc_init_array)
/Applications/STM32CubeIDE.app/Contents/Eclipse/plugins/com.st.stm32cube.ide.mcu.externaltools.gnu-tools-for-stm32.13.3.rel1.macos64_1.0.0.202411102158/tools/bin/../lib/gcc/arm-none-eabi/13.3.1/../../../../arm-none-eabi/lib/thumb/v7e-m+fp/hard/libc_nano.a(libc_a-lock.o)
                              /Applications/STM32CubeIDE.app/Contents/Eclipse/plugins/com.st.stm32cube.ide.mcu.externaltools.gnu-tools-for-stm32.13.3.rel1.macos64_1.0.0.202411102158/tools/bin/../lib/gcc/arm-none-eabi/13.3.1/../../../../arm-none-eabi/lib/thumb/v7e-m+fp/hard/libc_nano.a(libc_a-findfp.o) (__retarget_lock_init_recursive)
/Applications/STM32CubeIDE.app/Contents/Eclipse/plugins/com.st.stm32cube.ide.mcu.externaltools.gnu-tools-for-stm32.13.3.rel1.macos64_1.0.0.202411102158/tools/bin/../lib/gcc/arm-none-eabi/13.3.1/../../../../arm-none-eabi/lib/thumb/v7e-m+fp/hard/libc_nano.a(libc_a-impure.o)
                              /Applications/STM32CubeIDE.app/Contents/Eclipse/plugins/com.st.stm32cube.ide.mcu.externaltools.gnu-tools-for-stm32.13.3.rel1.macos64_1.0.0.202411102158/tools/bin/../lib/gcc/arm-none-eabi/13.3.1/../../../../arm-none-eabi/lib/thumb/v7e-m+fp/hard/libc_nano.a(libc_a-sprintf.o) (_impure_ptr)
[...]
Memory Configuration

Name             Origin             Length             Attributes
CCMRAM           0x10000000         0x00010000         xrw
RAM              0x20000000         0x00030000         xrw
FLASH            0x08000000         0x00200000         xr
*default*        0x00000000         0xffffffff

Linker script and memory map

LOAD /Applications/STM32CubeIDE.app/Contents/Eclipse/plugins/com.st.stm32cube.ide.mcu.externaltools.gnu-tools-for-stm32.13.3.rel1.macos64_1.0.0.202411102158/tools/bin/../lib/gcc/arm-none-eabi/13.3.1/thumb/v7e-m+fp/hard/crti.o
LOAD /Applications/STM32CubeIDE.app/Contents/Eclipse/plugins/com.st.stm32cube.ide.mcu.externaltools.gnu-tools-for-stm32.13.3.rel1.macos64_1.0.0.202411102158/tools/bin/../lib/gcc/arm-none-eabi/13.3.1/thumb/v7e-m+fp/hard/crtbegin.o
LOAD /Applications/STM32CubeIDE.app/Contents/Eclipse/plugins/com.st.stm32cube.ide.mcu.externaltools.gnu-tools-for-stm32.13.3.rel1.macos64_1.0.0.202411102158/tools/bin/../lib/gcc/arm-none-eabi/13.3.1/../../../../arm-none-eabi/lib/thumb/v7e-m+fp/hard/crt0.o
LOAD ./Core/Src/ApplicationCode.o
LOAD ./Core/Src/Button_Driver.o
LOAD ./Core/Src/GameLogic.o
LOAD ./Core/Src/InterruptControl.o
LOAD ./Core/Src/LCD_Driver.o
LOAD ./Core/Src/fonts.o
LOAD ./Core/Src/ili9341.o
LOAD ./Core/Src/main.o
LOAD ./Core/Src/stm32f4xx_hal_msp.o
LOAD ./Core/Src/stm32f4xx_it.o
LOAD ./Core/Src/stmpe811.o
LOAD ./Core/Src/syscalls.o
LOAD ./Core/Src/sysmem.o
LOAD ./Core/Src/system_stm32f4xx.o
LOAD ./Core/Startup/startup_stm32f429zitx.o
LOAD ./Drivers/STM32F4xx_HAL_Driver/Src/stm32f4xx_hal.o
LOAD ./Drivers/STM32F4xx_HAL_Driver/Src/stm32f4xx_hal_cortex.o
LOAD ./Drivers/STM32F4xx_HAL_Driver/Src/stm32f4xx_hal_dma.o
LOAD ./Drivers/STM32F4xx_HAL_Driver/Src/stm32f4xx_hal_dma_ex.o
LOAD ./Drivers/STM32F4xx_HAL_Driver/Src/stm32f4xx_hal_dsi.o
LOAD ./Drivers/STM32F4xx_HAL_Driver/Src/stm32f4xx_hal_exti.o
LOAD ./Drivers/STM32F4xx_HAL_Driver/Src/stm32f4xx_hal_flash.o
LOAD ./Drivers/STM32F4xx_HAL_Driver/Src/stm32f4xx_hal_flash_ex.o
LOAD ./Drivers/STM32F4xx_HAL_Driver/Src/stm32f4xx_hal_flash_ramfunc.o
LOAD ./Drivers/STM32F4xx_HAL_Driver/Src/stm32f4xx_hal_gpio.o
LOAD ./Drivers/STM32F4xx_HAL_Driver/Src/stm32f4xx_hal_i2c.o
LOAD ./Drivers/STM32F4xx_HAL_Driver/Src/stm32f4xx_hal_i2c_ex.o
LOAD ./Drivers/STM32F4xx_HAL_Driver/Src/stm32f4xx_hal_ltdc.o
LOAD ./Drivers/STM32F4xx_HAL_Driver/Src/stm32f4xx_hal_ltdc_ex.o
LOAD ./Drivers/STM32F4xx_HAL_Driver/Src/stm32f4xx_hal_pwr.o
LOAD ./Drivers/STM32F4xx_HAL_Driver/Src/stm32f4xx_hal_pwr_ex.o
LOAD ./Drivers/STM32F4xx_HAL_Driver/Src/stm32f4xx_hal_rcc.o
LOAD ./Drivers/STM32F4xx_HAL_Driver/Src/stm32f4xx_hal_rcc_ex.o
LOAD ./Drivers/STM32F4xx_HAL_Driver/Src/stm32f4xx_hal_rng.o
LOAD ./Drivers/STM32F4xx_HAL_Driver/Src/stm32f4xx_hal_spi.o
LOAD ./Drivers/STM32F4xx_HAL_Driver/Src/stm32f4xx_hal_tim.o
LOAD ./Drivers/STM32F4xx_HAL_Driver/Src/stm32f4xx_hal_tim_ex.o
START GROUP
LOAD /Applications/STM32CubeIDE.app/Contents/Eclipse/plugins/com.st.stm32cube.ide.mcu.externaltools.gnu-tools-for-stm32.13.3.rel1.macos64_1.0.0.202411102158/tools/bin/../lib/gcc/arm-none-eabi/13.3.1/../../../../arm-none-eabi/lib/thumb/v7e-m+fp/hard/libc_nano.a
LOAD /Applications/STM32CubeIDE.app/Contents/Eclipse/plugins/com.st.stm32cube.ide.mcu.externaltools.gnu-tools-for-stm32.13.3.rel1.macos64_1.0.0.202411102158/tools/bin/../lib/gcc/arm-none-eabi/13.3.1/../../../../arm-none-eabi/lib/thumb/v7e-m+fp/hard/libm.a
END GROUP
START GROUP
LOAD /Applications/STM32CubeIDE.app/Contents/Eclipse/plugins/com.st.stm32cube.ide.mcu.externaltools.gnu-tools-for-stm32.13.3.rel1.macos64_1.0.0.202411102158/tools/bin/../lib/gcc/arm-none-eabi/13.3.1/thumb/v7e-m+fp/hard/libgcc.a
LOAD /Applications/STM32CubeIDE.app/Contents/Eclipse/plugins/com.st.stm32cube.ide.mcu.externaltools.gnu-tools-for-stm32.13.3.rel1.macos64_1.0.0.202411102158/tools/bin/../lib/gcc/arm-none-eabi/13.3.1/../../../../arm-none-eabi/lib/thumb/v7e-m+fp/hard/libc_nano.a
END GROUP
START GROUP
LOAD /Applications/STM32CubeIDE.app/Contents/Eclipse/plugins/com.st.stm32cube.ide.mcu.externaltools.gnu-tools-for-stm32.13.3.rel1.macos64_1.0.0.202411102158/tools/bin/../lib/gcc/arm-none-eabi/13.3.1/thumb/v7e-m+fp/hard/libgcc.a
LOAD /Applications/STM32CubeIDE.app/Contents/Eclipse/plugins/com.st.stm32cube.ide.mcu.externaltools.gnu-tools-for-stm32.13.3.rel1.macos64_1.0.0.202411102158/tools/bin/../lib/gcc/arm-none-eabi/13.3.1/../../../../arm-none-eabi/lib/thumb/v7e-m+fp/hard/libc_nano.a
LOAD /Applications/STM32CubeIDE.app/Contents/Eclipse/plugins/com.st.stm32cube.ide.mcu.externaltools.gnu-tools-for-stm32.13.3.rel1.macos64_1.0.0.202411102158/tools/bin/../lib/gcc/arm-none-eabi/13.3.1/../../../../arm-none-eabi/lib/thumb/v7e-m+fp/hard/libnosys.a
END GROUP
START GROUP
LOAD /Applications/STM32CubeIDE.app/Contents/Eclipse/plugins/com.st.stm32cube.ide.mcu.externaltools.gnu-tools-for-stm32.13.3.rel1.macos64_1.0.0.202411102158/tools/bin/../lib/gcc/arm-none-eabi/13.3.1/thumb/v7e-m+fp/hard/libgcc.a
LOAD /Applications/STM32CubeIDE.app/Contents/Eclipse/plugins/com.st.stm32cube.ide.mcu.externaltools.gnu-tools-for-stm32.13.3.rel1.macos64_1.0.0.202411102158/tools/bin/../lib/gcc/arm-none-eabi/13.3.1/../../../../arm-none-eabi/lib/thumb/v7e-m+fp/hard/libc_nano.a
LOAD /Applications/STM32CubeIDE.app/Contents/Eclipse/plugins/com.st.stm32cube.ide.mcu.externaltools.gnu-tools-for-stm32.13.3.rel1.macos64_1.0.0.202411102158/tools/bin/../lib/gcc/arm-none-eabi/13.3.1/../../../../arm-none-eabi/lib/thumb/v7e-m+fp/hard/libnosys.a
END GROUP
LOAD /Applications/STM32CubeIDE.app/Contents/Eclipse/plugins/com.st.stm32cube.ide.mcu.externaltools.gnu-tools-for-stm32.13.3.rel1.macos64_1.0.0.202411102158/tools/bin/../lib/gcc/arm-none-eabi/13.3.1/thumb/v7e-m+fp/hard/crtend.o
LOAD /Applications/STM32CubeIDE.app/Contents/Eclipse/plugins/com.st.stm32cube.ide.mcu.externaltools.gnu-tools-for-stm32.13.3.rel1.macos64_1.0.0.202411102158/tools/bin/../lib/gcc/arm-none-eabi/13.3.1/thumb/v7e-m+fp/hard/crtn.o
                0x20030000                        _estack = (ORIGIN (RAM) + LENGTH (RAM))
                0x00000200                        _Min_Heap_Size = 0x200
                0x00000400                        _Min_Stack_Size = 0x400

.isr_vector     0x08000000      0x1ac
                0x08000000                        . = ALIGN (0x4)
 *(.isr_vector)
 .isr_vector    0x08000000      0x1ac ./Core/Startup/startup_stm32f429zitx.o
                0x08000000                g_pfnVectors
                0x080001ac                        . = ALIGN (0x4)

.text           0x080001b0     0x7a2c
                0x080001b0                        . = ALIGN (0x4)
 *(.text)
 .text          0x080001b0       0x40 /Applications/STM32CubeIDE.app/Contents/Eclipse/plugins/com.st.stm32cube.ide.mcu.externaltools.gnu-tools-for-stm32.13.3.rel1.macos64_1.0.0.202411102158/tools/bin/../lib/gcc/arm-none-eabi/13.3.1/thumb/v7e-m+fp/hard/crtbegin.o
 .text          0x080001f0       0xa0 /Applications/STM32CubeIDE.app/Contents/Eclipse/plugins/com.st.stm32cube.ide.mcu.externaltools.gnu-tools-for-stm32.13.3.rel1.macos64_1.0.0.202411102158/tools/bin/../lib/gcc/arm-none-eabi/13.3.1/../../../../arm-none-eabi/lib/thumb/v7e-m+fp/hard/libc_nano.a(libc_a-memchr.o)
                0x080001f0                memchr
 .text          0x08000290       0x30 /Applications/STM32CubeIDE.app/Contents/Eclipse/plugins/com.st.stm32cube.ide.mcu.externaltools.gnu-tools-for-stm32.13.3.rel1.macos64_1.0.0.202411102158/tools/bin/../lib/gcc/arm-none-eabi/13.3.1/thumb/v7e-m+fp/hard/libgcc.a(_aeabi_uldivmod.o)
                0x08000290                __aeabi_uldivmod
 .text          0x080002c0      0x2f8 /Applications/STM32CubeIDE.app/Contents/Eclipse/plugins/com.st.stm32cube.ide.mcu.externaltools.gnu-tools-for-stm32.13.3.rel1.macos64_1.0.0.202411102158/tools/bin/../lib/gcc/arm-none-eabi/13.3.1/thumb/v7e-m+fp/hard/libgcc.a(_udivmoddi4.o)
                0x080002c0                __udivmoddi4
 .text          0x080005b8        0x4 /Applications/STM32CubeIDE.app/Contents/Eclipse/plugins/com.st.stm32cube.ide.mcu.externaltools.gnu-tools-for-stm32.13.3.rel1.macos64_1.0.0.202411102158/tools/bin/../lib/gcc/arm-none-eabi/13.3.1/thumb/v7e-m+fp/hard/libgcc.a(_dvmd_tls.o)
                0x080005b8                __aeabi_ldiv0
                0x080005b8                __aeabi_idiv0
 *(.text*)
 .text.__NVIC_EnableIRQ
                0x080005bc       0x3c ./Core/Src/ApplicationCode.o
 .text.__NVIC_DisableIRQ
                0x080005f8       0x48 ./Core/Src/ApplicationCode.o
 .text.__NVIC_ClearPendingIRQ
                0x08000640       0x3c ./Core/Src/ApplicationCode.o
 .text.ApplicationInit
                0x0800067c       0x38 ./Core/Src/ApplicationCode.o
                0x0800067c                ApplicationInit
 .text.buttonInit
                0x080006b4        0xc ./Core/Src/ApplicationCode.o
                0x080006b4                buttonInit
 .text.checkIfTouchScreenPressed
                0x080006c0       0x40 ./Core/Src/ApplicationCode.o
                0x080006c0                checkIfTouchScreenPressed
 .text.gameButtonPressed
                0x08000700       0x98 ./Core/Src/ApplicationCode.o
                0x08000700                gameButtonPressed
 .text.triggerGameButtonResponse
                0x08000798       0x2c ./Core/Src/ApplicationCode.o
                0x08000798                triggerGameButtonResponse
 .text.waitForUserResponse
                0x080007c4       0x16 ./Core/Src/ApplicationCode.o
                0x080007c4                waitForUserResponse
 .text.LCD_Display_Start_Screen
                0x080007da       0x16 ./Core/Src/ApplicationCode.o
                0x080007da                LCD_Display_Start_Screen
 .text.LCD_Display_Stats_Screen
                0x080007f0       0x1e ./Core/Src/ApplicationCode.o
                0x080007f0                LCD_Display_Stats_Screen
 *fill*         0x0800080e        0x2 
 .text.displayMenu
                0x08000810       0x20 ./Core/Src/ApplicationCode.o
                0x08000810                displayMenu
 .text.EXTI0_IRQHandler
                0x08000830       0x78 ./Core/Src/ApplicationCode.o
                0x08000830                EXTI0_IRQHandler
 .text.TIM2_IRQHandler
                0x080008a8       0x2c ./Core/Src/ApplicationCode.o
                0x080008a8                TIM2_IRQHandler
 .text.button_Interrupt_Init
                0x080008d4       0x68 ./Core/Src/Button_Driver.o
                0x080008d4                button_Interrupt_Init
 .text.__NVIC_EnableIRQ
                0x0800093c       0x3c ./Core/Src/GameLogic.o
 .text.setGameMode
                0x08000978       0x20 ./Core/Src/GameLogic.o
                0x08000978                setGameMode
 .text.resetBoard
                0x08000998       0x18 ./Core/Src/GameLogic.o
                0x08000998                resetBoard
 .text.resetCoinPos
                0x080009b0       0x30 ./Core/Src/GameLogic.o
                0x080009b0                resetCoinPos
 .text.startNewGame
                0x080009e0       0x30 ./Core/Src/GameLogic.o
                0x080009e0                startNewGame
 .text.incrementWinCount
                0x08000a10       0x48 ./Core/Src/GameLogic.o
                0x08000a10                incrementWinCount
 .text.checkIfUserMovedCoin
                0x08000a58       0x60 ./Core/Src/GameLogic.o
                0x08000a58                checkIfUserMovedCoin
 .text.moveCoin
                0x08000ab8       0x88 ./Core/Src/GameLogic.o
                0x08000ab8                moveCoin
 .text.placeCoin
                0x08000b40       0xcc ./Core/Src/GameLogic.o
                0x08000b40                placeCoin
 .text.canPlaceCoin
                0x08000c0c       0x50 ./Core/Src/GameLogic.o
                0x08000c0c                canPlaceCoin
 .text.getScoreByDirection
                0x08000c5c       0x7c ./Core/Src/GameLogic.o
                0x08000c5c                getScoreByDirection
 .text.checkWinner
                0x08000cd8      0x24c ./Core/Src/GameLogic.o
                0x08000cd8                checkWinner
 .text.checkTie
                0x08000f24       0x44 ./Core/Src/GameLogic.o
                0x08000f24                checkTie
 .text.playTurn
                0x08000f68      0x168 ./Core/Src/GameLogic.o
                0x08000f68                playTurn
 .text.playGame
                0x080010d0       0x30 ./Core/Src/GameLogic.o
                0x080010d0                playGame
 .text.getScoreOfPosition
                0x08001100      0x14c ./Core/Src/GameLogic.o
                0x08001100                getScoreOfPosition
 .text.alphaBeta
                0x0800124c      0x288 ./Core/Src/GameLogic.o
                0x0800124c                alphaBeta
 .text.clearPendingEXTI
                0x080014d4       0x30 ./Core/Src/InterruptControl.o
                0x080014d4                clearPendingEXTI
 .text.clearPendingTIM2
                0x08001504       0x1e ./Core/Src/InterruptControl.o
                0x08001504                clearPendingTIM2
 *fill*         0x08001522        0x2 
 .text.LCD_GPIO_Init
                0x08001524      0x190 ./Core/Src/LCD_Driver.o
                0x08001524                LCD_GPIO_Init
 .text.LTCD_Layer_Init
                0x080016b4       0x80 ./Core/Src/LCD_Driver.o
                0x080016b4                LTCD_Layer_Init
 .text.LTCD__Init
                0x08001734       0xbc ./Core/Src/LCD_Driver.o
                0x08001734                LTCD__Init
 .text.LCD_Draw_Pixel
                0x080017f0       0x3c ./Core/Src/LCD_Driver.o
                0x080017f0                LCD_Draw_Pixel
 .text.LCD_Draw_Circle_Fill
                0x0800182c       0xa6 ./Core/Src/LCD_Driver.o
                0x0800182c                LCD_Draw_Circle_Fill
 .text.LCD_Draw_Vertical_Line
                0x080018d2       0x4e ./Core/Src/LCD_Driver.o
                0x080018d2                LCD_Draw_Vertical_Line
 .text.LCD_Draw_Horizontal_Line
                0x08001920       0x4e ./Core/Src/LCD_Driver.o
                0x08001920                LCD_Draw_Horizontal_Line
 *fill*         0x0800196e        0x2 
 .text.LCD_Draw_Char
                0x08001970       0xdc ./Core/Src/LCD_Driver.o
                0x08001970                LCD_Draw_Char
 .text.LCD_DisplayChar
                0x08001a4c       0x44 ./Core/Src/LCD_Driver.o
                0x08001a4c                LCD_DisplayChar
 .text.LCD_Clear
                0x08001a90       0x44 ./Core/Src/LCD_Driver.o
                0x08001a90                LCD_Clear
 .text.LCD_SetTextColor
                0x08001ad4       0x20 ./Core/Src/LCD_Driver.o
                0x08001ad4                LCD_SetTextColor
 .text.LCD_SetFont
                0x08001af4       0x20 ./Core/Src/LCD_Driver.o
                0x08001af4                LCD_SetFont
 .text.LCD_Error_Handler
                0x08001b14        0xc ./Core/Src/LCD_Driver.o
                0x08001b14                LCD_Error_Handler
 .text.InitializeLCDTouch
                0x08001b20       0x16 ./Core/Src/LCD_Driver.o
                0x08001b20                InitializeLCDTouch
 .text.returnTouchStateAndLocation
                0x08001b36       0x18 ./Core/Src/LCD_Driver.o
                0x08001b36                returnTouchStateAndLocation
 *fill*         0x08001b4e        0x2 
 .text.LCD_Connect_Four_Init
                0x08001b50       0x18 ./Core/Src/LCD_Driver.o
                0x08001b50                LCD_Connect_Four_Init
 .text.LCD_Draw_Game_Button
                0x08001b68       0x7e ./Core/Src/LCD_Driver.o
                0x08001b68                LCD_Draw_Game_Button
 .text.LCD_Draw_Board_Structure
                0x08001be6       0x6e ./Core/Src/LCD_Driver.o
                0x08001be6                LCD_Draw_Board_Structure
 .text.LCD_Display_Coin
                0x08001c54       0x26 ./Core/Src/LCD_Driver.o
                0x08001c54                LCD_Display_Coin
 .text.displayStartScreen
                0x08001c7a      0x128 ./Core/Src/LCD_Driver.o
                0x08001c7a                displayStartScreen
 .text.clearFloatingCoin
                0x08001da2       0x26 ./Core/Src/LCD_Driver.o
                0x08001da2                clearFloatingCoin
 .text.displayStatsScreen
                0x08001dc8      0x19c ./Core/Src/LCD_Driver.o
                0x08001dc8                displayStatsScreen
 .text.drawFromUnsignedInteger
                0x08001f64       0x68 ./Core/Src/LCD_Driver.o
                0x08001f64                drawFromUnsignedInteger
 .text.ili9341_Init
                0x08001fcc      0x294 ./Core/Src/ili9341.o
                0x08001fcc                ili9341_Init
 .text.ili9341_Write_Reg
                0x08002260       0x1a ./Core/Src/ili9341.o
                0x08002260                ili9341_Write_Reg
 .text.ili9341_Send_Data
                0x0800227a       0x1a ./Core/Src/ili9341.o
                0x0800227a                ili9341_Send_Data
 .text.SPI_Init
                0x08002294       0x74 ./Core/Src/ili9341.o
 .text.SPI_Write
                0x08002308       0x3c ./Core/Src/ili9341.o
 .text.SPI_Error
                0x08002344       0x18 ./Core/Src/ili9341.o
 .text.SPI_MspInit
                0x0800235c       0x74 ./Core/Src/ili9341.o
 .text.LCD_IO_Init
                0x080023d0       0xf0 ./Core/Src/ili9341.o
                0x080023d0                LCD_IO_Init
 .text.LCD_IO_WriteData
                0x080024c0       0x44 ./Core/Src/ili9341.o
                0x080024c0                LCD_IO_WriteData
 .text.LCD_IO_WriteReg
                0x08002504       0x44 ./Core/Src/ili9341.o
                0x08002504                LCD_IO_WriteReg
 .text.LCD_Delay
                0x08002548       0x16 ./Core/Src/ili9341.o
                0x08002548                LCD_Delay
 *fill*         0x0800255e        0x2 
 .text.__NVIC_EnableIRQ
                0x08002560       0x3c ./Core/Src/main.o
 .text.main     0x0800259c       0x34 ./Core/Src/main.o
                0x0800259c                main
 .text.SystemClock_Config
                0x080025d0       0xd4 ./Core/Src/main.o
                0x080025d0                SystemClock_Config
 .text.MX_I2C3_Init
                0x080026a4       0x80 ./Core/Src/main.o
 .text.MX_LTDC_Init
                0x08002724      0x164 ./Core/Src/main.o
 .text.MX_RNG_Init
                0x08002888       0x28 ./Core/Src/main.o
 .text.MX_SPI5_Init
                0x080028b0       0x6c ./Core/Src/main.o
 .text.MX_TIM2_Init
                0x0800291c       0xa0 ./Core/Src/main.o
 .text.MX_GPIO_Init
                0x080029bc      0x35c ./Core/Src/main.o
 .text.Error_Handler
                0x08002d18        0xc ./Core/Src/main.o
                0x08002d18                Error_Handler
 .text.HAL_MspInit
                0x08002d24       0x50 ./Core/Src/stm32f4xx_hal_msp.o
                0x08002d24                HAL_MspInit
 .text.HAL_I2C_MspInit
                0x08002d74       0xd4 ./Core/Src/stm32f4xx_hal_msp.o
                0x08002d74                HAL_I2C_MspInit
 .text.HAL_LTDC_MspInit
                0x08002e48      0x250 ./Core/Src/stm32f4xx_hal_msp.o
                0x08002e48                HAL_LTDC_MspInit
 .text.HAL_RNG_MspInit
                0x08003098       0x44 ./Core/Src/stm32f4xx_hal_msp.o
                0x08003098                HAL_RNG_MspInit
 .text.HAL_SPI_MspInit
                0x080030dc       0x90 ./Core/Src/stm32f4xx_hal_msp.o
                0x080030dc                HAL_SPI_MspInit
 .text.HAL_SPI_MspDeInit
                0x0800316c       0x3c ./Core/Src/stm32f4xx_hal_msp.o
                0x0800316c                HAL_SPI_MspDeInit
 .text.HAL_TIM_Base_MspInit
                0x080031a8       0x40 ./Core/Src/stm32f4xx_hal_msp.o
                0x080031a8                HAL_TIM_Base_MspInit
 .text.NMI_Handler
                0x080031e8        0x8 ./Core/Src/stm32f4xx_it.o
                0x080031e8                NMI_Handler
 .text.HardFault_Handler
                0x080031f0        0x8 ./Core/Src/stm32f4xx_it.o
                0x080031f0                HardFault_Handler
 .text.MemManage_Handler
                0x080031f8        0x8 ./Core/Src/stm32f4xx_it.o
                0x080031f8                MemManage_Handler
 .text.BusFault_Handler
                0x08003200        0x8 ./Core/Src/stm32f4xx_it.o
                0x08003200                BusFault_Handler
 .text.UsageFault_Handler
                0x08003208        0x8 ./Core/Src/stm32f4xx_it.o
                0x08003208                UsageFault_Handler
 .text.SVC_Handler
                0x08003210        0xe ./Core/Src/stm32f4xx_it.o
                0x08003210                SVC_Handler
 .text.DebugMon_Handler
                0x0800321e        0xe ./Core/Src/stm32f4xx_it.o
                0x0800321e                DebugMon_Handler
 .text.PendSV_Handler
                0x0800322c        0xe ./Core/Src/stm32f4xx_it.o
                0x0800322c                PendSV_Handler
 .text.SysTick_Handler
                0x0800323a        0xc ./Core/Src/stm32f4xx_it.o
                0x0800323a                SysTick_Handler
 .text.STMPE811_Init
                0x08003246      0x14e ./Core/Src/stmpe811.o
                0x08003246                STMPE811_Init
 .text.STMPE811_Read
                0x08003394       0x22 ./Core/Src/stmpe811.o
                0x08003394                STMPE811_Read
 .text.STMPE811_ReadTouch
                0x080033b6      0x198 ./Core/Src/stmpe811.o
                0x080033b6                STMPE811_ReadTouch
 *fill*         0x0800354e        0x2 
 .text.verifyHAL_I2C_IS_OKAY
                0x08003550       0x20 ./Core/Src/stmpe811.o
                0x08003550                verifyHAL_I2C_IS_OKAY
 .text.I2C3_Init
                0x08003570       0x7c ./Core/Src/stmpe811.o
 .text.I2C3_MspInit
                0x080035ec       0xa8 ./Core/Src/stmpe811.o
 .text.I2C3_Write
                0x08003694       0x54 ./Core/Src/stmpe811.o
                0x08003694                I2C3_Write
 .text.I2C3_Read
                0x080036e8       0x4c ./Core/Src/stmpe811.o
                0x080036e8                I2C3_Read
 .text.I2C3_MulitByteRead
                0x08003734       0x44 ./Core/Src/stmpe811.o
                0x08003734                I2C3_MulitByteRead
 .text.TM_STMPE811_ReadX
                0x08003778       0xc0 ./Core/Src/stmpe811.o
                0x08003778                TM_STMPE811_ReadX
 .text.TM_STMPE811_ReadY
                0x08003838       0xa4 ./Core/Src/stmpe811.o
                0x08003838                TM_STMPE811_ReadY
 .text.initialise_monitor_handles
                0x080038dc        0xe ./Core/Src/syscalls.o
                0x080038dc                initialise_monitor_handles
 *fill*         0x080038ea        0x2 
 .text._sbrk    0x080038ec       0x6c ./Core/Src/sysmem.o
                0x080038ec                _sbrk
 .text.SystemInit
                0x08003958       0x24 ./Core/Src/system_stm32f4xx.o
                0x08003958                SystemInit
 .text.Reset_Handler
                0x0800397c       0x50 ./Core/Startup/startup_stm32f429zitx.o
                0x0800397c                Reset_Handler
 .text.Default_Handler
                0x080039cc        0x2 ./Core/Startup/startup_stm32f429zitx.o
                0x080039cc                DMA1_Stream3_IRQHandler
                0x080039cc                HASH_RNG_IRQHandler
                0x080039cc                EXTI2_IRQHandler
                0x080039cc                TIM8_CC_IRQHandler
                0x080039cc                UART8_IRQHandler
                0x080039cc                SPI4_IRQHandler
                0x080039cc                TIM1_CC_IRQHandler
                0x080039cc                DMA2_Stream5_IRQHandler
                0x080039cc                DMA1_Stream5_IRQHandler
                0x080039cc                PVD_IRQHandler
                0x080039cc                SDIO_IRQHandler
                0x080039cc                TAMP_STAMP_IRQHandler
                0x080039cc                CAN2_RX1_IRQHandler
                0x080039cc                EXTI3_IRQHandler
                0x080039cc                TIM8_TRG_COM_TIM14_IRQHandler
                0x080039cc                TIM1_UP_TIM10_IRQHandler
                0x080039cc                TIM8_UP_TIM13_IRQHandler
                0x080039cc                I2C3_ER_IRQHandler
                0x080039cc                I2C2_EV_IRQHandler
                0x080039cc                DMA1_Stream2_IRQHandler
                0x080039cc                CAN1_RX0_IRQHandler
                0x080039cc                FPU_IRQHandler
                0x080039cc                OTG_HS_WKUP_IRQHandler
                0x080039cc                LTDC_ER_IRQHandler
                0x080039cc                CAN2_SCE_IRQHandler
                0x080039cc                DMA2_Stream2_IRQHandler
                0x080039cc                SPI1_IRQHandler
                0x080039cc                TIM6_DAC_IRQHandler
                0x080039cc                TIM1_BRK_TIM9_IRQHandler
                0x080039cc                DCMI_IRQHandler
                0x080039cc                CAN2_RX0_IRQHandler
                0x080039cc                DMA2_Stream3_IRQHandler
                0x080039cc                USART6_IRQHandler
                0x080039cc                USART3_IRQHandler
                0x080039cc                CAN1_RX1_IRQHandler
                0x080039cc                UART5_IRQHandler
                0x080039cc                DMA2_Stream0_IRQHandler
                0x080039cc                TIM4_IRQHandler
                0x080039cc                I2C1_EV_IRQHandler
                0x080039cc                DMA1_Stream6_IRQHandler
                0x080039cc                DMA1_Stream1_IRQHandler
                0x080039cc                UART4_IRQHandler
                0x080039cc                TIM3_IRQHandler
                0x080039cc                RCC_IRQHandler
                0x080039cc                TIM8_BRK_TIM12_IRQHandler
                0x080039cc                Default_Handler
                0x080039cc                EXTI15_10_IRQHandler
                0x080039cc                ADC_IRQHandler
                0x080039cc                DMA1_Stream7_IRQHandler
                0x080039cc                SPI5_IRQHandler
                0x080039cc                TIM7_IRQHandler
                0x080039cc                CAN2_TX_IRQHandler
                0x080039cc                TIM5_IRQHandler
                0x080039cc                DMA2_Stream7_IRQHandler
                0x080039cc                I2C3_EV_IRQHandler
                0x080039cc                EXTI9_5_IRQHandler
                0x080039cc                RTC_WKUP_IRQHandler
                0x080039cc                LTDC_IRQHandler
                0x080039cc                ETH_WKUP_IRQHandler
                0x080039cc                SPI2_IRQHandler
                0x080039cc                OTG_HS_EP1_IN_IRQHandler
                0x080039cc                DMA1_Stream0_IRQHandler
                0x080039cc                CAN1_TX_IRQHandler
                0x080039cc                EXTI4_IRQHandler
                0x080039cc                ETH_IRQHandler
                0x080039cc                OTG_HS_EP1_OUT_IRQHandler
                0x080039cc                WWDG_IRQHandler
                0x080039cc                SPI6_IRQHandler
                0x080039cc                OTG_FS_WKUP_IRQHandler
                0x080039cc                TIM1_TRG_COM_TIM11_IRQHandler
                0x080039cc                OTG_HS_IRQHandler
                0x080039cc                DMA2D_IRQHandler
                0x080039cc                EXTI1_IRQHandler
                0x080039cc                UART7_IRQHandler
                0x080039cc                USART2_IRQHandler
                0x080039cc                I2C2_ER_IRQHandler
                0x080039cc                DMA2_Stream1_IRQHandler
                0x080039cc                CAN1_SCE_IRQHandler
                0x080039cc                FLASH_IRQHandler
                0x080039cc                DMA2_Stream4_IRQHandler
                0x080039cc                USART1_IRQHandler
                0x080039cc                OTG_FS_IRQHandler
                0x080039cc                SPI3_IRQHandler
                0x080039cc                DMA1_Stream4_IRQHandler
                0x080039cc                I2C1_ER_IRQHandler
                0x080039cc                FMC_IRQHandler
                0x080039cc                DMA2_Stream6_IRQHandler
                0x080039cc                SAI1_IRQHandler
                0x080039cc                RTC_Alarm_IRQHandler
 *fill*         0x080039ce        0x2 
 .text.HAL_Init
                0x080039d0       0x44 ./Drivers/STM32F4xx_HAL_Driver/Src/stm32f4xx_hal.o
                0x080039d0                HAL_Init
 .text.HAL_InitTick
                0x08003a14       0x60 ./Drivers/STM32F4xx_HAL_Driver/Src/stm32f4xx_hal.o
                0x08003a14                HAL_InitTick
 .text.HAL_IncTick
                0x08003a74       0x28 ./Drivers/STM32F4xx_HAL_Driver/Src/stm32f4xx_hal.o
                0x08003a74                HAL_IncTick
 .text.HAL_GetTick
                0x08003a9c       0x18 ./Drivers/STM32F4xx_HAL_Driver/Src/stm32f4xx_hal.o
                0x08003a9c                HAL_GetTick
 .text.HAL_Delay
                0x08003ab4       0x48 ./Drivers/STM32F4xx_HAL_Driver/Src/stm32f4xx_hal.o
                0x08003ab4                HAL_Delay
 .text.__NVIC_SetPriorityGrouping
                0x08003afc       0x48 ./Drivers/STM32F4xx_HAL_Driver/Src/stm32f4xx_hal_cortex.o
 .text.__NVIC_GetPriorityGrouping
                0x08003b44       0x1c ./Drivers/STM32F4xx_HAL_Driver/Src/stm32f4xx_hal_cortex.o
 .text.__NVIC_SetPriority
                0x08003b60       0x54 ./Drivers/STM32F4xx_HAL_Driver/Src/stm32f4xx_hal_cortex.o
 .text.NVIC_EncodePriority
                0x08003bb4       0x66 ./Drivers/STM32F4xx_HAL_Driver/Src/stm32f4xx_hal_cortex.o
 *fill*         0x08003c1a        0x2 
 .text.SysTick_Config
                0x08003c1c       0x44 ./Drivers/STM32F4xx_HAL_Driver/Src/stm32f4xx_hal_cortex.o
 .text.HAL_NVIC_SetPriorityGrouping
                0x08003c60       0x16 ./Drivers/STM32F4xx_HAL_Driver/Src/stm32f4xx_hal_cortex.o
                0x08003c60                HAL_NVIC_SetPriorityGrouping
 .text.HAL_NVIC_SetPriority
                0x08003c76       0x38 ./Drivers/STM32F4xx_HAL_Driver/Src/stm32f4xx_hal_cortex.o
                0x08003c76                HAL_NVIC_SetPriority
 .text.HAL_SYSTICK_Config
                0x08003cae       0x18 ./Drivers/STM32F4xx_HAL_Driver/Src/stm32f4xx_hal_cortex.o
                0x08003cae                HAL_SYSTICK_Config
 *fill*         0x08003cc6        0x2 
 .text.HAL_GPIO_Init
                0x08003cc8      0x358 ./Drivers/STM32F4xx_HAL_Driver/Src/stm32f4xx_hal_gpio.o
                0x08003cc8                HAL_GPIO_Init
 .text.HAL_GPIO_DeInit
                0x08004020      0x218 ./Drivers/STM32F4xx_HAL_Driver/Src/stm32f4xx_hal_gpio.o
                0x08004020                HAL_GPIO_DeInit
 .text.HAL_GPIO_WritePin
                0x08004238       0x32 ./Drivers/STM32F4xx_HAL_Driver/Src/stm32f4xx_hal_gpio.o
                0x08004238                HAL_GPIO_WritePin
 *fill*         0x0800426a        0x2 
 .text.HAL_I2C_Init
                0x0800426c      0x288 ./Drivers/STM32F4xx_HAL_Driver/Src/stm32f4xx_hal_i2c.o
                0x0800426c                HAL_I2C_Init
 .text.HAL_I2C_Mem_Write
                0x080044f4      0x1f4 ./Drivers/STM32F4xx_HAL_Driver/Src/stm32f4xx_hal_i2c.o
                0x080044f4                HAL_I2C_Mem_Write
 .text.HAL_I2C_Mem_Read
                0x080046e8      0x464 ./Drivers/STM32F4xx_HAL_Driver/Src/stm32f4xx_hal_i2c.o
                0x080046e8                HAL_I2C_Mem_Read
 .text.I2C_RequestMemoryWrite
                0x08004b4c      0x12c ./Drivers/STM32F4xx_HAL_Driver/Src/stm32f4xx_hal_i2c.o
 .text.I2C_RequestMemoryRead
                0x08004c78      0x1d0 ./Drivers/STM32F4xx_HAL_Driver/Src/stm32f4xx_hal_i2c.o
 .text.I2C_WaitOnFlagUntilTimeout
                0x08004e48       0xf4 ./Drivers/STM32F4xx_HAL_Driver/Src/stm32f4xx_hal_i2c.o
 .text.I2C_WaitOnMasterAddressFlagUntilTimeout
                0x08004f3c      0x140 ./Drivers/STM32F4xx_HAL_Driver/Src/stm32f4xx_hal_i2c.o
 .text.I2C_WaitOnTXEFlagUntilTimeout
                0x0800507c       0x90 ./Drivers/STM32F4xx_HAL_Driver/Src/stm32f4xx_hal_i2c.o
 .text.I2C_WaitOnBTFFlagUntilTimeout
                0x0800510c       0x90 ./Drivers/STM32F4xx_HAL_Driver/Src/stm32f4xx_hal_i2c.o
 .text.I2C_WaitOnRXNEFlagUntilTimeout
                0x0800519c       0xba ./Drivers/STM32F4xx_HAL_Driver/Src/stm32f4xx_hal_i2c.o
 .text.I2C_IsAcknowledgeFailed
                0x08005256       0x5e ./Drivers/STM32F4xx_HAL_Driver/Src/stm32f4xx_hal_i2c.o
 .text.HAL_I2CEx_ConfigAnalogFilter
                0x080052b4       0x78 ./Drivers/STM32F4xx_HAL_Driver/Src/stm32f4xx_hal_i2c_ex.o
                0x080052b4                HAL_I2CEx_ConfigAnalogFilter
 .text.HAL_I2CEx_ConfigDigitalFilter
                0x0800532c       0x7e ./Drivers/STM32F4xx_HAL_Driver/Src/stm32f4xx_hal_i2c_ex.o
                0x0800532c                HAL_I2CEx_ConfigDigitalFilter
 *fill*         0x080053aa        0x2 
 .text.HAL_LTDC_Init
                0x080053ac      0x1a0 ./Drivers/STM32F4xx_HAL_Driver/Src/stm32f4xx_hal_ltdc.o
                0x080053ac                HAL_LTDC_Init
 .text.HAL_LTDC_ConfigLayer
                0x0800554c       0x7c ./Drivers/STM32F4xx_HAL_Driver/Src/stm32f4xx_hal_ltdc.o
                0x0800554c                HAL_LTDC_ConfigLayer
 .text.LTDC_SetConfig
                0x080055c8      0x32e ./Drivers/STM32F4xx_HAL_Driver/Src/stm32f4xx_hal_ltdc.o
 *fill*         0x080058f6        0x2 
 .text.HAL_RCC_OscConfig
                0x080058f8      0x4f0 ./Drivers/STM32F4xx_HAL_Driver/Src/stm32f4xx_hal_rcc.o
                0x080058f8                HAL_RCC_OscConfig
 .text.HAL_RCC_ClockConfig
                0x08005de8      0x1cc ./Drivers/STM32F4xx_HAL_Driver/Src/stm32f4xx_hal_rcc.o
                0x08005de8                HAL_RCC_ClockConfig
 .text.HAL_RCC_GetSysClockFreq
                0x08005fb4      0x20c ./Drivers/STM32F4xx_HAL_Driver/Src/stm32f4xx_hal_rcc.o
                0x08005fb4                HAL_RCC_GetSysClockFreq
 .text.HAL_RCC_GetHCLKFreq
                0x080061c0       0x18 ./Drivers/STM32F4xx_HAL_Driver/Src/stm32f4xx_hal_rcc.o
                0x080061c0                HAL_RCC_GetHCLKFreq
 .text.HAL_RCC_GetPCLK1Freq
                0x080061d8       0x28 ./Drivers/STM32F4xx_HAL_Driver/Src/stm32f4xx_hal_rcc.o
                0x080061d8                HAL_RCC_GetPCLK1Freq
 .text.HAL_RCCEx_PeriphCLKConfig
                0x08006200      0x380 ./Drivers/STM32F4xx_HAL_Driver/Src/stm32f4xx_hal_rcc_ex.o
                0x08006200                HAL_RCCEx_PeriphCLKConfig
 .text.HAL_RNG_Init
                0x08006580       0x54 ./Drivers/STM32F4xx_HAL_Driver/Src/stm32f4xx_hal_rng.o
                0x08006580                HAL_RNG_Init
 .text.HAL_SPI_Init
                0x080065d4      0x112 ./Drivers/STM32F4xx_HAL_Driver/Src/stm32f4xx_hal_spi.o
                0x080065d4                HAL_SPI_Init
 .text.HAL_SPI_DeInit
                0x080066e6       0x50 ./Drivers/STM32F4xx_HAL_Driver/Src/stm32f4xx_hal_spi.o
                0x080066e6                HAL_SPI_DeInit
 .text.HAL_SPI_Transmit
                0x08006736      0x288 ./Drivers/STM32F4xx_HAL_Driver/Src/stm32f4xx_hal_spi.o
                0x08006736                HAL_SPI_Transmit
 .text.HAL_SPI_GetState
                0x080069be       0x1c ./Drivers/STM32F4xx_HAL_Driver/Src/stm32f4xx_hal_spi.o
                0x080069be                HAL_SPI_GetState
 *fill*         0x080069da        0x2 
 .text.SPI_WaitFlagStateUntilTimeout
                0x080069dc      0x110 ./Drivers/STM32F4xx_HAL_Driver/Src/stm32f4xx_hal_spi.o
 .text.SPI_EndRxTxTransaction
                0x08006aec       0xa8 ./Drivers/STM32F4xx_HAL_Driver/Src/stm32f4xx_hal_spi.o
 .text.HAL_TIM_Base_Init
                0x08006b94       0x9e ./Drivers/STM32F4xx_HAL_Driver/Src/stm32f4xx_hal_tim.o
                0x08006b94                HAL_TIM_Base_Init
 *fill*         0x08006c32        0x2 
 .text.HAL_TIM_Base_Start_IT
                0x08006c34       0xe0 ./Drivers/STM32F4xx_HAL_Driver/Src/stm32f4xx_hal_tim.o
                0x08006c34                HAL_TIM_Base_Start_IT
 .text.HAL_TIM_Base_Stop_IT
                0x08006d14       0x5e ./Drivers/STM32F4xx_HAL_Driver/Src/stm32f4xx_hal_tim.o
                0x08006d14                HAL_TIM_Base_Stop_IT
 .text.HAL_TIM_ConfigClockSource
                0x08006d72      0x18e ./Drivers/STM32F4xx_HAL_Driver/Src/stm32f4xx_hal_tim.o
                0x08006d72                HAL_TIM_ConfigClockSource
 .text.TIM_Base_SetConfig
                0x08006f00      0x158 ./Drivers/STM32F4xx_HAL_Driver/Src/stm32f4xx_hal_tim.o
                0x08006f00                TIM_Base_SetConfig
 .text.TIM_TI1_ConfigInputStage
                0x08007058       0x5e ./Drivers/STM32F4xx_HAL_Driver/Src/stm32f4xx_hal_tim.o
 .text.TIM_TI2_ConfigInputStage
                0x080070b6       0x60 ./Drivers/STM32F4xx_HAL_Driver/Src/stm32f4xx_hal_tim.o
 .text.TIM_ITRx_SetConfig
                0x08007116       0x36 ./Drivers/STM32F4xx_HAL_Driver/Src/stm32f4xx_hal_tim.o
 .text.TIM_ETR_SetConfig
                0x0800714c       0x40 ./Drivers/STM32F4xx_HAL_Driver/Src/stm32f4xx_hal_tim.o
                0x0800714c                TIM_ETR_SetConfig
 .text.HAL_TIMEx_MasterConfigSynchronization
                0x0800718c       0xf8 ./Drivers/STM32F4xx_HAL_Driver/Src/stm32f4xx_hal_tim_ex.o
                0x0800718c                HAL_TIMEx_MasterConfigSynchronization
 .text.sprintf  0x08007284       0x44 /Applications/STM32CubeIDE.app/Contents/Eclipse/plugins/com.st.stm32cube.ide.mcu.externaltools.gnu-tools-for-stm32.13.3.rel1.macos64_1.0.0.202411102158/tools/bin/../lib/gcc/arm-none-eabi/13.3.1/../../../../arm-none-eabi/lib/thumb/v7e-m+fp/hard/libc_nano.a(libc_a-sprintf.o)
                0x08007284                sprintf
                0x08007284                siprintf
 .text.memset   0x080072c8       0x10 /Applications/STM32CubeIDE.app/Contents/Eclipse/plugins/com.st.stm32cube.ide.mcu.externaltools.gnu-tools-for-stm32.13.3.rel1.macos64_1.0.0.202411102158/tools/bin/../lib/gcc/arm-none-eabi/13.3.1/../../../../arm-none-eabi/lib/thumb/v7e-m+fp/hard/libc_nano.a(libc_a-memset.o)
                0x080072c8                memset
 .text.__errno  0x080072d8        0xc /Applications/STM32CubeIDE.app/Contents/Eclipse/plugins/com.st.stm32cube.ide.mcu.externaltools.gnu-tools-for-stm32.13.3.rel1.macos64_1.0.0.202411102158/tools/bin/../lib/gcc/arm-none-eabi/13.3.1/../../../../arm-none-eabi/lib/thumb/v7e-m+fp/hard/libc_nano.a(libc_a-errno.o)
                0x080072d8                __errno
 .text.__libc_init_array
                0x080072e4       0x48 /Applications/STM32CubeIDE.app/Contents/Eclipse/plugins/com.st.stm32cube.ide.mcu.externaltools.gnu-tools-for-stm32.13.3.rel1.macos64_1.0.0.202411102158/tools/bin/../lib/gcc/arm-none-eabi/13.3.1/../../../../arm-none-eabi/lib/thumb/v7e-m+fp/hard/libc_nano.a(libc_a-init.o)
                0x080072e4                __libc_init_array
 .text.__retarget_lock_acquire_recursive
                0x0800732c        0x2 /Applications/STM32CubeIDE.app/Contents/Eclipse/plugins/com.st.stm32cube.ide.mcu.externaltools.gnu-tools-for-stm32.13.3.rel1.macos64_1.0.0.202411102158/tools/bin/../lib/gcc/arm-none-eabi/13.3.1/../../../../arm-none-eabi/lib/thumb/v7e-m+fp/hard/libc_nano.a(libc_a-lock.o)
                0x0800732c                __retarget_lock_acquire_recursive
 .text.__retarget_lock_release_recursive
                0x0800732e        0x2 /Applications/STM32CubeIDE.app/Contents/Eclipse/plugins/com.st.stm32cube.ide.mcu.externaltools.gnu-tools-for-stm32.13.3.rel1.macos64_1.0.0.202411102158/tools/bin/../lib/gcc/arm-none-eabi/13.3.1/../../../../arm-none-eabi/lib/thumb/v7e-m+fp/hard/libc_nano.a(libc_a-lock.o)
                0x0800732e                __retarget_lock_release_recursive
 .text.__ssputs_r
                0x08007330       0xb6 /Applications/STM32CubeIDE.app/Contents/Eclipse/plugins/com.st.stm32cube.ide.mcu.externaltools.gnu-tools-for-stm32.13.3.rel1.macos64_1.0.0.202411102158/tools/bin/../lib/gcc/arm-none-eabi/13.3.1/../../../../arm-none-eabi/lib/thumb/v7e-m+fp/hard/libc_nano.a(libc_a-nano-svfprintf.o)
                0x08007330                __ssputs_r
 *fill*         0x080073e6        0x2 
 .text._svfprintf_r
                0x080073e8      0x1f8 /Applications/STM32CubeIDE.app/Contents/Eclipse/plugins/com.st.stm32cube.ide.mcu.externaltools.gnu-tools-for-stm32.13.3.rel1.macos64_1.0.0.202411102158/tools/bin/../lib/gcc/arm-none-eabi/13.3.1/../../../../arm-none-eabi/lib/thumb/v7e-m+fp/hard/libc_nano.a(libc_a-nano-svfprintf.o)
                0x080073e8                _svfprintf_r
                0x080073e8                _svfiprintf_r
 .text.sbrk_aligned
                0x080075e0       0x44 /Applications/STM32CubeIDE.app/Contents/Eclipse/plugins/com.st.stm32cube.ide.mcu.externaltools.gnu-tools-for-stm32.13.3.rel1.macos64_1.0.0.202411102158/tools/bin/../lib/gcc/arm-none-eabi/13.3.1/../../../../arm-none-eabi/lib/thumb/v7e-m+fp/hard/libc_nano.a(libc_a-mallocr.o)
 .text._malloc_r
                0x08007624      0x100 /Applications/STM32CubeIDE.app/Contents/Eclipse/plugins/com.st.stm32cube.ide.mcu.externaltools.gnu-tools-for-stm32.13.3.rel1.macos64_1.0.0.202411102158/tools/bin/../lib/gcc/arm-none-eabi/13.3.1/../../../../arm-none-eabi/lib/thumb/v7e-m+fp/hard/libc_nano.a(libc_a-mallocr.o)
                0x08007624                _malloc_r
 .text._printf_common
                0x08007724       0xda /Applications/STM32CubeIDE.app/Contents/Eclipse/plugins/com.st.stm32cube.ide.mcu.externaltools.gnu-tools-for-stm32.13.3.rel1.macos64_1.0.0.202411102158/tools/bin/../lib/gcc/arm-none-eabi/13.3.1/../../../../arm-none-eabi/lib/thumb/v7e-m+fp/hard/libc_nano.a(libc_a-nano-vfprintf_i.o)
                0x08007724                _printf_common
 *fill*         0x080077fe        0x2 
 .text._printf_i
                0x08007800      0x23c /Applications/STM32CubeIDE.app/Contents/Eclipse/plugins/com.st.stm32cube.ide.mcu.externaltools.gnu-tools-for-stm32.13.3.rel1.macos64_1.0.0.202411102158/tools/bin/../lib/gcc/arm-none-eabi/13.3.1/../../../../arm-none-eabi/lib/thumb/v7e-m+fp/hard/libc_nano.a(libc_a-nano-vfprintf_i.o)
                0x08007800                _printf_i
 .text.__malloc_lock
                0x08007a3c        0xc /Applications/STM32CubeIDE.app/Contents/Eclipse/plugins/com.st.stm32cube.ide.mcu.externaltools.gnu-tools-for-stm32.13.3.rel1.macos64_1.0.0.202411102158/tools/bin/../lib/gcc/arm-none-eabi/13.3.1/../../../../arm-none-eabi/lib/thumb/v7e-m+fp/hard/libc_nano.a(libc_a-mlock.o)
                0x08007a3c                __malloc_lock
 .text.__malloc_unlock
                0x08007a48        0xc /Applications/STM32CubeIDE.app/Contents/Eclipse/plugins/com.st.stm32cube.ide.mcu.externaltools.gnu-tools-for-stm32.13.3.rel1.macos64_1.0.0.202411102158/tools/bin/../lib/gcc/arm-none-eabi/13.3.1/../../../../arm-none-eabi/lib/thumb/v7e-m+fp/hard/libc_nano.a(libc_a-mlock.o)
                0x08007a48                __malloc_unlock
 .text._realloc_r
                0x08007a54       0x5c /Applications/STM32CubeIDE.app/Contents/Eclipse/plugins/com.st.stm32cube.ide.mcu.externaltools.gnu-tools-for-stm32.13.3.rel1.macos64_1.0.0.202411102158/tools/bin/../lib/gcc/arm-none-eabi/13.3.1/../../../../arm-none-eabi/lib/thumb/v7e-m+fp/hard/libc_nano.a(libc_a-reallocr.o)
                0x08007a54                _realloc_r
 .text.memmove  0x08007ab0       0x34 /Applications/STM32CubeIDE.app/Contents/Eclipse/plugins/com.st.stm32cube.ide.mcu.externaltools.gnu-tools-for-stm32.13.3.rel1.macos64_1.0.0.202411102158/tools/bin/../lib/gcc/arm-none-eabi/13.3.1/../../../../arm-none-eabi/lib/thumb/v7e-m+fp/hard/libc_nano.a(libc_a-memmove.o)
                0x08007ab0                memmove
 .text._sbrk_r  0x08007ae4       0x20 /Applications/STM32CubeIDE.app/Contents/Eclipse/plugins/com.st.stm32cube.ide.mcu.externaltools.gnu-tools-for-stm32.13.3.rel1.macos64_1.0.0.202411102158/tools/bin/../lib/gcc/arm-none-eabi/13.3.1/../../../../arm-none-eabi/lib/thumb/v7e-m+fp/hard/libc_nano.a(libc_a-sbrkr.o)
                0x08007ae4                _sbrk_r
 .text.memcpy   0x08007b04       0x1c /Applications/STM32CubeIDE.app/Contents/Eclipse/plugins/com.st.stm32cube.ide.mcu.externaltools.gnu-tools-for-stm32.13.3.rel1.macos64_1.0.0.202411102158/tools/bin/../lib/gcc/arm-none-eabi/13.3.1/../../../../arm-none-eabi/lib/thumb/v7e-m+fp/hard/libc_nano.a(libc_a-memcpy-stub.o)
                0x08007b04                memcpy
 .text._free_r  0x08007b20       0x94 /Applications/STM32CubeIDE.app/Contents/Eclipse/plugins/com.st.stm32cube.ide.mcu.externaltools.gnu-tools-for-stm32.13.3.rel1.macos64_1.0.0.202411102158/tools/bin/../lib/gcc/arm-none-eabi/13.3.1/../../../../arm-none-eabi/lib/thumb/v7e-m+fp/hard/libc_nano.a(libc_a-freer.o)
                0x08007b20                _free_r
 .text._malloc_usable_size_r
                0x08007bb4       0x10 /Applications/STM32CubeIDE.app/Contents/Eclipse/plugins/com.st.stm32cube.ide.mcu.externaltools.gnu-tools-for-stm32.13.3.rel1.macos64_1.0.0.202411102158/tools/bin/../lib/gcc/arm-none-eabi/13.3.1/../../../../arm-none-eabi/lib/thumb/v7e-m+fp/hard/libc_nano.a(libc_a-msizer.o)
                0x08007bb4                _malloc_usable_size_r
 *(.glue_7)
 .glue_7        0x08007bc4        0x0 linker stubs
 *(.glue_7t)
 .glue_7t       0x08007bc4        0x0 linker stubs
 *(.eh_frame)
 .eh_frame      0x08007bc4        0x0 /Applications/STM32CubeIDE.app/Contents/Eclipse/plugins/com.st.stm32cube.ide.mcu.externaltools.gnu-tools-for-stm32.13.3.rel1.macos64_1.0.0.202411102158/tools/bin/../lib/gcc/arm-none-eabi/13.3.1/thumb/v7e-m+fp/hard/crtbegin.o
 *(.init)
 .init          0x08007bc4        0x4 /Applications/STM32CubeIDE.app/Contents/Eclipse/plugins/com.st.stm32cube.ide.mcu.externaltools.gnu-tools-for-stm32.13.3.rel1.macos64_1.0.0.202411102158/tools/bin/../lib/gcc/arm-none-eabi/13.3.1/thumb/v7e-m+fp/hard/crti.o
                0x08007bc4                _init
 .init          0x08007bc8        0x8 /Applications/STM32CubeIDE.app/Contents/Eclipse/plugins/com.st.stm32cube.ide.mcu.externaltools.gnu-tools-for-stm32.13.3.rel1.macos64_1.0.0.202411102158/tools/bin/../lib/gcc/arm-none-eabi/13.3.1/thumb/v7e-m+fp/hard/crtn.o
 *(.fini)
 .fini          0x08007bd0        0x4 /Applications/STM32CubeIDE.app/Contents/Eclipse/plugins/com.st.stm32cube.ide.mcu.externaltools.gnu-tools-for-stm32.13.3.rel1.macos64_1.0.0.202411102158/tools/bin/../lib/gcc/arm-none-eabi/13.3.1/thumb/v7e-m+fp/hard/crti.o
                0x08007bd0                _fini
 .fini          0x08007bd4        0x8 /Applications/STM32CubeIDE.app/Contents/Eclipse/plugins/com.st.stm32cube.ide.mcu.externaltools.gnu-tools-for-stm32.13.3.rel1.macos64_1.0.0.202411102158/tools/bin/../lib/gcc/arm-none-eabi/13.3.1/thumb/v7e-m+fp/hard/crtn.o
                0x08007bdc                        . = ALIGN (0x4)
                0x08007bdc                        _etext = .

.vfp11_veneer   0x08007bdc        0x0
 .vfp11_veneer  0x08007bdc        0x0 linker stubs

.v4_bx          0x08007bdc        0x0
 .v4_bx         0x08007bdc        0x0 linker stubs

.iplt           0x08007bdc        0x0
 .iplt          0x08007bdc        0x0 /Applications/STM32CubeIDE.app/Contents/Eclipse/plugins/com.st.stm32cube.ide.mcu.externaltools.gnu-tools-for-stm32.13.3.rel1.macos64_1.0.0.202411102158/tools/bin/../lib/gcc/arm-none-eabi/13.3.1/thumb/v7e-m+fp/hard/crtbegin.o

.rodata         0x08007bdc     0x1220
                0x08007bdc                        . = ALIGN (0x4)
 *(.rodata)
 .rodata        0x08007bdc        0x4 ./Core/Src/LCD_Driver.o
 *(.rodata*)
 .rodata.ASCII16x24_Table
                0x08007be0     0x11d0 ./Core/Src/fonts.o
                0x08007be0                ASCII16x24_Table
 .rodata.AHBPrescTable
                0x08008db0       0x10 ./Core/Src/system_stm32f4xx.o
                0x08008db0                AHBPrescTable
 .rodata.APBPrescTable
                0x08008dc0        0x8 ./Core/Src/system_stm32f4xx.o
                0x08008dc0                APBPrescTable
 .rodata._svfprintf_r.str1.1
                0x08008dc8       0x33 /Applications/STM32CubeIDE.app/Contents/Eclipse/plugins/com.st.stm32cube.ide.mcu.externaltools.gnu-tools-for-stm32.13.3.rel1.macos64_1.0.0.202411102158/tools/bin/../lib/gcc/arm-none-eabi/13.3.1/../../../../arm-none-eabi/lib/thumb/v7e-m+fp/hard/libc_nano.a(libc_a-nano-svfprintf.o)
                                 0x11 (size before relaxing)
 .rodata._printf_i.str1.1
                0x08008dfb       0x22 /Applications/STM32CubeIDE.app/Contents/Eclipse/plugins/com.st.stm32cube.ide.mcu.externaltools.gnu-tools-for-stm32.13.3.rel1.macos64_1.0.0.202411102158/tools/bin/../lib/gcc/arm-none-eabi/13.3.1/../../../../arm-none-eabi/lib/thumb/v7e-m+fp/hard/libc_nano.a(libc_a-nano-vfprintf_i.o)
                0x08008e20                        . = ALIGN (0x4)
 *fill*         0x08008dfb        0x1 

.ARM.extab      0x08008dfc        0x0
                0x08008dfc                        . = ALIGN (0x4)
 *(.ARM.extab* .gnu.linkonce.armextab.*)
                0x08008dfc                        . = ALIGN (0x4)

.ARM            0x08008dfc        0x8
                0x08008dfc                        . = ALIGN (0x4)
                0x08008dfc                        __exidx_start = .
 *(.ARM.exidx*)
 .ARM.exidx     0x08008dfc        0x8 /Applications/STM32CubeIDE.app/Contents/Eclipse/plugins/com.st.stm32cube.ide.mcu.externaltools.gnu-tools-for-stm32.13.3.rel1.macos64_1.0.0.202411102158/tools/bin/../lib/gcc/arm-none-eabi/13.3.1/../../../../arm-none-eabi/lib/thumb/v7e-m+fp/hard/libc_nano.a(libc_a-memchr.o)
 .ARM.exidx     0x08008e04        0x0 /Applications/STM32CubeIDE.app/Contents/Eclipse/plugins/com.st.stm32cube.ide.mcu.externaltools.gnu-tools-for-stm32.13.3.rel1.macos64_1.0.0.202411102158/tools/bin/../lib/gcc/arm-none-eabi/13.3.1/thumb/v7e-m+fp/hard/libgcc.a(_udivmoddi4.o)
                                  0x8 (size before relaxing)
                0x08008e04                        __exidx_end = .
                0x08008e04                        . = ALIGN (0x4)

.preinit_array  0x08008e04        0x0
                0x08008e04                        . = ALIGN (0x4)
                0x08008e04                        PROVIDE (__preinit_array_start = .)
 *(.preinit_array*)
                0x08008e04                        PROVIDE (__preinit_array_end = .)
                0x08008e04                        . = ALIGN (0x4)

.init_array     0x08008e04        0x4
                0x08008e04                        . = ALIGN (0x4)
                0x08008e04                        PROVIDE (__init_array_start = .)
 *(SORT_BY_NAME(.init_array.*))
 *(.init_array*)
 .init_array    0x08008e04        0x4 /Applications/STM32CubeIDE.app/Contents/Eclipse/plugins/com.st.stm32cube.ide.mcu.externaltools.gnu-tools-for-stm32.13.3.rel1.macos64_1.0.0.202411102158/tools/bin/../lib/gcc/arm-none-eabi/13.3.1/thumb/v7e-m+fp/hard/crtbegin.o
                0x08008e08                        PROVIDE (__init_array_end = .)
                0x08008e08                        . = ALIGN (0x4)

.fini_array     0x08008e08        0x4
                0x08008e08                        . = ALIGN (0x4)
                [!provide]                        PROVIDE (__fini_array_start = .)
 *(SORT_BY_NAME(.fini_array.*))
 *(.fini_array*)
 .fini_array    0x08008e08        0x4 /Applications/STM32CubeIDE.app/Contents/Eclipse/plugins/com.st.stm32cube.ide.mcu.externaltools.gnu-tools-for-stm32.13.3.rel1.macos64_1.0.0.202411102158/tools/bin/../lib/gcc/arm-none-eabi/13.3.1/thumb/v7e-m+fp/hard/crtbegin.o
                [!provide]                        PROVIDE (__fini_array_end = .)
                0x08008e0c                        . = ALIGN (0x4)
                0x08008e0c                        _sidata = LOADADDR (.data)

.rel.dyn        0x08008e0c        0x0
 .rel.iplt      0x08008e0c        0x0 /Applications/STM32CubeIDE.app/Contents/Eclipse/plugins/com.st.stm32cube.ide.mcu.externaltools.gnu-tools-for-stm32.13.3.rel1.macos64_1.0.0.202411102158/tools/bin/../lib/gcc/arm-none-eabi/13.3.1/thumb/v7e-m+fp/hard/crtbegin.o

.data           0x20000000       0x6c load address 0x08008e0c
                0x20000000                        . = ALIGN (0x4)
                0x20000000                        _sdata = .
 *(.data)
 *(.data*)
 .data.playerTurn
                0x20000000        0x1 ./Core/Src/GameLogic.o
 *fill*         0x20000001        0x1 
 .data.CurrentTextColor
                0x20000002        0x2 ./Core/Src/LCD_Driver.o
 .data.Font16x24
                0x20000004        0x8 ./Core/Src/fonts.o
                0x20000004                Font16x24
 .data.SpiTimeout
                0x2000000c        0x4 ./Core/Src/ili9341.o
                0x2000000c                SpiTimeout
 .data.SystemCoreClock
                0x20000010        0x4 ./Core/Src/system_stm32f4xx.o
                0x20000010                SystemCoreClock
 .data.uwTickPrio
                0x20000014        0x4 ./Drivers/STM32F4xx_HAL_Driver/Src/stm32f4xx_hal.o
                0x20000014                uwTickPrio
 .data.uwTickFreq
                0x20000018        0x1 ./Drivers/STM32F4xx_HAL_Driver/Src/stm32f4xx_hal.o
                0x20000018                uwTickFreq
 *fill*         0x20000019        0x3 
 .data._impure_ptr
                0x2000001c        0x4 /Applications/STM32CubeIDE.app/Contents/Eclipse/plugins/com.st.stm32cube.ide.mcu.externaltools.gnu-tools-for-stm32.13.3.rel1.macos64_1.0.0.202411102158/tools/bin/../lib/gcc/arm-none-eabi/13.3.1/../../../../arm-none-eabi/lib/thumb/v7e-m+fp/hard/libc_nano.a(libc_a-impure.o)
                0x2000001c                _impure_ptr
 .data._impure_data
                0x20000020       0x4c /Applications/STM32CubeIDE.app/Contents/Eclipse/plugins/com.st.stm32cube.ide.mcu.externaltools.gnu-tools-for-stm32.13.3.rel1.macos64_1.0.0.202411102158/tools/bin/../lib/gcc/arm-none-eabi/13.3.1/../../../../arm-none-eabi/lib/thumb/v7e-m+fp/hard/libc_nano.a(libc_a-impure.o)
                0x20000020                _impure_data
 *(.RamFunc)
 *(.RamFunc*)
                0x2000006c                        . = ALIGN (0x4)
                0x2000006c                        _edata = .
                0x08008e78                        _siccmram = LOADADDR (.ccmram)

.igot.plt       0x2000006c        0x0 load address 0x08008e78
 .igot.plt      0x2000006c        0x0 /Applications/STM32CubeIDE.app/Contents/Eclipse/plugins/com.st.stm32cube.ide.mcu.externaltools.gnu-tools-for-stm32.13.3.rel1.macos64_1.0.0.202411102158/tools/bin/../lib/gcc/arm-none-eabi/13.3.1/thumb/v7e-m+fp/hard/crtbegin.o

.ccmram         0x10000000        0x0 load address 0x08008e78
                0x10000000                        . = ALIGN (0x4)
                0x10000000                        _sccmram = .
 *(.ccmram)
 *(.ccmram*)
                0x10000000                        . = ALIGN (0x4)
                0x10000000                        _eccmram = .
                0x10000000                        . = ALIGN (0x4)

.bss            0x2000006c    0x25cfc
                0x2000006c                        _sbss = .
                0x2000006c                        __bss_start__ = _sbss
 *(.bss)
 .bss           0x2000006c       0x1c /Applications/STM32CubeIDE.app/Contents/Eclipse/plugins/com.st.stm32cube.ide.mcu.externaltools.gnu-tools-for-stm32.13.3.rel1.macos64_1.0.0.202411102158/tools/bin/../lib/gcc/arm-none-eabi/13.3.1/thumb/v7e-m+fp/hard/crtbegin.o
 *(.bss*)
 .bss.gameSelect
                0x20000088        0x1 ./Core/Src/ApplicationCode.o
 *fill*         0x20000089        0x3 
 .bss.StaticTouchData
                0x2000008c        0x8 ./Core/Src/ApplicationCode.o
 .bss.sessionGameMode
                0x20000094        0x1 ./Core/Src/GameLogic.o
 .bss.gameOver  0x20000095        0x1 ./Core/Src/GameLogic.o
 .bss.coinDropped
                0x20000096        0x1 ./Core/Src/GameLogic.o
 *fill*         0x20000097        0x1 
 .bss.StaticTouchData
                0x20000098        0x8 ./Core/Src/GameLogic.o
 .bss.gameBoard
                0x200000a0       0x2a ./Core/Src/GameLogic.o
                0x200000a0                gameBoard
 .bss.yellowWinCount
                0x200000ca        0x1 ./Core/Src/GameLogic.o
                0x200000ca                yellowWinCount
 .bss.redWinCount
                0x200000cb        0x1 ./Core/Src/GameLogic.o
                0x200000cb                redWinCount
 .bss.numSecondsElapsedInGame
                0x200000cc        0x4 ./Core/Src/GameLogic.o
                0x200000cc                numSecondsElapsedInGame
 .bss.gameCoin  0x200000d0        0x4 ./Core/Src/GameLogic.o
                0x200000d0                gameCoin
 .bss.hltdc     0x200000d4       0xa8 ./Core/Src/LCD_Driver.o
 .bss.PeriphClkInitStruct
                0x2000017c       0x30 ./Core/Src/LCD_Driver.o
 .bss.LCD_Currentfonts
                0x200001ac        0x4 ./Core/Src/LCD_Driver.o
 .bss.buffer    0x200001b0        0x8 ./Core/Src/LCD_Driver.o
 .bss.frameBuffer
                0x200001b8    0x25800 ./Core/Src/LCD_Driver.o
                0x200001b8                frameBuffer
 .bss.SpiHandle
                0x200259b8       0x58 ./Core/Src/ili9341.o
 .bss.Is_LCD_IO_Initialized
                0x20025a10        0x1 ./Core/Src/ili9341.o
 *fill*         0x20025a11        0x3 
 .bss.hi2c3     0x20025a14       0x54 ./Core/Src/main.o
                0x20025a14                hi2c3
 .bss.hltdc     0x20025a68       0xa8 ./Core/Src/main.o
                0x20025a68                hltdc
 .bss.hrng      0x20025b10       0x10 ./Core/Src/main.o
                0x20025b10                hrng
 .bss.hspi5     0x20025b20       0x58 ./Core/Src/main.o
                0x20025b20                hspi5
 .bss.htim2     0x20025b78       0x48 ./Core/Src/main.o
                0x20025b78                htim2
 .bss.hI2C3     0x20025bc0       0x54 ./Core/Src/stmpe811.o
 .bss.HAL_status
                0x20025c14        0x1 ./Core/Src/stmpe811.o
 *fill*         0x20025c15        0x3 
 .bss.__sbrk_heap_end
                0x20025c18        0x4 ./Core/Src/sysmem.o
 .bss.uwTick    0x20025c1c        0x4 ./Drivers/STM32F4xx_HAL_Driver/Src/stm32f4xx_hal.o
                0x20025c1c                uwTick
 .bss.__sf      0x20025c20      0x138 /Applications/STM32CubeIDE.app/Contents/Eclipse/plugins/com.st.stm32cube.ide.mcu.externaltools.gnu-tools-for-stm32.13.3.rel1.macos64_1.0.0.202411102158/tools/bin/../lib/gcc/arm-none-eabi/13.3.1/../../../../arm-none-eabi/lib/thumb/v7e-m+fp/hard/libc_nano.a(libc_a-findfp.o)
                0x20025c20                __sf
 .bss.__lock___malloc_recursive_mutex
                0x20025d58        0x1 /Applications/STM32CubeIDE.app/Contents/Eclipse/plugins/com.st.stm32cube.ide.mcu.externaltools.gnu-tools-for-stm32.13.3.rel1.macos64_1.0.0.202411102158/tools/bin/../lib/gcc/arm-none-eabi/13.3.1/../../../../arm-none-eabi/lib/thumb/v7e-m+fp/hard/libc_nano.a(libc_a-lock.o)
                0x20025d58                __lock___malloc_recursive_mutex
 *fill*         0x20025d59        0x3 
 .bss.__malloc_sbrk_start
                0x20025d5c        0x4 /Applications/STM32CubeIDE.app/Contents/Eclipse/plugins/com.st.stm32cube.ide.mcu.externaltools.gnu-tools-for-stm32.13.3.rel1.macos64_1.0.0.202411102158/tools/bin/../lib/gcc/arm-none-eabi/13.3.1/../../../../arm-none-eabi/lib/thumb/v7e-m+fp/hard/libc_nano.a(libc_a-mallocr.o)
                0x20025d5c                __malloc_sbrk_start
 .bss.__malloc_free_list
                0x20025d60        0x4 /Applications/STM32CubeIDE.app/Contents/Eclipse/plugins/com.st.stm32cube.ide.mcu.externaltools.gnu-tools-for-stm32.13.3.rel1.macos64_1.0.0.202411102158/tools/bin/../lib/gcc/arm-none-eabi/13.3.1/../../../../arm-none-eabi/lib/thumb/v7e-m+fp/hard/libc_nano.a(libc_a-mallocr.o)
                0x20025d60                __malloc_free_list
 .bss.errno     0x20025d64        0x4 /Applications/STM32CubeIDE.app/Contents/Eclipse/plugins/com.st.stm32cube.ide.mcu.externaltools.gnu-tools-for-stm32.13.3.rel1.macos64_1.0.0.202411102158/tools/bin/../lib/gcc/arm-none-eabi/13.3.1/../../../../arm-none-eabi/lib/thumb/v7e-m+fp/hard/libc_nano.a(libc_a-reent.o)
                0x20025d64                errno
 *(COMMON)
                0x20025d68                        . = ALIGN (0x4)
                0x20025d68                        _ebss = .
                0x20025d68                        __bss_end__ = _ebss

._user_heap_stack
                0x20025d68      0x600
                0x20025d68                        . = ALIGN (0x8)
                [!provide]                        PROVIDE (end = .)
                0x20025d68                        PROVIDE (_end = .)
                0x20025f68                        . = (. + _Min_Heap_Size)
 *fill*         0x20025d68      0x200 
                0x20026368                        . = (. + _Min_Stack_Size)
 *fill*         0x20025f68      0x400 
                0x20026368                        . = ALIGN (0x8)

/DISCARD/
 libc.a(*)
 libm.a(*)
 libgcc.a(*)

.ARM.attributes
                0x00000000       0x30
 *(.ARM.attributes)
 .ARM.attributes
                0x00000000       0x22 /Applications/STM32CubeIDE.app/Contents/Eclipse/plugins/com.st.stm32cube.ide.mcu.externaltools.gnu-tools-for-stm32.13.3.rel1.macos64_1.0.0.202411102158/tools/bin/../lib/gcc/arm-none-eabi/13.3.1/thumb/v7e-m+fp/hard/crti.o
 .ARM.attributes
                0x00000022       0x34 /Applications/STM32CubeIDE.app/Contents/Eclipse/plugins/com.st.stm32cube.ide.mcu.externaltools.gnu-tools-for-stm32.13.3.rel1.macos64_1.0.0.202411102158/tools/bin/../lib/gcc/arm-none-eabi/13.3.1/thumb/v7e-m+fp/hard/crtbegin.o
 .ARM.attributes
                0x00000056       0x34 ./Core/Src/ApplicationCode.o
 .ARM.attributes
                0x0000008a       0x34 ./Core/Src/Button_Driver.o
 .ARM.attributes
                0x000000be       0x34 ./Core/Src/GameLogic.o
 .ARM.attributes
                0x000000f2       0x34 ./Core/Src/InterruptControl.o
 .ARM.attributes
                0x00000126       0x34 ./Core/Src/LCD_Driver.o
 .ARM.attributes
                0x0000015a       0x34 ./Core/Src/fonts.o
 .ARM.attributes
                0x0000018e       0x34 ./Core/Src/ili9341.o
 .ARM.attributes
                0x000001c2       0x34 ./Core/Src/main.o
 .ARM.attributes
                0x000001f6       0x34 ./Core/Src/stm32f4xx_hal_msp.o
 .ARM.attributes
                0x0000022a       0x34 ./Core/Src/stm32f4xx_it.o
 .ARM.attributes
                0x0000025e       0x34 ./Core/Src/stmpe811.o
 .ARM.attributes
                0x00000292       0x34 ./Core/Src/syscalls.o
 .ARM.attributes
                0x000002c6       0x34 ./Core/Src/sysmem.o
 .ARM.attributes
                0x000002fa       0x34 ./Core/Src/system_stm32f4xx.o
 .ARM.attributes
                0x0000032e       0x21 ./Core/Startup/startup_stm32f429zitx.o
 .ARM.attributes
                0x0000034f       0x34 ./Drivers/STM32F4xx_HAL_Driver/Src/stm32f4xx_hal.o
 .ARM.attributes
                0x00000383       0x34 ./Drivers/STM32F4xx_HAL_Driver/Src/stm32f4xx_hal_cortex.o
 .ARM.attributes
                0x000003b7       0x34 ./Drivers/STM32F4xx_HAL_Driver/Src/stm32f4xx_hal_gpio.o
 .ARM.attributes
                0x000003eb       0x34 ./Drivers/STM32F4xx_HAL_Driver/Src/stm32f4xx_hal_i2c.o
 .ARM.attributes
                0x0000041f       0x34 ./Drivers/STM32F4xx_HAL_Driver/Src/stm32f4xx_hal_i2c_ex.o
 .ARM.attributes
                0x00000453       0x34 ./Drivers/STM32F4xx_HAL_Driver/Src/stm32f4xx_hal_ltdc.o
 .ARM.attributes
                0x00000487       0x34 ./Drivers/STM32F4xx_HAL_Driver/Src/stm32f4xx_hal_rcc.o
 .ARM.attributes
                0x000004bb       0x34 ./Drivers/STM32F4xx_HAL_Driver/Src/stm32f4xx_hal_rcc_ex.o
 .ARM.attributes
                0x000004ef       0x34 ./Drivers/STM32F4xx_HAL_Driver/Src/stm32f4xx_hal_rng.o
 .ARM.attributes
                0x00000523       0x34 ./Drivers/STM32F4xx_HAL_Driver/Src/stm32f4xx_hal_spi.o
 .ARM.attributes
                0x00000557       0x34 ./Drivers/STM32F4xx_HAL_Driver/Src/stm32f4xx_hal_tim.o
 .ARM.attributes
                0x0000058b       0x34 ./Drivers/STM32F4xx_HAL_Driver/Src/stm32f4xx_hal_tim_ex.o
 .ARM.attributes
                0x000005bf       0x34 /Applications/STM32CubeIDE.app/Contents/Eclipse/plugins/com.st.stm32cube.ide.mcu.externaltools.gnu-tools-for-stm32.13.3.rel1.macos64_1.0.0.202411102158/tools/bin/../lib/gcc/arm-none-eabi/13.3.1/../../../../arm-none-eabi/lib/thumb/v7e-m+fp/hard/libc_nano.a(libc_a-sprintf.o)
 .ARM.attributes
                0x000005f3       0x34 /Applications/STM32CubeIDE.app/Contents/Eclipse/plugins/com.st.stm32cube.ide.mcu.externaltools.gnu-tools-for-stm32.13.3.rel1.macos64_1.0.0.202411102158/tools/bin/../lib/gcc/arm-none-eabi/13.3.1/../../../../arm-none-eabi/lib/thumb/v7e-m+fp/hard/libc_nano.a(libc_a-findfp.o)
 .ARM.attributes
                0x00000627       0x34 /Applications/STM32CubeIDE.app/Contents/Eclipse/plugins/com.st.stm32cube.ide.mcu.externaltools.gnu-tools-for-stm32.13.3.rel1.macos64_1.0.0.202411102158/tools/bin/../lib/gcc/arm-none-eabi/13.3.1/../../../../arm-none-eabi/lib/thumb/v7e-m+fp/hard/libc_nano.a(libc_a-memset.o)
 .ARM.attributes
                0x0000065b       0x34 /Applications/STM32CubeIDE.app/Contents/Eclipse/plugins/com.st.stm32cube.ide.mcu.externaltools.gnu-tools-for-stm32.13.3.rel1.macos64_1.0.0.202411102158/tools/bin/../lib/gcc/arm-none-eabi/13.3.1/../../../../arm-none-eabi/lib/thumb/v7e-m+fp/hard/libc_nano.a(libc_a-errno.o)
 .ARM.attributes
                0x0000068f       0x34 /Applications/STM32CubeIDE.app/Contents/Eclipse/plugins/com.st.stm32cube.ide.mcu.externaltools.gnu-tools-for-stm32.13.3.rel1.macos64_1.0.0.202411102158/tools/bin/../lib/gcc/arm-none-eabi/13.3.1/../../../../arm-none-eabi/lib/thumb/v7e-m+fp/hard/libc_nano.a(libc_a-init.o)
 .ARM.attributes
                0x000006c3       0x34 /Applications/STM32CubeIDE.app/Contents/Eclipse/plugins/com.st.stm32cube.ide.mcu.externaltools.gnu-tools-for-stm32.13.3.rel1.macos64_1.0.0.202411102158/tools/bin/../lib/gcc/arm-none-eabi/13.3.1/../../../../arm-none-eabi/lib/thumb/v7e-m+fp/hard/libc_nano.a(libc_a-lock.o)
 .ARM.attributes
                0x000006f7       0x34 /Applications/STM32CubeIDE.app/Contents/Eclipse/plugins/com.st.stm32cube.ide.mcu.externaltools.gnu-tools-for-stm32.13.3.rel1.macos64_1.0.0.202411102158/tools/bin/../lib/gcc/arm-none-eabi/13.3.1/../../../../arm-none-eabi/lib/thumb/v7e-m+fp/hard/libc_nano.a(libc_a-impure.o)
 .ARM.attributes
                0x0000072b       0x34 /Applications/STM32CubeIDE.app/Contents/Eclipse/plugins/com.st.stm32cube.ide.mcu.externaltools.gnu-tools-for-stm32.13.3.rel1.macos64_1.0.0.202411102158/tools/bin/../lib/gcc/arm-none-eabi/13.3.1/../../../../arm-none-eabi/lib/thumb/v7e-m+fp/hard/libc_nano.a(libc_a-nano-svfprintf.o)
 .ARM.attributes
                0x0000075f       0x34 /Applications/STM32CubeIDE.app/Contents/Eclipse/plugins/com.st.stm32cube.ide.mcu.externaltools.gnu-tools-for-stm32.13.3.rel1.macos64_1.0.0.202411102158/tools/bin/../lib/gcc/arm-none-eabi/13.3.1/../../../../arm-none-eabi/lib/thumb/v7e-m+fp/hard/libc_nano.a(libc_a-mallocr.o)
 .ARM.attributes
                0x00000793       0x34 /Applications/STM32CubeIDE.app/Contents/Eclipse/plugins/com.st.stm32cube.ide.mcu.externaltools.gnu-tools-for-stm32.13.3.rel1.macos64_1.0.0.202411102158/tools/bin/../lib/gcc/arm-none-eabi/13.3.1/../../../../arm-none-eabi/lib/thumb/v7e-m+fp/hard/libc_nano.a(libc_a-nano-vfprintf_i.o)
 .ARM.attributes
                0x000007c7       0x34 /Applications/STM32CubeIDE.app/Contents/Eclipse/plugins/com.st.stm32cube.ide.mcu.externaltools.gnu-tools-for-stm32.13.3.rel1.macos64_1.0.0.202411102158/tools/bin/../lib/gcc/arm-none-eabi/13.3.1/../../../../arm-none-eabi/lib/thumb/v7e-m+fp/hard/libc_nano.a(libc_a-mlock.o)
 .ARM.attributes
                0x000007fb       0x34 /Applications/STM32CubeIDE.app/Contents/Eclipse/plugins/com.st.stm32cube.ide.mcu.externaltools.gnu-tools-for-stm32.13.3.rel1.macos64_1.0.0.202411102158/tools/bin/../lib/gcc/arm-none-eabi/13.3.1/../../../../arm-none-eabi/lib/thumb/v7e-m+fp/hard/libc_nano.a(libc_a-reallocr.o)
 .ARM.attributes
                0x0000082f       0x34 /Applications/STM32CubeIDE.app/Contents/Eclipse/plugins/com.st.stm32cube.ide.mcu.externaltools.gnu-tools-for-stm32.13.3.rel1.macos64_1.0.0.202411102158/tools/bin/../lib/gcc/arm-none-eabi/13.3.1/../../../../arm-none-eabi/lib/thumb/v7e-m+fp/hard/libc_nano.a(libc_a-memmove.o)
 .ARM.attributes
                0x00000863       0x34 /Applications/STM32CubeIDE.app/Contents/Eclipse/plugins/com.st.stm32cube.ide.mcu.externaltools.gnu-tools-for-stm32.13.3.rel1.macos64_1.0.0.202411102158/tools/bin/../lib/gcc/arm-none-eabi/13.3.1/../../../../arm-none-eabi/lib/thumb/v7e-m+fp/hard/libc_nano.a(libc_a-sbrkr.o)
 .ARM.attributes
                0x00000897       0x34 /Applications/STM32CubeIDE.app/Contents/Eclipse/plugins/com.st.stm32cube.ide.mcu.externaltools.gnu-tools-for-stm32.13.3.rel1.macos64_1.0.0.202411102158/tools/bin/../lib/gcc/arm-none-eabi/13.3.1/../../../../arm-none-eabi/lib/thumb/v7e-m+fp/hard/libc_nano.a(libc_a-reent.o)
 .ARM.attributes
                0x000008cb       0x1c /Applications/STM32CubeIDE.app/Contents/Eclipse/plugins/com.st.stm32cube.ide.mcu.externaltools.gnu-tools-for-stm32.13.3.rel1.macos64_1.0.0.202411102158/tools/bin/../lib/gcc/arm-none-eabi/13.3.1/../../../../arm-none-eabi/lib/thumb/v7e-m+fp/hard/libc_nano.a(libc_a-memchr.o)
 .ARM.attributes
                0x000008e7       0x34 /Applications/STM32CubeIDE.app/Contents/Eclipse/plugins/com.st.stm32cube.ide.mcu.externaltools.gnu-tools-for-stm32.13.3.rel1.macos64_1.0.0.202411102158/tools/bin/../lib/gcc/arm-none-eabi/13.3.1/../../../../arm-none-eabi/lib/thumb/v7e-m+fp/hard/libc_nano.a(libc_a-memcpy-stub.o)
 .ARM.attributes
                0x0000091b       0x34 /Applications/STM32CubeIDE.app/Contents/Eclipse/plugins/com.st.stm32cube.ide.mcu.externaltools.gnu-tools-for-stm32.13.3.rel1.macos64_1.0.0.202411102158/tools/bin/../lib/gcc/arm-none-eabi/13.3.1/../../../../arm-none-eabi/lib/thumb/v7e-m+fp/hard/libc_nano.a(libc_a-freer.o)
 .ARM.attributes
                0x0000094f       0x34 /Applications/STM32CubeIDE.app/Contents/Eclipse/plugins/com.st.stm32cube.ide.mcu.externaltools.gnu-tools-for-stm32.13.3.rel1.macos64_1.0.0.202411102158/tools/bin/../lib/gcc/arm-none-eabi/13.3.1/../../../../arm-none-eabi/lib/thumb/v7e-m+fp/hard/libc_nano.a(libc_a-msizer.o)
 .ARM.attributes
                0x00000983       0x22 /Applications/STM32CubeIDE.app/Contents/Eclipse/plugins/com.st.stm32cube.ide.mcu.externaltools.gnu-tools-for-stm32.13.3.rel1.macos64_1.0.0.202411102158/tools/bin/../lib/gcc/arm-none-eabi/13.3.1/thumb/v7e-m+fp/hard/libgcc.a(_aeabi_uldivmod.o)
 .ARM.attributes
                0x000009a5       0x34 /Applications/STM32CubeIDE.app/Contents/Eclipse/plugins/com.st.stm32cube.ide.mcu.externaltools.gnu-tools-for-stm32.13.3.rel1.macos64_1.0.0.202411102158/tools/bin/../lib/gcc/arm-none-eabi/13.3.1/thumb/v7e-m+fp/hard/libgcc.a(_udivmoddi4.o)
 .ARM.attributes
                0x000009d9       0x22 /Applications/STM32CubeIDE.app/Contents/Eclipse/plugins/com.st.stm32cube.ide.mcu.externaltools.gnu-tools-for-stm32.13.3.rel1.macos64_1.0.0.202411102158/tools/bin/../lib/gcc/arm-none-eabi/13.3.1/thumb/v7e-m+fp/hard/libgcc.a(_dvmd_tls.o)
 .ARM.attributes
                0x000009fb       0x22 /Applications/STM32CubeIDE.app/Contents/Eclipse/plugins/com.st.stm32cube.ide.mcu.externaltools.gnu-tools-for-stm32.13.3.rel1.macos64_1.0.0.202411102158/tools/bin/../lib/gcc/arm-none-eabi/13.3.1/thumb/v7e-m+fp/hard/crtn.o
OUTPUT(ECEN2370_Final_Project.elf elf32-littlearm)
LOAD linker stubs
LOAD /Applications/STM32CubeIDE.app/Contents/Eclipse/plugins/com.st.stm32cube.ide.mcu.externaltools.gnu-tools-for-stm32.13.3.rel1.macos64_1.0.0.202411102158/tools/bin/../lib/gcc/arm-none-eabi/13.3.1/../../../../arm-none-eabi/lib/thumb/v7e-m+fp/hard/libc.a
LOAD /Applications/STM32CubeIDE.app/Contents/Eclipse/plugins/com.st.stm32cube.ide.mcu.externaltools.gnu-tools-for-stm32.13.3.rel1.macos64_1.0.0.202411102158/tools/bin/../lib/gcc/arm-none-eabi/13.3.1/../../../../arm-none-eabi/lib/thumb/v7e-m+fp/hard/libm.a
LOAD /Applications/STM32CubeIDE.app/Contents/Eclipse/plugins/com.st.stm32cube.ide.mcu.externaltools.gnu-tools-for-stm32.13.3.rel1.macos64_1.0.0.202411102158/tools/bin/../lib/gcc/arm-none-eabi/13.3.1/thumb/v7e-m+fp/hard/libgcc.a

.debug_info     0x00000000    0x154c9
 .debug_info    0x00000000      0x887 ./Core/Src/ApplicationCode.o
 .debug_info    0x00000887      0x418 ./Core/Src/Button_Driver.o
 .debug_info    0x00000c9f     0x126d ./Core/Src/GameLogic.o
 .debug_info    0x00001f0c      0x3f9 ./Core/Src/InterruptControl.o
 .debug_info    0x00002305     0x12a0 ./Core/Src/LCD_Driver.o
 .debug_info    0x000035a5      0x145 ./Core/Src/fonts.o
 .debug_info    0x000036ea      0xc85 ./Core/Src/ili9341.o
 .debug_info    0x0000436f     0x1d04 ./Core/Src/main.o
 .debug_info    0x00006073     0x17b6 ./Core/Src/stm32f4xx_hal_msp.o
 .debug_info    0x00007829      0x112 ./Core/Src/stm32f4xx_it.o
 .debug_info    0x0000793b      0xdd6 ./Core/Src/stmpe811.o
 .debug_info    0x00008711      0x6a3 ./Core/Src/syscalls.o
 .debug_info    0x00008db4      0x168 ./Core/Src/sysmem.o
 .debug_info    0x00008f1c      0x52e ./Core/Src/system_stm32f4xx.o
 .debug_info    0x0000944a       0x30 ./Core/Startup/startup_stm32f429zitx.o
 .debug_info    0x0000947a      0x9ba ./Drivers/STM32F4xx_HAL_Driver/Src/stm32f4xx_hal.o
 .debug_info    0x00009e34      0xdc2 ./Drivers/STM32F4xx_HAL_Driver/Src/stm32f4xx_hal_cortex.o
 .debug_info    0x0000abf6      0x6db ./Drivers/STM32F4xx_HAL_Driver/Src/stm32f4xx_hal_gpio.o
 .debug_info    0x0000b2d1     0x2421 ./Drivers/STM32F4xx_HAL_Driver/Src/stm32f4xx_hal_i2c.o
 .debug_info    0x0000d6f2      0x672 ./Drivers/STM32F4xx_HAL_Driver/Src/stm32f4xx_hal_i2c_ex.o
 .debug_info    0x0000dd64     0x1022 ./Drivers/STM32F4xx_HAL_Driver/Src/stm32f4xx_hal_ltdc.o
 .debug_info    0x0000ed86      0x8c7 ./Drivers/STM32F4xx_HAL_Driver/Src/stm32f4xx_hal_rcc.o
 .debug_info    0x0000f64d      0x64c ./Drivers/STM32F4xx_HAL_Driver/Src/stm32f4xx_hal_rcc_ex.o
 .debug_info    0x0000fc99      0x493 ./Drivers/STM32F4xx_HAL_Driver/Src/stm32f4xx_hal_rng.o
 .debug_info    0x0001012c     0x1525 ./Drivers/STM32F4xx_HAL_Driver/Src/stm32f4xx_hal_spi.o
 .debug_info    0x00011651     0x299d ./Drivers/STM32F4xx_HAL_Driver/Src/stm32f4xx_hal_tim.o
 .debug_info    0x00013fee     0x14db ./Drivers/STM32F4xx_HAL_Driver/Src/stm32f4xx_hal_tim_ex.o

.debug_abbrev   0x00000000     0x369a
 .debug_abbrev  0x00000000      0x26a ./Core/Src/ApplicationCode.o
 .debug_abbrev  0x0000026a      0x17f ./Core/Src/Button_Driver.o
 .debug_abbrev  0x000003e9      0x362 ./Core/Src/GameLogic.o
 .debug_abbrev  0x0000074b      0x133 ./Core/Src/InterruptControl.o
 .debug_abbrev  0x0000087e      0x32e ./Core/Src/LCD_Driver.o
 .debug_abbrev  0x00000bac       0xc6 ./Core/Src/fonts.o
 .debug_abbrev  0x00000c72      0x2c9 ./Core/Src/ili9341.o
 .debug_abbrev  0x00000f3b      0x33b ./Core/Src/main.o
 .debug_abbrev  0x00001276      0x25c ./Core/Src/stm32f4xx_hal_msp.o
 .debug_abbrev  0x000014d2       0x73 ./Core/Src/stm32f4xx_it.o
 .debug_abbrev  0x00001545      0x2c9 ./Core/Src/stmpe811.o
 .debug_abbrev  0x0000180e      0x1b6 ./Core/Src/syscalls.o
 .debug_abbrev  0x000019c4       0xbc ./Core/Src/sysmem.o
 .debug_abbrev  0x00001a80      0x11a ./Core/Src/system_stm32f4xx.o
 .debug_abbrev  0x00001b9a       0x24 ./Core/Startup/startup_stm32f429zitx.o
 .debug_abbrev  0x00001bbe      0x214 ./Drivers/STM32F4xx_HAL_Driver/Src/stm32f4xx_hal.o
 .debug_abbrev  0x00001dd2      0x31d ./Drivers/STM32F4xx_HAL_Driver/Src/stm32f4xx_hal_cortex.o
 .debug_abbrev  0x000020ef      0x1d4 ./Drivers/STM32F4xx_HAL_Driver/Src/stm32f4xx_hal_gpio.o
 .debug_abbrev  0x000022c3      0x2ad ./Drivers/STM32F4xx_HAL_Driver/Src/stm32f4xx_hal_i2c.o
 .debug_abbrev  0x00002570      0x157 ./Drivers/STM32F4xx_HAL_Driver/Src/stm32f4xx_hal_i2c_ex.o
 .debug_abbrev  0x000026c7      0x233 ./Drivers/STM32F4xx_HAL_Driver/Src/stm32f4xx_hal_ltdc.o
 .debug_abbrev  0x000028fa      0x2b7 ./Drivers/STM32F4xx_HAL_Driver/Src/stm32f4xx_hal_rcc.o
 .debug_abbrev  0x00002bb1      0x1b0 ./Drivers/STM32F4xx_HAL_Driver/Src/stm32f4xx_hal_rcc_ex.o
 .debug_abbrev  0x00002d61      0x1c4 ./Drivers/STM32F4xx_HAL_Driver/Src/stm32f4xx_hal_rng.o
 .debug_abbrev  0x00002f25      0x27a ./Drivers/STM32F4xx_HAL_Driver/Src/stm32f4xx_hal_spi.o
 .debug_abbrev  0x0000319f      0x278 ./Drivers/STM32F4xx_HAL_Driver/Src/stm32f4xx_hal_tim.o
 .debug_abbrev  0x00003417      0x283 ./Drivers/STM32F4xx_HAL_Driver/Src/stm32f4xx_hal_tim_ex.o

.debug_aranges  0x00000000     0x1530
 .debug_aranges
                0x00000000       0x88 ./Core/Src/ApplicationCode.o
 .debug_aranges
                0x00000088       0x28 ./Core/Src/Button_Driver.o
 .debug_aranges
                0x000000b0       0xa0 ./Core/Src/GameLogic.o
 .debug_aranges
                0x00000150       0x40 ./Core/Src/InterruptControl.o
 .debug_aranges
                0x00000190       0xf8 ./Core/Src/LCD_Driver.o
 .debug_aranges
                0x00000288       0x18 ./Core/Src/fonts.o
 .debug_aranges
                0x000002a0       0x98 ./Core/Src/ili9341.o
 .debug_aranges
                0x00000338       0x68 ./Core/Src/main.o
 .debug_aranges
                0x000003a0       0x70 ./Core/Src/stm32f4xx_hal_msp.o
 .debug_aranges
                0x00000410       0x60 ./Core/Src/stm32f4xx_it.o
 .debug_aranges
                0x00000470       0x88 ./Core/Src/stmpe811.o
 .debug_aranges
                0x000004f8       0xa8 ./Core/Src/syscalls.o
 .debug_aranges
                0x000005a0       0x20 ./Core/Src/sysmem.o
 .debug_aranges
                0x000005c0       0x28 ./Core/Src/system_stm32f4xx.o
 .debug_aranges
                0x000005e8       0x28 ./Core/Startup/startup_stm32f429zitx.o
 .debug_aranges
                0x00000610      0x100 ./Drivers/STM32F4xx_HAL_Driver/Src/stm32f4xx_hal.o
 .debug_aranges
                0x00000710      0x130 ./Drivers/STM32F4xx_HAL_Driver/Src/stm32f4xx_hal_cortex.o
 .debug_aranges
                0x00000840       0x58 ./Drivers/STM32F4xx_HAL_Driver/Src/stm32f4xx_hal_gpio.o
 .debug_aranges
                0x00000898      0x2a8 ./Drivers/STM32F4xx_HAL_Driver/Src/stm32f4xx_hal_i2c.o
 .debug_aranges
                0x00000b40       0x28 ./Drivers/STM32F4xx_HAL_Driver/Src/stm32f4xx_hal_i2c_ex.o
 .debug_aranges
                0x00000b68      0x158 ./Drivers/STM32F4xx_HAL_Driver/Src/stm32f4xx_hal_ltdc.o
 .debug_aranges
                0x00000cc0       0x88 ./Drivers/STM32F4xx_HAL_Driver/Src/stm32f4xx_hal_rcc.o
 .debug_aranges
                0x00000d48       0x58 ./Drivers/STM32F4xx_HAL_Driver/Src/stm32f4xx_hal_rcc_ex.o
 .debug_aranges
                0x00000da0       0x88 ./Drivers/STM32F4xx_HAL_Driver/Src/stm32f4xx_hal_rng.o
 .debug_aranges
                0x00000e28      0x1d0 ./Drivers/STM32F4xx_HAL_Driver/Src/stm32f4xx_hal_spi.o
 .debug_aranges
                0x00000ff8      0x3d0 ./Drivers/STM32F4xx_HAL_Driver/Src/stm32f4xx_hal_tim.o
 .debug_aranges
                0x000013c8      0x168 ./Drivers/STM32F4xx_HAL_Driver/Src/stm32f4xx_hal_tim_ex.o

.debug_rnglists
                0x00000000     0x1053
 .debug_rnglists
                0x00000000       0x62 ./Core/Src/ApplicationCode.o
 .debug_rnglists
                0x00000062       0x19 ./Core/Src/Button_Driver.o
 .debug_rnglists
                0x0000007b       0x85 ./Core/Src/GameLogic.o
 .debug_rnglists
                0x00000100       0x2b ./Core/Src/InterruptControl.o
 .debug_rnglists
                0x0000012b       0xbc ./Core/Src/LCD_Driver.o
 .debug_rnglists
                0x000001e7       0x6f ./Core/Src/ili9341.o
 .debug_rnglists
                0x00000256       0x4e ./Core/Src/main.o
 .debug_rnglists
                0x000002a4       0x53 ./Core/Src/stm32f4xx_hal_msp.o
 .debug_rnglists
                0x000002f7       0x43 ./Core/Src/stm32f4xx_it.o
 .debug_rnglists
                0x0000033a       0x67 ./Core/Src/stmpe811.o
 .debug_rnglists
                0x000003a1       0x79 ./Core/Src/syscalls.o
 .debug_rnglists
                0x0000041a       0x13 ./Core/Src/sysmem.o
 .debug_rnglists
                0x0000042d       0x1a ./Core/Src/system_stm32f4xx.o
 .debug_rnglists
                0x00000447       0x19 ./Core/Startup/startup_stm32f429zitx.o
 .debug_rnglists
                0x00000460       0xbb ./Drivers/STM32F4xx_HAL_Driver/Src/stm32f4xx_hal.o
 .debug_rnglists
                0x0000051b       0xe0 ./Drivers/STM32F4xx_HAL_Driver/Src/stm32f4xx_hal_cortex.o
 .debug_rnglists
                0x000005fb       0x3f ./Drivers/STM32F4xx_HAL_Driver/Src/stm32f4xx_hal_gpio.o
 .debug_rnglists
                0x0000063a      0x23c ./Drivers/STM32F4xx_HAL_Driver/Src/stm32f4xx_hal_i2c.o
 .debug_rnglists
                0x00000876       0x19 ./Drivers/STM32F4xx_HAL_Driver/Src/stm32f4xx_hal_i2c_ex.o
 .debug_rnglists
                0x0000088f      0x10a ./Drivers/STM32F4xx_HAL_Driver/Src/stm32f4xx_hal_ltdc.o
 .debug_rnglists
                0x00000999       0x66 ./Drivers/STM32F4xx_HAL_Driver/Src/stm32f4xx_hal_rcc.o
 .debug_rnglists
                0x000009ff       0x43 ./Drivers/STM32F4xx_HAL_Driver/Src/stm32f4xx_hal_rcc_ex.o
 .debug_rnglists
                0x00000a42       0x63 ./Drivers/STM32F4xx_HAL_Driver/Src/stm32f4xx_hal_rng.o
 .debug_rnglists
                0x00000aa5      0x16f ./Drivers/STM32F4xx_HAL_Driver/Src/stm32f4xx_hal_spi.o
 .debug_rnglists
                0x00000c14      0x31a ./Drivers/STM32F4xx_HAL_Driver/Src/stm32f4xx_hal_tim.o
 .debug_rnglists
                0x00000f2e      0x125 ./Drivers/STM32F4xx_HAL_Driver/Src/stm32f4xx_hal_tim_ex.o

.debug_macro    0x00000000    0x27772
 .debug_macro   0x00000000      0x37c ./Core/Src/ApplicationCode.o
 .debug_macro   0x0000037c      0xad8 ./Core/Src/ApplicationCode.o
 .debug_macro   0x00000e54      0x2ad ./Core/Src/ApplicationCode.o
 .debug_macro   0x00001101       0x2e ./Core/Src/ApplicationCode.o
 .debug_macro   0x0000112f       0x28 ./Core/Src/ApplicationCode.o
 .debug_macro   0x00001157       0x22 ./Core/Src/ApplicationCode.o
 .debug_macro   0x00001179       0x8e ./Core/Src/ApplicationCode.o
 .debug_macro   0x00001207       0x51 ./Core/Src/ApplicationCode.o
 .debug_macro   0x00001258      0x103 ./Core/Src/ApplicationCode.o
 .debug_macro   0x0000135b       0x6a ./Core/Src/ApplicationCode.o
 .debug_macro   0x000013c5      0x1df ./Core/Src/ApplicationCode.o
 .debug_macro   0x000015a4       0x1c ./Core/Src/ApplicationCode.o
 .debug_macro   0x000015c0       0x22 ./Core/Src/ApplicationCode.o
 .debug_macro   0x000015e2       0xfb ./Core/Src/ApplicationCode.o
 .debug_macro   0x000016dd     0x1011 ./Core/Src/ApplicationCode.o
 .debug_macro   0x000026ee      0x11f ./Core/Src/ApplicationCode.o
 .debug_macro   0x0000280d    0x17fd8 ./Core/Src/ApplicationCode.o
 .debug_macro   0x0001a7e5       0x6d ./Core/Src/ApplicationCode.o
 .debug_macro   0x0001a852     0x3711 ./Core/Src/ApplicationCode.o
 .debug_macro   0x0001df63      0x190 ./Core/Src/ApplicationCode.o
 .debug_macro   0x0001e0f3       0x5c ./Core/Src/ApplicationCode.o
 .debug_macro   0x0001e14f      0xcba ./Core/Src/ApplicationCode.o
 .debug_macro   0x0001ee09      0x9e9 ./Core/Src/ApplicationCode.o
 .debug_macro   0x0001f7f2      0x115 ./Core/Src/ApplicationCode.o
 .debug_macro   0x0001f907      0x156 ./Core/Src/ApplicationCode.o
 .debug_macro   0x0001fa5d       0xa5 ./Core/Src/ApplicationCode.o
 .debug_macro   0x0001fb02      0x182 ./Core/Src/ApplicationCode.o
 .debug_macro   0x0001fc84      0x287 ./Core/Src/ApplicationCode.o
 .debug_macro   0x0001ff0b       0x5f ./Core/Src/ApplicationCode.o
 .debug_macro   0x0001ff6a      0x236 ./Core/Src/ApplicationCode.o
 .debug_macro   0x000201a0      0x132 ./Core/Src/ApplicationCode.o
 .debug_macro   0x000202d2      0x41d ./Core/Src/ApplicationCode.o
 .debug_macro   0x000206ef       0x2e ./Core/Src/ApplicationCode.o
 .debug_macro   0x0002071d      0x1b5 ./Core/Src/ApplicationCode.o
 .debug_macro   0x000208d2       0x22 ./Core/Src/ApplicationCode.o
 .debug_macro   0x000208f4       0xd6 ./Core/Src/ApplicationCode.o
 .debug_macro   0x000209ca      0x198 ./Core/Src/ApplicationCode.o
 .debug_macro   0x00020b62       0xd6 ./Core/Src/ApplicationCode.o
 .debug_macro   0x00020c38      0x127 ./Core/Src/ApplicationCode.o
 .debug_macro   0x00020d5f       0xe2 ./Core/Src/ApplicationCode.o
 .debug_macro   0x00020e41       0x89 ./Core/Src/ApplicationCode.o
 .debug_macro   0x00020eca       0xa4 ./Core/Src/ApplicationCode.o
 .debug_macro   0x00020f6e      0x225 ./Core/Src/ApplicationCode.o
 .debug_macro   0x00021193      0x8ed ./Core/Src/ApplicationCode.o
 .debug_macro   0x00021a80       0x4d ./Core/Src/ApplicationCode.o
 .debug_macro   0x00021acd      0x134 ./Core/Src/ApplicationCode.o
 .debug_macro   0x00021c01      0x332 ./Core/Src/ApplicationCode.o
 .debug_macro   0x00021f33       0x22 ./Core/Src/ApplicationCode.o
 .debug_macro   0x00021f55      0x173 ./Core/Src/ApplicationCode.o
 .debug_macro   0x000220c8       0x61 ./Core/Src/ApplicationCode.o
 .debug_macro   0x00022129       0x2a ./Core/Src/ApplicationCode.o
 .debug_macro   0x00022153       0x43 ./Core/Src/ApplicationCode.o
 .debug_macro   0x00022196       0x34 ./Core/Src/ApplicationCode.o
 .debug_macro   0x000221ca       0x16 ./Core/Src/ApplicationCode.o
 .debug_macro   0x000221e0       0x3c ./Core/Src/ApplicationCode.o
 .debug_macro   0x0002221c      0x370 ./Core/Src/ApplicationCode.o
 .debug_macro   0x0002258c       0x10 ./Core/Src/ApplicationCode.o
 .debug_macro   0x0002259c       0x16 ./Core/Src/ApplicationCode.o
 .debug_macro   0x000225b2       0x4a ./Core/Src/ApplicationCode.o
 .debug_macro   0x000225fc       0x34 ./Core/Src/ApplicationCode.o
 .debug_macro   0x00022630       0x10 ./Core/Src/ApplicationCode.o
 .debug_macro   0x00022640       0x58 ./Core/Src/ApplicationCode.o
 .debug_macro   0x00022698       0x8e ./Core/Src/ApplicationCode.o
 .debug_macro   0x00022726       0x1c ./Core/Src/ApplicationCode.o
 .debug_macro   0x00022742      0x185 ./Core/Src/ApplicationCode.o
 .debug_macro   0x000228c7       0x16 ./Core/Src/ApplicationCode.o
 .debug_macro   0x000228dd       0x16 ./Core/Src/ApplicationCode.o
 .debug_macro   0x000228f3      0x146 ./Core/Src/ApplicationCode.o
 .debug_macro   0x00022a39       0x22 ./Core/Src/ApplicationCode.o
 .debug_macro   0x00022a5b       0x28 ./Core/Src/ApplicationCode.o
 .debug_macro   0x00022a83       0x16 ./Core/Src/ApplicationCode.o
 .debug_macro   0x00022a99       0x20 ./Core/Src/ApplicationCode.o
 .debug_macro   0x00022ab9       0x6a ./Core/Src/ApplicationCode.o
 .debug_macro   0x00022b23       0xee ./Core/Src/ApplicationCode.o
 .debug_macro   0x00022c11      0x223 ./Core/Src/Button_Driver.o
 .debug_macro   0x00022e34       0x22 ./Core/Src/Button_Driver.o
 .debug_macro   0x00022e56      0x372 ./Core/Src/GameLogic.o
 .debug_macro   0x000231c8      0x21a ./Core/Src/InterruptControl.o
 .debug_macro   0x000233e2       0x1c ./Core/Src/InterruptControl.o
 .debug_macro   0x000233fe      0x372 ./Core/Src/LCD_Driver.o
 .debug_macro   0x00023770       0x6d ./Core/Src/fonts.o
 .debug_macro   0x000237dd      0x21a ./Core/Src/ili9341.o
 .debug_macro   0x000239f7      0x32c ./Core/Src/ili9341.o
 .debug_macro   0x00023d23      0x38b ./Core/Src/main.o
 .debug_macro   0x000240ae      0x4c8 ./Core/Src/main.o
 .debug_macro   0x00024576      0x21a ./Core/Src/stm32f4xx_hal_msp.o
 .debug_macro   0x00024790      0x224 ./Core/Src/stm32f4xx_it.o
 .debug_macro   0x000249b4      0x235 ./Core/Src/stmpe811.o
 .debug_macro   0x00024be9      0x274 ./Core/Src/syscalls.o
 .debug_macro   0x00024e5d       0x5b ./Core/Src/syscalls.o
 .debug_macro   0x00024eb8       0x94 ./Core/Src/syscalls.o
 .debug_macro   0x00024f4c       0x57 ./Core/Src/syscalls.o
 .debug_macro   0x00024fa3       0x10 ./Core/Src/syscalls.o
 .debug_macro   0x00024fb3       0x10 ./Core/Src/syscalls.o
 .debug_macro   0x00024fc3       0x10 ./Core/Src/syscalls.o
 .debug_macro   0x00024fd3       0x10 ./Core/Src/syscalls.o
 .debug_macro   0x00024fe3       0x1c ./Core/Src/syscalls.o
 .debug_macro   0x00024fff       0x52 ./Core/Src/syscalls.o
 .debug_macro   0x00025051       0x22 ./Core/Src/syscalls.o
 .debug_macro   0x00025073       0x10 ./Core/Src/syscalls.o
 .debug_macro   0x00025083       0x52 ./Core/Src/syscalls.o
 .debug_macro   0x000250d5       0xcf ./Core/Src/syscalls.o
 .debug_macro   0x000251a4       0x1c ./Core/Src/syscalls.o
 .debug_macro   0x000251c0       0x3d ./Core/Src/syscalls.o
 .debug_macro   0x000251fd       0x35 ./Core/Src/syscalls.o
 .debug_macro   0x00025232      0x12c ./Core/Src/syscalls.o
 .debug_macro   0x0002535e       0x16 ./Core/Src/syscalls.o
 .debug_macro   0x00025374       0x16 ./Core/Src/syscalls.o
 .debug_macro   0x0002538a       0x29 ./Core/Src/syscalls.o
 .debug_macro   0x000253b3       0x10 ./Core/Src/syscalls.o
 .debug_macro   0x000253c3      0x242 ./Core/Src/syscalls.o
 .debug_macro   0x00025605       0x1c ./Core/Src/syscalls.o
 .debug_macro   0x00025621       0x10 ./Core/Src/syscalls.o
 .debug_macro   0x00025631      0x18a ./Core/Src/syscalls.o
 .debug_macro   0x000257bb       0x16 ./Core/Src/syscalls.o
 .debug_macro   0x000257d1       0xce ./Core/Src/syscalls.o
 .debug_macro   0x0002589f      0x112 ./Core/Src/sysmem.o
 .debug_macro   0x000259b1      0x23c ./Core/Src/sysmem.o
 .debug_macro   0x00025bed      0x20b ./Core/Src/system_stm32f4xx.o
 .debug_macro   0x00025df8      0x26b ./Drivers/STM32F4xx_HAL_Driver/Src/stm32f4xx_hal.o
 .debug_macro   0x00026063      0x20b ./Drivers/STM32F4xx_HAL_Driver/Src/stm32f4xx_hal_cortex.o
 .debug_macro   0x0002626e      0x211 ./Drivers/STM32F4xx_HAL_Driver/Src/stm32f4xx_hal_gpio.o
 .debug_macro   0x0002647f      0x259 ./Drivers/STM32F4xx_HAL_Driver/Src/stm32f4xx_hal_i2c.o
 .debug_macro   0x000266d8      0x20b ./Drivers/STM32F4xx_HAL_Driver/Src/stm32f4xx_hal_i2c_ex.o
 .debug_macro   0x000268e3      0x213 ./Drivers/STM32F4xx_HAL_Driver/Src/stm32f4xx_hal_ltdc.o
 .debug_macro   0x00026af6      0x22f ./Drivers/STM32F4xx_HAL_Driver/Src/stm32f4xx_hal_rcc.o
 .debug_macro   0x00026d25      0x20b ./Drivers/STM32F4xx_HAL_Driver/Src/stm32f4xx_hal_rcc_ex.o
 .debug_macro   0x00026f30      0x211 ./Drivers/STM32F4xx_HAL_Driver/Src/stm32f4xx_hal_rng.o
 .debug_macro   0x00027141      0x21a ./Drivers/STM32F4xx_HAL_Driver/Src/stm32f4xx_hal_spi.o
 .debug_macro   0x0002735b      0x20c ./Drivers/STM32F4xx_HAL_Driver/Src/stm32f4xx_hal_tim.o
 .debug_macro   0x00027567      0x20b ./Drivers/STM32F4xx_HAL_Driver/Src/stm32f4xx_hal_tim_ex.o

.debug_line     0x00000000    0x19403
 .debug_line    0x00000000      0xbbe ./Core/Src/ApplicationCode.o
 .debug_line    0x00000bbe      0x79a ./Core/Src/Button_Driver.o
 .debug_line    0x00001358     0x1025 ./Core/Src/GameLogic.o
 .debug_line    0x0000237d      0x7ec ./Core/Src/InterruptControl.o
 .debug_line    0x00002b69      0xe76 ./Core/Src/LCD_Driver.o
 .debug_line    0x000039df      0x39f ./Core/Src/fonts.o
 .debug_line    0x00003d7e      0x99b ./Core/Src/ili9341.o
 .debug_line    0x00004719      0xcff ./Core/Src/main.o
 .debug_line    0x00005418      0x959 ./Core/Src/stm32f4xx_hal_msp.o
 .debug_line    0x00005d71      0x804 ./Core/Src/stm32f4xx_it.o
 .debug_line    0x00006575      0xbc0 ./Core/Src/stmpe811.o
 .debug_line    0x00007135      0x845 ./Core/Src/syscalls.o
 .debug_line    0x0000797a      0x521 ./Core/Src/sysmem.o
 .debug_line    0x00007e9b      0x7da ./Core/Src/system_stm32f4xx.o
 .debug_line    0x00008675       0x7a ./Core/Startup/startup_stm32f429zitx.o
 .debug_line    0x000086ef      0xa7d ./Drivers/STM32F4xx_HAL_Driver/Src/stm32f4xx_hal.o
 .debug_line    0x0000916c      0xd17 ./Drivers/STM32F4xx_HAL_Driver/Src/stm32f4xx_hal_cortex.o
 .debug_line    0x00009e83      0xbc7 ./Drivers/STM32F4xx_HAL_Driver/Src/stm32f4xx_hal_gpio.o
 .debug_line    0x0000aa4a     0x3af9 ./Drivers/STM32F4xx_HAL_Driver/Src/stm32f4xx_hal_i2c.o
 .debug_line    0x0000e543      0x7d0 ./Drivers/STM32F4xx_HAL_Driver/Src/stm32f4xx_hal_i2c_ex.o
 .debug_line    0x0000ed13     0x13f7 ./Drivers/STM32F4xx_HAL_Driver/Src/stm32f4xx_hal_ltdc.o
 .debug_line    0x0001010a      0xe56 ./Drivers/STM32F4xx_HAL_Driver/Src/stm32f4xx_hal_rcc.o
 .debug_line    0x00010f60      0xc9f ./Drivers/STM32F4xx_HAL_Driver/Src/stm32f4xx_hal_rcc_ex.o
 .debug_line    0x00011bff      0x9bd ./Drivers/STM32F4xx_HAL_Driver/Src/stm32f4xx_hal_rng.o
 .debug_line    0x000125bc     0x1cdc ./Drivers/STM32F4xx_HAL_Driver/Src/stm32f4xx_hal_spi.o
 .debug_line    0x00014298     0x37c4 ./Drivers/STM32F4xx_HAL_Driver/Src/stm32f4xx_hal_tim.o
 .debug_line    0x00017a5c     0x19a7 ./Drivers/STM32F4xx_HAL_Driver/Src/stm32f4xx_hal_tim_ex.o

.debug_str      0x00000000    0xe324e
 .debug_str     0x00000000    0xe324e ./Core/Src/ApplicationCode.o
                              0xdb28f (size before relaxing)
 .debug_str     0x000e324e    0xd5b5d ./Core/Src/Button_Driver.o
 .debug_str     0x000e324e    0xdb7d3 ./Core/Src/GameLogic.o
 .debug_str     0x000e324e    0xd5a11 ./Core/Src/InterruptControl.o
 .debug_str     0x000e324e    0xdb365 ./Core/Src/LCD_Driver.o
 .debug_str     0x000e324e     0x3e23 ./Core/Src/fonts.o
 .debug_str     0x000e324e    0xd6c77 ./Core/Src/ili9341.o
 .debug_str     0x000e324e    0xdcf54 ./Core/Src/main.o
 .debug_str     0x000e324e    0xd784b ./Core/Src/stm32f4xx_hal_msp.o
 .debug_str     0x000e324e    0xd6867 ./Core/Src/stm32f4xx_it.o
 .debug_str     0x000e324e    0xd6911 ./Core/Src/stmpe811.o
 .debug_str     0x000e324e     0x9a06 ./Core/Src/syscalls.o
 .debug_str     0x000e324e     0x77a4 ./Core/Src/sysmem.o
 .debug_str     0x000e324e    0xd5a69 ./Core/Src/system_stm32f4xx.o
 .debug_str     0x000e324e       0xa6 ./Core/Startup/startup_stm32f429zitx.o
 .debug_str     0x000e324e    0xd668c ./Drivers/STM32F4xx_HAL_Driver/Src/stm32f4xx_hal.o
 .debug_str     0x000e324e    0xd63ba ./Drivers/STM32F4xx_HAL_Driver/Src/stm32f4xx_hal_cortex.o
 .debug_str     0x000e324e    0xd5be4 ./Drivers/STM32F4xx_HAL_Driver/Src/stm32f4xx_hal_gpio.o
 .debug_str     0x000e324e    0xd6a79 ./Drivers/STM32F4xx_HAL_Driver/Src/stm32f4xx_hal_i2c.o
 .debug_str     0x000e324e    0xd5e38 ./Drivers/STM32F4xx_HAL_Driver/Src/stm32f4xx_hal_i2c_ex.o
 .debug_str     0x000e324e    0xd60cd ./Drivers/STM32F4xx_HAL_Driver/Src/stm32f4xx_hal_ltdc.o
 .debug_str     0x000e324e    0xd5e9d ./Drivers/STM32F4xx_HAL_Driver/Src/stm32f4xx_hal_rcc.o