Archive member included to satisfy reference by file (symbol)

/Applications/STM32CubeIDE.app/Contents/Eclipse/plugins/com.st.stm32cube.ide.mcu.externaltools.gnu-tools-for-stm32.13.3.rel1.macos64_1.0.0.202411102158/tools/bin/../lib/gcc/arm-none-eabi/13.3.1/../../../../arm-none-eabi/lib/thumb/v7e-m+fp/hard/libc_nano.a(libc_a-exit.o)
                              /Applications/STM32CubeIDE.app/Contents/Eclipse/plugins/com.st.stm32cube.ide.mcu.externaltools.gnu-tools-for-stm32.13.3.rel1.macos64_1.0.0.202411102158/tools/bin/../lib/gcc/arm-none-eabi/13.3.1/../../../../arm-none-eabi/lib/thumb/v7e-m+fp/hard/crt0.o (exit)
/Applications/STM32CubeIDE.app/Contents/Eclipse/plugins/com.st.stm32cube.ide.mcu.externaltools.gnu-tools-for-stm32.13.3.rel1.macos64_1.0.0.202411102158/tools/bin/../lib/gcc/arm-none-eabi/13.3.1/../../../../arm-none-eabi/lib/thumb/v7e-m+fp/hard/libc_nano.a(libc_a-sprintf.o)
                              ./Core/Src/LCD_Driver.o (sprintf)
/Applications/STM32CubeIDE.app/Contents/Eclipse/plugins/com.st.stm32cube.ide.mcu.externaltools.gnu-tools-for-stm32.13.3.rel1.macos64_1.0.0.202411102158/tools/bin/../lib/gcc/arm-none-eabi/13.3.1/../../../../arm-none-eabi/lib/thumb/v7e-m+fp/hard/libc_nano.a(libc_a-findfp.o)
                              /Applications/STM32CubeIDE.app/Contents/Eclipse/plugins/com.st.stm32cube.ide.mcu.externaltools.gnu-tools-for-stm32.13.3.rel1.macos64_1.0.0.202411102158/tools/bin/../lib/gcc/arm-none-eabi/13.3.1/../../../../arm-none-eabi/lib/thumb/v7e-m+fp/hard/libc_nano.a(libc_a-exit.o) (__stdio_exit_handler)
/Applications/STM32CubeIDE.app/Contents/Eclipse/plugins/com.st.stm32cube.ide.mcu.externaltools.gnu-tools-for-stm32.13.3.rel1.macos64_1.0.0.202411102158/tools/bin/../lib/gcc/arm-none-eabi/13.3.1/../../../../arm-none-eabi/lib/thumb/v7e-m+fp/hard/libc_nano.a(libc_a-fwalk.o)
                              /Applications/STM32CubeIDE.app/Contents/Eclipse/plugins/com.st.stm32cube.ide.mcu.externaltools.gnu-tools-for-stm32.13.3.rel1.macos64_1.0.0.202411102158/tools/bin/../lib/gcc/arm-none-eabi/13.3.1/../../../../arm-none-eabi/lib/thumb/v7e-m+fp/hard/libc_nano.a(libc_a-findfp.o) (_fwalk_sglue)
/Applications/STM32CubeIDE.app/Contents/Eclipse/plugins/com.st.stm32cube.ide.mcu.externaltools.gnu-tools-for-stm32.13.3.rel1.macos64_1.0.0.202411102158/tools/bin/../lib/gcc/arm-none-eabi/13.3.1/../../../../arm-none-eabi/lib/thumb/v7e-m+fp/hard/libc_nano.a(libc_a-memset.o)
                              /Applications/STM32CubeIDE.app/Contents/Eclipse/plugins/com.st.stm32cube.ide.mcu.externaltools.gnu-tools-for-stm32.13.3.rel1.macos64_1.0.0.202411102158/tools/bin/../lib/gcc/arm-none-eabi/13.3.1/../../../../arm-none-eabi/lib/thumb/v7e-m+fp/hard/crt0.o (memset)
/Applications/STM32CubeIDE.app/Contents/Eclipse/plugins/com.st.stm32cube.ide.mcu.externaltools.gnu-tools-for-stm32.13.3.rel1.macos64_1.0.0.202411102158/tools/bin/../lib/gcc/arm-none-eabi/13.3.1/../../../../arm-none-eabi/lib/thumb/v7e-m+fp/hard/libc_nano.a(libc_a-errno.o)
                              ./Core/Src/syscalls.o (__errno)
/Applications/STM32CubeIDE.app/Contents/Eclipse/plugins/com.st.stm32cube.ide.mcu.externaltools.gnu-tools-for-stm32.13.3.rel1.macos64_1.0.0.202411102158/tools/bin/../lib/gcc/arm-none-eabi/13.3.1/../../../../arm-none-eabi/lib/thumb/v7e-m+fp/hard/libc_nano.a(libc_a-init.o)
                              /Applications/STM32CubeIDE.app/Contents/Eclipse/plugins/com.st.stm32cube.ide.mcu.externaltools.gnu-tools-for-stm32.13.3.rel1.macos64_1.0.0.202411102158/tools/bin/../lib/gcc/arm-none-eabi/13.3.1/../../../../arm-none-eabi/lib/thumb/v7e-m+fp/hard/crt0.o (__libc_init_array)
/Applications/STM32CubeIDE.app/Contents/Eclipse/plugins/com.st.stm32cube.ide.mcu.externaltools.gnu-tools-for-stm32.13.3.rel1.macos64_1.0.0.202411102158/tools/bin/../lib/gcc/arm-none-eabi/13.3.1/../../../../arm-none-eabi/lib/thumb/v7e-m+fp/hard/libc_nano.a(libc_a-lock.o)
                              /Applications/STM32CubeIDE.app/Contents/Eclipse/plugins/com.st.stm32cube.ide.mcu.externaltools.gnu-tools-for-stm32.13.3.rel1.macos64_1.0.0.202411102158/tools/bin/../lib/gcc/arm-none-eabi/13.3.1/../../../../arm-none-eabi/lib/thumb/v7e-m+fp/hard/libc_nano.a(libc_a-findfp.o) (__retarget_lock_init_recursive)
/Applications/STM32CubeIDE.app/Contents/Eclipse/plugins/com.st.stm32cube.ide.mcu.externaltools.gnu-tools-for-stm32.13.3.rel1.macos64_1.0.0.202411102158/tools/bin/../lib/gcc/arm-none-eabi/13.3.1/../../../../arm-none-eabi/lib/thumb/v7e-m+fp/hard/libc_nano.a(libc_a-impure.o)
                              /Applications/STM32CubeIDE.app/Contents/Eclipse/plugins/com.st.stm32cube.ide.mcu.externaltools.gnu-tools-for-stm32.13.3.rel1.macos64_1.0.0.202411102158/tools/bin/../lib/gcc/arm-none-eabi/13.3.1/../../../../arm-none-eabi/lib/thumb/v7e-m+fp/hard/libc_nano.a(libc_a-sprintf.o) (_impure_ptr)
[...]
Memory Configuration

Name             Origin             Length             Attributes
CCMRAM           0x10000000         0x00010000         xrw
RAM              0x20000000         0x00030000         xrw
FLASH            0x08000000         0x00200000         xr
*default*        0x00000000         0xffffffff

Linker script and memory map

LOAD /Applications/STM32CubeIDE.app/Contents/Eclipse/plugins/com.st.stm32cube.ide.mcu.externaltools.gnu-tools-for-stm32.13.3.rel1.macos64_1.0.0.202411102158/tools/bin/../lib/gcc/arm-none-eabi/13.3.1/thumb/v7e-m+fp/hard/crti.o
LOAD /Applications/STM32CubeIDE.app/Contents/Eclipse/plugins/com.st.stm32cube.ide.mcu.externaltools.gnu-tools-for-stm32.13.3.rel1.macos64_1.0.0.202411102158/tools/bin/../lib/gcc/arm-none-eabi/13.3.1/thumb/v7e-m+fp/hard/crtbegin.o
LOAD /Applications/STM32CubeIDE.app/Contents/Eclipse/plugins/com.st.stm32cube.ide.mcu.externaltools.gnu-tools-for-stm32.13.3.rel1.macos64_1.0.0.202411102158/tools/bin/../lib/gcc/arm-none-eabi/13.3.1/../../../../arm-none-eabi/lib/thumb/v7e-m+fp/hard/crt0.o
LOAD ./Core/Src/ApplicationCode.o
LOAD ./Core/Src/Button_Driver.o
LOAD ./Core/Src/GameLogic.o
LOAD ./Core/Src/InterruptControl.o
LOAD ./Core/Src/LCD_Driver.o
LOAD ./Core/Src/fonts.o
LOAD ./Core/Src/ili9341.o
LOAD ./Core/Src/main.o
LOAD ./Core/Src/stm32f4xx_hal_msp.o
LOAD ./Core/Src/stm32f4xx_it.o
LOAD ./Core/Src/stmpe811.o
LOAD ./Core/Src/syscalls.o
LOAD ./Core/Src/sysmem.o
LOAD ./Core/Src/system_stm32f4xx.o
LOAD ./Core/Startup/startup_stm32f429zitx.o
LOAD ./Drivers/STM32F4xx_HAL_Driver/Src/stm32f4xx_hal.o
LOAD ./Drivers/STM32F4xx_HAL_Driver/Src/stm32f4xx_hal_cortex.o
LOAD ./Drivers/STM32F4xx_HAL_Driver/Src/stm32f4xx_hal_dma.o
LOAD ./Drivers/STM32F4xx_HAL_Driver/Src/stm32f4xx_hal_dma_ex.o
LOAD ./Drivers/STM32F4xx_HAL_Driver/Src/stm32f4xx_hal_dsi.o
LOAD ./Drivers/STM32F4xx_HAL_Driver/Src/stm32f4xx_hal_exti.o
LOAD ./Drivers/STM32F4xx_HAL_Driver/Src/stm32f4xx_hal_flash.o
LOAD ./Drivers/STM32F4xx_HAL_Driver/Src/stm32f4xx_hal_flash_ex.o
LOAD ./Drivers/STM32F4xx_HAL_Driver/Src/stm32f4xx_hal_flash_ramfunc.o
LOAD ./Drivers/STM32F4xx_HAL_Driver/Src/stm32f4xx_hal_gpio.o
LOAD ./Drivers/STM32F4xx_HAL_Driver/Src/stm32f4xx_hal_i2c.o
LOAD ./Drivers/STM32F4xx_HAL_Driver/Src/stm32f4xx_hal_i2c_ex.o
LOAD ./Drivers/STM32F4xx_HAL_Driver/Src/stm32f4xx_hal_ltdc.o
LOAD ./Drivers/STM32F4xx_HAL_Driver/Src/stm32f4xx_hal_ltdc_ex.o
LOAD ./Drivers/STM32F4xx_HAL_Driver/Src/stm32f4xx_hal_pwr.o
LOAD ./Drivers/STM32F4xx_HAL_Driver/Src/stm32f4xx_hal_pwr_ex.o
LOAD ./Drivers/STM32F4xx_HAL_Driver/Src/stm32f4xx_hal_rcc.o
LOAD ./Drivers/STM32F4xx_HAL_Driver/Src/stm32f4xx_hal_rcc_ex.o
LOAD ./Drivers/STM32F4xx_HAL_Driver/Src/stm32f4xx_hal_rng.o
LOAD ./Drivers/STM32F4xx_HAL_Driver/Src/stm32f4xx_hal_spi.o
LOAD ./Drivers/STM32F4xx_HAL_Driver/Src/stm32f4xx_hal_tim.o
LOAD ./Drivers/STM32F4xx_HAL_Driver/Src/stm32f4xx_hal_tim_ex.o
START GROUP
LOAD /Applications/STM32CubeIDE.app/Contents/Eclipse/plugins/com.st.stm32cube.ide.mcu.externaltools.gnu-tools-for-stm32.13.3.rel1.macos64_1.0.0.202411102158/tools/bin/../lib/gcc/arm-none-eabi/13.3.1/../../../../arm-none-eabi/lib/thumb/v7e-m+fp/hard/libc_nano.a
LOAD /Applications/STM32CubeIDE.app/Contents/Eclipse/plugins/com.st.stm32cube.ide.mcu.externaltools.gnu-tools-for-stm32.13.3.rel1.macos64_1.0.0.202411102158/tools/bin/../lib/gcc/arm-none-eabi/13.3.1/../../../../arm-none-eabi/lib/thumb/v7e-m+fp/hard/libm.a
END GROUP
START GROUP
LOAD /Applications/STM32CubeIDE.app/Contents/Eclipse/plugins/com.st.stm32cube.ide.mcu.externaltools.gnu-tools-for-stm32.13.3.rel1.macos64_1.0.0.202411102158/tools/bin/../lib/gcc/arm-none-eabi/13.3.1/thumb/v7e-m+fp/hard/libgcc.a
LOAD /Applications/STM32CubeIDE.app/Contents/Eclipse/plugins/com.st.stm32cube.ide.mcu.externaltools.gnu-tools-for-stm32.13.3.rel1.macos64_1.0.0.202411102158/tools/bin/../lib/gcc/arm-none-eabi/13.3.1/../../../../arm-none-eabi/lib/thumb/v7e-m+fp/hard/libc_nano.a
END GROUP
START GROUP
LOAD /Applications/STM32CubeIDE.app/Contents/Eclipse/plugins/com.st.stm32cube.ide.mcu.externaltools.gnu-tools-for-stm32.13.3.rel1.macos64_1.0.0.202411102158/tools/bin/../lib/gcc/arm-none-eabi/13.3.1/thumb/v7e-m+fp/hard/libgcc.a
LOAD /Applications/STM32CubeIDE.app/Contents/Eclipse/plugins/com.st.stm32cube.ide.mcu.externaltools.gnu-tools-for-stm32.13.3.rel1.macos64_1.0.0.202411102158/tools/bin/../lib/gcc/arm-none-eabi/13.3.1/../../../../arm-none-eabi/lib/thumb/v7e-m+fp/hard/libc_nano.a
LOAD /Applications/STM32CubeIDE.app/Contents/Eclipse/plugins/com.st.stm32cube.ide.mcu.externaltools.gnu-tools-for-stm32.13.3.rel1.macos64_1.0.0.202411102158/tools/bin/../lib/gcc/arm-none-eabi/13.3.1/../../../../arm-none-eabi/lib/thumb/v7e-m+fp/hard/libnosys.a
END GROUP
START GROUP
LOAD /Applications/STM32CubeIDE.app/Contents/Eclipse/plugins/com.st.stm32cube.ide.mcu.externaltools.gnu-tools-for-stm32.13.3.rel1.macos64_1.0.0.202411102158/tools/bin/../lib/gcc/arm-none-eabi/13.3.1/thumb/v7e-m+fp/hard/libgcc.a
LOAD /Applications/STM32CubeIDE.app/Contents/Eclipse/plugins/com.st.stm32cube.ide.mcu.externaltools.gnu-tools-for-stm32.13.3.rel1.macos64_1.0.0.202411102158/tools/bin/../lib/gcc/arm-none-eabi/13.3.1/../../../../arm-none-eabi/lib/thumb/v7e-m+fp/hard/libc_nano.a
LOAD /Applications/STM32CubeIDE.app/Contents/Eclipse/plugins/com.st.stm32cube.ide.mcu.externaltools.gnu-tools-for-stm32.13.3.rel1.macos64_1.0.0.202411102158/tools/bin/../lib/gcc/arm-none-eabi/13.3.1/../../../../arm-none-eabi/lib/thumb/v7e-m+fp/hard/libnosys.a
END GROUP
LOAD /Applications/STM32CubeIDE.app/Contents/Eclipse/plugins/com.st.stm32cube.ide.mcu.externaltools.gnu-tools-for-stm32.13.3.rel1.macos64_1.0.0.202411102158/tools/bin/../lib/gcc/arm-none-eabi/13.3.1/thumb/v7e-m+fp/hard/crtend.o
LOAD /Applications/STM32CubeIDE.app/Contents/Eclipse/plugins/com.st.stm32cube.ide.mcu.externaltools.gnu-tools-for-stm32.13.3.rel1.macos64_1.0.0.202411102158/tools/bin/../lib/gcc/arm-none-eabi/13.3.1/thumb/v7e-m+fp/hard/crtn.o
                0x20030000                        _estack = (ORIGIN (RAM) + LENGTH (RAM))
                0x00000200                        _Min_Heap_Size = 0x200
                0x00000400                        _Min_Stack_Size = 0x400

.isr_vector     0x08000000      0x1ac
                0x08000000                        . = ALIGN (0x4)
 *(.isr_vector)
 .isr_vector    0x08000000      0x1ac ./Core/Startup/startup_stm32f429zitx.o
                0x08000000                g_pfnVectors
                0x080001ac                        . = ALIGN (0x4)

.text           0x080001b0     0x73a4
                0x080001b0                        . = ALIGN (0x4)
 *(.text)
 .text          0x080001b0       0x40 /Applications/STM32CubeIDE.app/Contents/Eclipse/plugins/com.st.stm32cube.ide.mcu.externaltools.gnu-tools-for-stm32.13.3.rel1.macos64_1.0.0.202411102158/tools/bin/../lib/gcc/arm-none-eabi/13.3.1/thumb/v7e-m+fp/hard/crtbegin.o
 .text          0x080001f0       0xa0 /Applications/STM32CubeIDE.app/Contents/Eclipse/plugins/com.st.stm32cube.ide.mcu.externaltools.gnu-tools-for-stm32.13.3.rel1.macos64_1.0.0.202411102158/tools/bin/../lib/gcc/arm-none-eabi/13.3.1/../../../../arm-none-eabi/lib/thumb/v7e-m+fp/hard/libc_nano.a(libc_a-memchr.o)
                0x080001f0                memchr
 .text          0x08000290       0x30 /Applications/STM32CubeIDE.app/Contents/Eclipse/plugins/com.st.stm32cube.ide.mcu.externaltools.gnu-tools-for-stm32.13.3.rel1.macos64_1.0.0.202411102158/tools/bin/../lib/gcc/arm-none-eabi/13.3.1/thumb/v7e-m+fp/hard/libgcc.a(_aeabi_uldivmod.o)
                0x08000290                __aeabi_uldivmod
 .text          0x080002c0      0x2f8 /Applications/STM32CubeIDE.app/Contents/Eclipse/plugins/com.st.stm32cube.ide.mcu.externaltools.gnu-tools-for-stm32.13.3.rel1.macos64_1.0.0.202411102158/tools/bin/../lib/gcc/arm-none-eabi/13.3.1/thumb/v7e-m+fp/hard/libgcc.a(_udivmoddi4.o)
                0x080002c0                __udivmoddi4
 .text          0x080005b8        0x4 /Applications/STM32CubeIDE.app/Contents/Eclipse/plugins/com.st.stm32cube.ide.mcu.externaltools.gnu-tools-for-stm32.13.3.rel1.macos64_1.0.0.202411102158/tools/bin/../lib/gcc/arm-none-eabi/13.3.1/thumb/v7e-m+fp/hard/libgcc.a(_dvmd_tls.o)
                0x080005b8                __aeabi_ldiv0
                0x080005b8                __aeabi_idiv0
 *(.text*)
 .text.__NVIC_EnableIRQ
                0x080005bc       0x3c ./Core/Src/ApplicationCode.o
 .text.__NVIC_DisableIRQ
                0x080005f8       0x48 ./Core/Src/ApplicationCode.o
 .text.__NVIC_ClearPendingIRQ
                0x08000640       0x3c ./Core/Src/ApplicationCode.o
 .text.ApplicationInit
                0x0800067c       0x38 ./Core/Src/ApplicationCode.o
                0x0800067c                ApplicationInit
 .text.buttonInit
                0x080006b4        0xc ./Core/Src/ApplicationCode.o
                0x080006b4                buttonInit
 .text.checkIfTouchScreenPressed
                0x080006c0       0x4c ./Core/Src/ApplicationCode.o
                0x080006c0                checkIfTouchScreenPressed
 .text.returnGameButtonPressed
                0x0800070c       0x8c ./Core/Src/ApplicationCode.o
                0x0800070c                returnGameButtonPressed
 .text.triggerGameButtonResponse
                0x08000798       0x2c ./Core/Src/ApplicationCode.o
                0x08000798                triggerGameButtonResponse
 .text.waitForUserResponse
                0x080007c4       0x16 ./Core/Src/ApplicationCode.o
                0x080007c4                waitForUserResponse
 .text.LCD_Display_Start_Screen
                0x080007da       0x16 ./Core/Src/ApplicationCode.o
                0x080007da                LCD_Display_Start_Screen
 .text.LCD_Display_Stats_Screen
                0x080007f0       0x1e ./Core/Src/ApplicationCode.o
                0x080007f0                LCD_Display_Stats_Screen
 *fill*         0x0800080e        0x2 
 .text.displayMenu
                0x08000810       0x20 ./Core/Src/ApplicationCode.o
                0x08000810                displayMenu
 .text.EXTI0_IRQHandler
                0x08000830       0x48 ./Core/Src/ApplicationCode.o
                0x08000830                EXTI0_IRQHandler
 .text.TIM2_IRQHandler
                0x08000878       0x2c ./Core/Src/ApplicationCode.o
                0x08000878                TIM2_IRQHandler
 .text.button_Interrupt_Init
                0x080008a4       0x68 ./Core/Src/Button_Driver.o
                0x080008a4                button_Interrupt_Init
 .text.__NVIC_EnableIRQ
                0x0800090c       0x3c ./Core/Src/GameLogic.o
 .text.setGameMode
                0x08000948       0x20 ./Core/Src/GameLogic.o
                0x08000948                setGameMode
 .text.resetBoard
                0x08000968       0x18 ./Core/Src/GameLogic.o
                0x08000968                resetBoard
 .text.incrementWinCount
                0x08000980       0x48 ./Core/Src/GameLogic.o
                0x08000980                incrementWinCount
 .text.placeCoin
                0x080009c8       0x94 ./Core/Src/GameLogic.o
                0x080009c8                placeCoin
 .text.checkIfCanPlaceCoin
                0x08000a5c       0x90 ./Core/Src/GameLogic.o
                0x08000a5c                checkIfCanPlaceCoin
 .text.moveCoin
                0x08000aec       0x80 ./Core/Src/GameLogic.o
                0x08000aec                moveCoin
 .text.checkIfUserMovedCoin
                0x08000b6c       0x64 ./Core/Src/GameLogic.o
                0x08000b6c                checkIfUserMovedCoin
 .text.resetCoinPos
                0x08000bd0       0x20 ./Core/Src/GameLogic.o
                0x08000bd0                resetCoinPos
 .text.startNewGame
                0x08000bf0       0x24 ./Core/Src/GameLogic.o
                0x08000bf0                startNewGame
 .text.playTurn
                0x08000c14       0x94 ./Core/Src/GameLogic.o
                0x08000c14                playTurn
 .text.checkWinner
                0x08000ca8       0xf4 ./Core/Src/GameLogic.o
                0x08000ca8                checkWinner
 .text.checkWinnerByDirection
                0x08000d9c       0x80 ./Core/Src/GameLogic.o
                0x08000d9c                checkWinnerByDirection
 .text.playGame
                0x08000e1c       0x30 ./Core/Src/GameLogic.o
                0x08000e1c                playGame
 .text.clearPendingEXTI
                0x08000e4c       0x30 ./Core/Src/InterruptControl.o
                0x08000e4c                clearPendingEXTI
 .text.clearPendingTIM2
                0x08000e7c       0x1e ./Core/Src/InterruptControl.o
                0x08000e7c                clearPendingTIM2
 *fill*         0x08000e9a        0x2 
 .text.LCD_GPIO_Init
                0x08000e9c      0x190 ./Core/Src/LCD_Driver.o
                0x08000e9c                LCD_GPIO_Init
 .text.LTCD_Layer_Init
                0x0800102c       0x80 ./Core/Src/LCD_Driver.o
                0x0800102c                LTCD_Layer_Init
 .text.LTCD__Init
                0x080010ac       0xbc ./Core/Src/LCD_Driver.o
                0x080010ac                LTCD__Init
 .text.LCD_Draw_Pixel
                0x08001168       0x3c ./Core/Src/LCD_Driver.o
                0x08001168                LCD_Draw_Pixel
 .text.LCD_Draw_Circle_Fill
                0x080011a4       0xa6 ./Core/Src/LCD_Driver.o
                0x080011a4                LCD_Draw_Circle_Fill
 .text.LCD_Draw_Vertical_Line
                0x0800124a       0x4e ./Core/Src/LCD_Driver.o
                0x0800124a                LCD_Draw_Vertical_Line
 .text.LCD_Draw_Horizontal_Line
                0x08001298       0x4e ./Core/Src/LCD_Driver.o
                0x08001298                LCD_Draw_Horizontal_Line
 *fill*         0x080012e6        0x2 
 .text.LCD_Draw_Char
                0x080012e8       0xdc ./Core/Src/LCD_Driver.o
                0x080012e8                LCD_Draw_Char
 .text.LCD_DisplayChar
                0x080013c4       0x44 ./Core/Src/LCD_Driver.o
                0x080013c4                LCD_DisplayChar
 .text.LCD_Clear
                0x08001408       0x44 ./Core/Src/LCD_Driver.o
                0x08001408                LCD_Clear
 .text.LCD_SetTextColor
                0x0800144c       0x20 ./Core/Src/LCD_Driver.o
                0x0800144c                LCD_SetTextColor
 .text.LCD_SetFont
                0x0800146c       0x20 ./Core/Src/LCD_Driver.o
                0x0800146c                LCD_SetFont
 .text.LCD_Error_Handler
                0x0800148c        0xc ./Core/Src/LCD_Driver.o
                0x0800148c                LCD_Error_Handler
 .text.InitializeLCDTouch
                0x08001498       0x16 ./Core/Src/LCD_Driver.o
                0x08001498                InitializeLCDTouch
 .text.returnTouchStateAndLocation
                0x080014ae       0x18 ./Core/Src/LCD_Driver.o
                0x080014ae                returnTouchStateAndLocation
 *fill*         0x080014c6        0x2 
 .text.LCD_Connect_Four_Init
                0x080014c8       0x18 ./Core/Src/LCD_Driver.o
                0x080014c8                LCD_Connect_Four_Init
 .text.LCD_Draw_Game_Button
                0x080014e0       0x7e ./Core/Src/LCD_Driver.o
                0x080014e0                LCD_Draw_Game_Button
 .text.LCD_Draw_Board_Structure
                0x0800155e       0x6e ./Core/Src/LCD_Driver.o
                0x0800155e                LCD_Draw_Board_Structure
 .text.LCD_Display_Coin
                0x080015cc       0x26 ./Core/Src/LCD_Driver.o
                0x080015cc                LCD_Display_Coin
 .text.displayStartScreen
                0x080015f2      0x128 ./Core/Src/LCD_Driver.o
                0x080015f2                displayStartScreen
 .text.clearFloatingCoin
                0x0800171a       0x26 ./Core/Src/LCD_Driver.o
                0x0800171a                clearFloatingCoin
 .text.displayStatsScreen
                0x08001740      0x19c ./Core/Src/LCD_Driver.o
                0x08001740                displayStatsScreen
 .text.drawFromUnsignedInteger
                0x080018dc       0x68 ./Core/Src/LCD_Driver.o
                0x080018dc                drawFromUnsignedInteger
 .text.ili9341_Init
                0x08001944      0x294 ./Core/Src/ili9341.o
                0x08001944                ili9341_Init
 .text.ili9341_Write_Reg
                0x08001bd8       0x1a ./Core/Src/ili9341.o
                0x08001bd8                ili9341_Write_Reg
 .text.ili9341_Send_Data
                0x08001bf2       0x1a ./Core/Src/ili9341.o
                0x08001bf2                ili9341_Send_Data
 .text.SPI_Init
                0x08001c0c       0x74 ./Core/Src/ili9341.o
 .text.SPI_Write
                0x08001c80       0x3c ./Core/Src/ili9341.o
 .text.SPI_Error
                0x08001cbc       0x18 ./Core/Src/ili9341.o
 .text.SPI_MspInit
                0x08001cd4       0x74 ./Core/Src/ili9341.o
 .text.LCD_IO_Init
                0x08001d48       0xf0 ./Core/Src/ili9341.o
                0x08001d48                LCD_IO_Init
 .text.LCD_IO_WriteData
                0x08001e38       0x44 ./Core/Src/ili9341.o
                0x08001e38                LCD_IO_WriteData
 .text.LCD_IO_WriteReg
                0x08001e7c       0x44 ./Core/Src/ili9341.o
                0x08001e7c                LCD_IO_WriteReg
 .text.LCD_Delay
                0x08001ec0       0x16 ./Core/Src/ili9341.o
                0x08001ec0                LCD_Delay
 *fill*         0x08001ed6        0x2 
 .text.__NVIC_EnableIRQ
                0x08001ed8       0x3c ./Core/Src/main.o
 .text.main     0x08001f14       0x34 ./Core/Src/main.o
                0x08001f14                main
 .text.SystemClock_Config
                0x08001f48       0xd4 ./Core/Src/main.o
                0x08001f48                SystemClock_Config
 .text.MX_I2C3_Init
                0x0800201c       0x80 ./Core/Src/main.o
 .text.MX_LTDC_Init
                0x0800209c      0x164 ./Core/Src/main.o
 .text.MX_RNG_Init
                0x08002200       0x28 ./Core/Src/main.o
 .text.MX_SPI5_Init
                0x08002228       0x6c ./Core/Src/main.o
 .text.MX_TIM2_Init
                0x08002294       0xa0 ./Core/Src/main.o
 .text.MX_GPIO_Init
                0x08002334      0x35c ./Core/Src/main.o
 .text.Error_Handler
                0x08002690        0xc ./Core/Src/main.o
                0x08002690                Error_Handler
 .text.HAL_MspInit
                0x0800269c       0x50 ./Core/Src/stm32f4xx_hal_msp.o
                0x0800269c                HAL_MspInit
 .text.HAL_I2C_MspInit
                0x080026ec       0xd4 ./Core/Src/stm32f4xx_hal_msp.o
                0x080026ec                HAL_I2C_MspInit
 .text.HAL_LTDC_MspInit
                0x080027c0      0x250 ./Core/Src/stm32f4xx_hal_msp.o
                0x080027c0                HAL_LTDC_MspInit
 .text.HAL_RNG_MspInit
                0x08002a10       0x44 ./Core/Src/stm32f4xx_hal_msp.o
                0x08002a10                HAL_RNG_MspInit
 .text.HAL_SPI_MspInit
                0x08002a54       0x90 ./Core/Src/stm32f4xx_hal_msp.o
                0x08002a54                HAL_SPI_MspInit
 .text.HAL_SPI_MspDeInit
                0x08002ae4       0x3c ./Core/Src/stm32f4xx_hal_msp.o
                0x08002ae4                HAL_SPI_MspDeInit
 .text.HAL_TIM_Base_MspInit
                0x08002b20       0x40 ./Core/Src/stm32f4xx_hal_msp.o
                0x08002b20                HAL_TIM_Base_MspInit
 .text.NMI_Handler
                0x08002b60        0x8 ./Core/Src/stm32f4xx_it.o
                0x08002b60                NMI_Handler
 .text.HardFault_Handler
                0x08002b68        0x8 ./Core/Src/stm32f4xx_it.o
                0x08002b68                HardFault_Handler
 .text.MemManage_Handler
                0x08002b70        0x8 ./Core/Src/stm32f4xx_it.o
                0x08002b70                MemManage_Handler
 .text.BusFault_Handler
                0x08002b78        0x8 ./Core/Src/stm32f4xx_it.o
                0x08002b78                BusFault_Handler
 .text.UsageFault_Handler
                0x08002b80        0x8 ./Core/Src/stm32f4xx_it.o
                0x08002b80                UsageFault_Handler
 .text.SVC_Handler
                0x08002b88        0xe ./Core/Src/stm32f4xx_it.o
                0x08002b88                SVC_Handler
 .text.DebugMon_Handler
                0x08002b96        0xe ./Core/Src/stm32f4xx_it.o
                0x08002b96                DebugMon_Handler
 .text.PendSV_Handler
                0x08002ba4        0xe ./Core/Src/stm32f4xx_it.o
                0x08002ba4                PendSV_Handler
 .text.SysTick_Handler
                0x08002bb2        0xc ./Core/Src/stm32f4xx_it.o
                0x08002bb2                SysTick_Handler
 .text.STMPE811_Init
                0x08002bbe      0x14e ./Core/Src/stmpe811.o
                0x08002bbe                STMPE811_Init
 .text.STMPE811_Read
                0x08002d0c       0x22 ./Core/Src/stmpe811.o
                0x08002d0c                STMPE811_Read
 .text.STMPE811_ReadTouch
                0x08002d2e      0x198 ./Core/Src/stmpe811.o
                0x08002d2e                STMPE811_ReadTouch
 *fill*         0x08002ec6        0x2 
 .text.verifyHAL_I2C_IS_OKAY
                0x08002ec8       0x20 ./Core/Src/stmpe811.o
                0x08002ec8                verifyHAL_I2C_IS_OKAY
 .text.I2C3_Init
                0x08002ee8       0x7c ./Core/Src/stmpe811.o
 .text.I2C3_MspInit
                0x08002f64       0xa8 ./Core/Src/stmpe811.o
 .text.I2C3_Write
                0x0800300c       0x54 ./Core/Src/stmpe811.o
                0x0800300c                I2C3_Write
 .text.I2C3_Read
                0x08003060       0x4c ./Core/Src/stmpe811.o
                0x08003060                I2C3_Read
 .text.I2C3_MulitByteRead
                0x080030ac       0x44 ./Core/Src/stmpe811.o
                0x080030ac                I2C3_MulitByteRead
 .text.TM_STMPE811_ReadX
                0x080030f0       0xc0 ./Core/Src/stmpe811.o
                0x080030f0                TM_STMPE811_ReadX
 .text.TM_STMPE811_ReadY
                0x080031b0       0xa4 ./Core/Src/stmpe811.o
                0x080031b0                TM_STMPE811_ReadY
 .text.initialise_monitor_handles
                0x08003254        0xe ./Core/Src/syscalls.o
                0x08003254                initialise_monitor_handles
 *fill*         0x08003262        0x2 
 .text._sbrk    0x08003264       0x6c ./Core/Src/sysmem.o
                0x08003264                _sbrk
 .text.SystemInit
                0x080032d0       0x24 ./Core/Src/system_stm32f4xx.o
                0x080032d0                SystemInit
 .text.Reset_Handler
                0x080032f4       0x50 ./Core/Startup/startup_stm32f429zitx.o
                0x080032f4                Reset_Handler
 .text.Default_Handler
                0x08003344        0x2 ./Core/Startup/startup_stm32f429zitx.o
                0x08003344                DMA1_Stream3_IRQHandler
                0x08003344                HASH_RNG_IRQHandler
                0x08003344                EXTI2_IRQHandler
                0x08003344                TIM8_CC_IRQHandler
                0x08003344                UART8_IRQHandler
                0x08003344                SPI4_IRQHandler
                0x08003344                TIM1_CC_IRQHandler
                0x08003344                DMA2_Stream5_IRQHandler
                0x08003344                DMA1_Stream5_IRQHandler
                0x08003344                PVD_IRQHandler
                0x08003344                SDIO_IRQHandler
                0x08003344                TAMP_STAMP_IRQHandler
                0x08003344                CAN2_RX1_IRQHandler
                0x08003344                EXTI3_IRQHandler
                0x08003344                TIM8_TRG_COM_TIM14_IRQHandler
                0x08003344                TIM1_UP_TIM10_IRQHandler
                0x08003344                TIM8_UP_TIM13_IRQHandler
                0x08003344                I2C3_ER_IRQHandler
                0x08003344                I2C2_EV_IRQHandler
                0x08003344                DMA1_Stream2_IRQHandler
                0x08003344                CAN1_RX0_IRQHandler
                0x08003344                FPU_IRQHandler
                0x08003344                OTG_HS_WKUP_IRQHandler
                0x08003344                LTDC_ER_IRQHandler
                0x08003344                CAN2_SCE_IRQHandler
                0x08003344                DMA2_Stream2_IRQHandler
                0x08003344                SPI1_IRQHandler
                0x08003344                TIM6_DAC_IRQHandler
                0x08003344                TIM1_BRK_TIM9_IRQHandler
                0x08003344                DCMI_IRQHandler
                0x08003344                CAN2_RX0_IRQHandler
                0x08003344                DMA2_Stream3_IRQHandler
                0x08003344                USART6_IRQHandler
                0x08003344                USART3_IRQHandler
                0x08003344                CAN1_RX1_IRQHandler
                0x08003344                UART5_IRQHandler
                0x08003344                DMA2_Stream0_IRQHandler
                0x08003344                TIM4_IRQHandler
                0x08003344                I2C1_EV_IRQHandler
                0x08003344                DMA1_Stream6_IRQHandler
                0x08003344                DMA1_Stream1_IRQHandler
                0x08003344                UART4_IRQHandler
                0x08003344                TIM3_IRQHandler
                0x08003344                RCC_IRQHandler
                0x08003344                TIM8_BRK_TIM12_IRQHandler
                0x08003344                Default_Handler
                0x08003344                EXTI15_10_IRQHandler
                0x08003344                ADC_IRQHandler
                0x08003344                DMA1_Stream7_IRQHandler
                0x08003344                SPI5_IRQHandler
                0x08003344                TIM7_IRQHandler
                0x08003344                CAN2_TX_IRQHandler
                0x08003344                TIM5_IRQHandler
                0x08003344                DMA2_Stream7_IRQHandler
                0x08003344                I2C3_EV_IRQHandler
                0x08003344                EXTI9_5_IRQHandler
                0x08003344                RTC_WKUP_IRQHandler
                0x08003344                LTDC_IRQHandler
                0x08003344                ETH_WKUP_IRQHandler
                0x08003344                SPI2_IRQHandler
                0x08003344                OTG_HS_EP1_IN_IRQHandler
                0x08003344                DMA1_Stream0_IRQHandler
                0x08003344                CAN1_TX_IRQHandler
                0x08003344                EXTI4_IRQHandler
                0x08003344                ETH_IRQHandler
                0x08003344                OTG_HS_EP1_OUT_IRQHandler
                0x08003344                WWDG_IRQHandler
                0x08003344                SPI6_IRQHandler
                0x08003344                OTG_FS_WKUP_IRQHandler
                0x08003344                TIM1_TRG_COM_TIM11_IRQHandler
                0x08003344                OTG_HS_IRQHandler
                0x08003344                DMA2D_IRQHandler
                0x08003344                EXTI1_IRQHandler
                0x08003344                UART7_IRQHandler
                0x08003344                USART2_IRQHandler
                0x08003344                I2C2_ER_IRQHandler
                0x08003344                DMA2_Stream1_IRQHandler
                0x08003344                CAN1_SCE_IRQHandler
                0x08003344                FLASH_IRQHandler
                0x08003344                DMA2_Stream4_IRQHandler
                0x08003344                USART1_IRQHandler
                0x08003344                OTG_FS_IRQHandler
                0x08003344                SPI3_IRQHandler
                0x08003344                DMA1_Stream4_IRQHandler
                0x08003344                I2C1_ER_IRQHandler
                0x08003344                FMC_IRQHandler
                0x08003344                DMA2_Stream6_IRQHandler
                0x08003344                SAI1_IRQHandler
                0x08003344                RTC_Alarm_IRQHandler
 *fill*         0x08003346        0x2 
 .text.HAL_Init
                0x08003348       0x44 ./Drivers/STM32F4xx_HAL_Driver/Src/stm32f4xx_hal.o
                0x08003348                HAL_Init
 .text.HAL_InitTick
                0x0800338c       0x60 ./Drivers/STM32F4xx_HAL_Driver/Src/stm32f4xx_hal.o
                0x0800338c                HAL_InitTick
 .text.HAL_IncTick
                0x080033ec       0x28 ./Drivers/STM32F4xx_HAL_Driver/Src/stm32f4xx_hal.o
                0x080033ec                HAL_IncTick
 .text.HAL_GetTick
                0x08003414       0x18 ./Drivers/STM32F4xx_HAL_Driver/Src/stm32f4xx_hal.o
                0x08003414                HAL_GetTick
 .text.HAL_Delay
                0x0800342c       0x48 ./Drivers/STM32F4xx_HAL_Driver/Src/stm32f4xx_hal.o
                0x0800342c                HAL_Delay
 .text.__NVIC_SetPriorityGrouping
                0x08003474       0x48 ./Drivers/STM32F4xx_HAL_Driver/Src/stm32f4xx_hal_cortex.o
 .text.__NVIC_GetPriorityGrouping
                0x080034bc       0x1c ./Drivers/STM32F4xx_HAL_Driver/Src/stm32f4xx_hal_cortex.o
 .text.__NVIC_SetPriority
                0x080034d8       0x54 ./Drivers/STM32F4xx_HAL_Driver/Src/stm32f4xx_hal_cortex.o
 .text.NVIC_EncodePriority
                0x0800352c       0x66 ./Drivers/STM32F4xx_HAL_Driver/Src/stm32f4xx_hal_cortex.o
 *fill*         0x08003592        0x2 
 .text.SysTick_Config
                0x08003594       0x44 ./Drivers/STM32F4xx_HAL_Driver/Src/stm32f4xx_hal_cortex.o
 .text.HAL_NVIC_SetPriorityGrouping
                0x080035d8       0x16 ./Drivers/STM32F4xx_HAL_Driver/Src/stm32f4xx_hal_cortex.o
                0x080035d8                HAL_NVIC_SetPriorityGrouping
 .text.HAL_NVIC_SetPriority
                0x080035ee       0x38 ./Drivers/STM32F4xx_HAL_Driver/Src/stm32f4xx_hal_cortex.o
                0x080035ee                HAL_NVIC_SetPriority
 .text.HAL_SYSTICK_Config
                0x08003626       0x18 ./Drivers/STM32F4xx_HAL_Driver/Src/stm32f4xx_hal_cortex.o
                0x08003626                HAL_SYSTICK_Config
 *fill*         0x0800363e        0x2 
 .text.HAL_GPIO_Init
                0x08003640      0x358 ./Drivers/STM32F4xx_HAL_Driver/Src/stm32f4xx_hal_gpio.o
                0x08003640                HAL_GPIO_Init
 .text.HAL_GPIO_DeInit
                0x08003998      0x218 ./Drivers/STM32F4xx_HAL_Driver/Src/stm32f4xx_hal_gpio.o
                0x08003998                HAL_GPIO_DeInit
 .text.HAL_GPIO_WritePin
                0x08003bb0       0x32 ./Drivers/STM32F4xx_HAL_Driver/Src/stm32f4xx_hal_gpio.o
                0x08003bb0                HAL_GPIO_WritePin
 *fill*         0x08003be2        0x2 
 .text.HAL_I2C_Init
                0x08003be4      0x288 ./Drivers/STM32F4xx_HAL_Driver/Src/stm32f4xx_hal_i2c.o
                0x08003be4                HAL_I2C_Init
 .text.HAL_I2C_Mem_Write
                0x08003e6c      0x1f4 ./Drivers/STM32F4xx_HAL_Driver/Src/stm32f4xx_hal_i2c.o
                0x08003e6c                HAL_I2C_Mem_Write
 .text.HAL_I2C_Mem_Read
                0x08004060      0x464 ./Drivers/STM32F4xx_HAL_Driver/Src/stm32f4xx_hal_i2c.o
                0x08004060                HAL_I2C_Mem_Read
 .text.I2C_RequestMemoryWrite
                0x080044c4      0x12c ./Drivers/STM32F4xx_HAL_Driver/Src/stm32f4xx_hal_i2c.o
 .text.I2C_RequestMemoryRead
                0x080045f0      0x1d0 ./Drivers/STM32F4xx_HAL_Driver/Src/stm32f4xx_hal_i2c.o
 .text.I2C_WaitOnFlagUntilTimeout
                0x080047c0       0xf4 ./Drivers/STM32F4xx_HAL_Driver/Src/stm32f4xx_hal_i2c.o
 .text.I2C_WaitOnMasterAddressFlagUntilTimeout
                0x080048b4      0x140 ./Drivers/STM32F4xx_HAL_Driver/Src/stm32f4xx_hal_i2c.o
 .text.I2C_WaitOnTXEFlagUntilTimeout
                0x080049f4       0x90 ./Drivers/STM32F4xx_HAL_Driver/Src/stm32f4xx_hal_i2c.o
 .text.I2C_WaitOnBTFFlagUntilTimeout
                0x08004a84       0x90 ./Drivers/STM32F4xx_HAL_Driver/Src/stm32f4xx_hal_i2c.o
 .text.I2C_WaitOnRXNEFlagUntilTimeout
                0x08004b14       0xba ./Drivers/STM32F4xx_HAL_Driver/Src/stm32f4xx_hal_i2c.o
 .text.I2C_IsAcknowledgeFailed
                0x08004bce       0x5e ./Drivers/STM32F4xx_HAL_Driver/Src/stm32f4xx_hal_i2c.o
 .text.HAL_I2CEx_ConfigAnalogFilter
                0x08004c2c       0x78 ./Drivers/STM32F4xx_HAL_Driver/Src/stm32f4xx_hal_i2c_ex.o
                0x08004c2c                HAL_I2CEx_ConfigAnalogFilter
 .text.HAL_I2CEx_ConfigDigitalFilter
                0x08004ca4       0x7e ./Drivers/STM32F4xx_HAL_Driver/Src/stm32f4xx_hal_i2c_ex.o
                0x08004ca4                HAL_I2CEx_ConfigDigitalFilter
 *fill*         0x08004d22        0x2 
 .text.HAL_LTDC_Init
                0x08004d24      0x1a0 ./Drivers/STM32F4xx_HAL_Driver/Src/stm32f4xx_hal_ltdc.o
                0x08004d24                HAL_LTDC_Init
 .text.HAL_LTDC_ConfigLayer
                0x08004ec4       0x7c ./Drivers/STM32F4xx_HAL_Driver/Src/stm32f4xx_hal_ltdc.o
                0x08004ec4                HAL_LTDC_ConfigLayer
 .text.LTDC_SetConfig
                0x08004f40      0x32e ./Drivers/STM32F4xx_HAL_Driver/Src/stm32f4xx_hal_ltdc.o
 *fill*         0x0800526e        0x2 
 .text.HAL_RCC_OscConfig
                0x08005270      0x4f0 ./Drivers/STM32F4xx_HAL_Driver/Src/stm32f4xx_hal_rcc.o
                0x08005270                HAL_RCC_OscConfig
 .text.HAL_RCC_ClockConfig
                0x08005760      0x1cc ./Drivers/STM32F4xx_HAL_Driver/Src/stm32f4xx_hal_rcc.o
                0x08005760                HAL_RCC_ClockConfig
 .text.HAL_RCC_GetSysClockFreq
                0x0800592c      0x20c ./Drivers/STM32F4xx_HAL_Driver/Src/stm32f4xx_hal_rcc.o
                0x0800592c                HAL_RCC_GetSysClockFreq
 .text.HAL_RCC_GetHCLKFreq
                0x08005b38       0x18 ./Drivers/STM32F4xx_HAL_Driver/Src/stm32f4xx_hal_rcc.o
                0x08005b38                HAL_RCC_GetHCLKFreq
 .text.HAL_RCC_GetPCLK1Freq
                0x08005b50       0x28 ./Drivers/STM32F4xx_HAL_Driver/Src/stm32f4xx_hal_rcc.o
                0x08005b50                HAL_RCC_GetPCLK1Freq
 .text.HAL_RCCEx_PeriphCLKConfig
                0x08005b78      0x380 ./Drivers/STM32F4xx_HAL_Driver/Src/stm32f4xx_hal_rcc_ex.o
                0x08005b78                HAL_RCCEx_PeriphCLKConfig
 .text.HAL_RNG_Init
                0x08005ef8       0x54 ./Drivers/STM32F4xx_HAL_Driver/Src/stm32f4xx_hal_rng.o
                0x08005ef8                HAL_RNG_Init
 .text.HAL_SPI_Init
                0x08005f4c      0x112 ./Drivers/STM32F4xx_HAL_Driver/Src/stm32f4xx_hal_spi.o
                0x08005f4c                HAL_SPI_Init
 .text.HAL_SPI_DeInit
                0x0800605e       0x50 ./Drivers/STM32F4xx_HAL_Driver/Src/stm32f4xx_hal_spi.o
                0x0800605e                HAL_SPI_DeInit
 .text.HAL_SPI_Transmit
                0x080060ae      0x288 ./Drivers/STM32F4xx_HAL_Driver/Src/stm32f4xx_hal_spi.o
                0x080060ae                HAL_SPI_Transmit
 .text.HAL_SPI_GetState
                0x08006336       0x1c ./Drivers/STM32F4xx_HAL_Driver/Src/stm32f4xx_hal_spi.o
                0x08006336                HAL_SPI_GetState
 *fill*         0x08006352        0x2 
 .text.SPI_WaitFlagStateUntilTimeout
                0x08006354      0x110 ./Drivers/STM32F4xx_HAL_Driver/Src/stm32f4xx_hal_spi.o
 .text.SPI_EndRxTxTransaction
                0x08006464       0xa8 ./Drivers/STM32F4xx_HAL_Driver/Src/stm32f4xx_hal_spi.o
 .text.HAL_TIM_Base_Init
                0x0800650c       0x9e ./Drivers/STM32F4xx_HAL_Driver/Src/stm32f4xx_hal_tim.o
                0x0800650c                HAL_TIM_Base_Init
 *fill*         0x080065aa        0x2 
 .text.HAL_TIM_Base_Start_IT
                0x080065ac       0xe0 ./Drivers/STM32F4xx_HAL_Driver/Src/stm32f4xx_hal_tim.o
                0x080065ac                HAL_TIM_Base_Start_IT
 .text.HAL_TIM_Base_Stop_IT
                0x0800668c       0x5e ./Drivers/STM32F4xx_HAL_Driver/Src/stm32f4xx_hal_tim.o
                0x0800668c                HAL_TIM_Base_Stop_IT
 .text.HAL_TIM_ConfigClockSource
                0x080066ea      0x18e ./Drivers/STM32F4xx_HAL_Driver/Src/stm32f4xx_hal_tim.o
                0x080066ea                HAL_TIM_ConfigClockSource
 .text.TIM_Base_SetConfig
                0x08006878      0x158 ./Drivers/STM32F4xx_HAL_Driver/Src/stm32f4xx_hal_tim.o
                0x08006878                TIM_Base_SetConfig
 .text.TIM_TI1_ConfigInputStage
                0x080069d0       0x5e ./Drivers/STM32F4xx_HAL_Driver/Src/stm32f4xx_hal_tim.o
 .text.TIM_TI2_ConfigInputStage
                0x08006a2e       0x60 ./Drivers/STM32F4xx_HAL_Driver/Src/stm32f4xx_hal_tim.o
 .text.TIM_ITRx_SetConfig
                0x08006a8e       0x36 ./Drivers/STM32F4xx_HAL_Driver/Src/stm32f4xx_hal_tim.o
 .text.TIM_ETR_SetConfig
                0x08006ac4       0x40 ./Drivers/STM32F4xx_HAL_Driver/Src/stm32f4xx_hal_tim.o
                0x08006ac4                TIM_ETR_SetConfig
 .text.HAL_TIMEx_MasterConfigSynchronization
                0x08006b04       0xf8 ./Drivers/STM32F4xx_HAL_Driver/Src/stm32f4xx_hal_tim_ex.o
                0x08006b04                HAL_TIMEx_MasterConfigSynchronization
 .text.sprintf  0x08006bfc       0x44 /Applications/STM32CubeIDE.app/Contents/Eclipse/plugins/com.st.stm32cube.ide.mcu.externaltools.gnu-tools-for-stm32.13.3.rel1.macos64_1.0.0.202411102158/tools/bin/../lib/gcc/arm-none-eabi/13.3.1/../../../../arm-none-eabi/lib/thumb/v7e-m+fp/hard/libc_nano.a(libc_a-sprintf.o)
                0x08006bfc                sprintf
                0x08006bfc                siprintf
 .text.memset   0x08006c40       0x10 /Applications/STM32CubeIDE.app/Contents/Eclipse/plugins/com.st.stm32cube.ide.mcu.externaltools.gnu-tools-for-stm32.13.3.rel1.macos64_1.0.0.202411102158/tools/bin/../lib/gcc/arm-none-eabi/13.3.1/../../../../arm-none-eabi/lib/thumb/v7e-m+fp/hard/libc_nano.a(libc_a-memset.o)
                0x08006c40                memset
 .text.__errno  0x08006c50        0xc /Applications/STM32CubeIDE.app/Contents/Eclipse/plugins/com.st.stm32cube.ide.mcu.externaltools.gnu-tools-for-stm32.13.3.rel1.macos64_1.0.0.202411102158/tools/bin/../lib/gcc/arm-none-eabi/13.3.1/../../../../arm-none-eabi/lib/thumb/v7e-m+fp/hard/libc_nano.a(libc_a-errno.o)
                0x08006c50                __errno
 .text.__libc_init_array
                0x08006c5c       0x48 /Applications/STM32CubeIDE.app/Contents/Eclipse/plugins/com.st.stm32cube.ide.mcu.externaltools.gnu-tools-for-stm32.13.3.rel1.macos64_1.0.0.202411102158/tools/bin/../lib/gcc/arm-none-eabi/13.3.1/../../../../arm-none-eabi/lib/thumb/v7e-m+fp/hard/libc_nano.a(libc_a-init.o)
                0x08006c5c                __libc_init_array
 .text.__retarget_lock_acquire_recursive
                0x08006ca4        0x2 /Applications/STM32CubeIDE.app/Contents/Eclipse/plugins/com.st.stm32cube.ide.mcu.externaltools.gnu-tools-for-stm32.13.3.rel1.macos64_1.0.0.202411102158/tools/bin/../lib/gcc/arm-none-eabi/13.3.1/../../../../arm-none-eabi/lib/thumb/v7e-m+fp/hard/libc_nano.a(libc_a-lock.o)
                0x08006ca4                __retarget_lock_acquire_recursive
 .text.__retarget_lock_release_recursive
                0x08006ca6        0x2 /Applications/STM32CubeIDE.app/Contents/Eclipse/plugins/com.st.stm32cube.ide.mcu.externaltools.gnu-tools-for-stm32.13.3.rel1.macos64_1.0.0.202411102158/tools/bin/../lib/gcc/arm-none-eabi/13.3.1/../../../../arm-none-eabi/lib/thumb/v7e-m+fp/hard/libc_nano.a(libc_a-lock.o)
                0x08006ca6                __retarget_lock_release_recursive
 .text.__ssputs_r
                0x08006ca8       0xb6 /Applications/STM32CubeIDE.app/Contents/Eclipse/plugins/com.st.stm32cube.ide.mcu.externaltools.gnu-tools-for-stm32.13.3.rel1.macos64_1.0.0.202411102158/tools/bin/../lib/gcc/arm-none-eabi/13.3.1/../../../../arm-none-eabi/lib/thumb/v7e-m+fp/hard/libc_nano.a(libc_a-nano-svfprintf.o)
                0x08006ca8                __ssputs_r
 *fill*         0x08006d5e        0x2 
 .text._svfprintf_r
                0x08006d60      0x1f8 /Applications/STM32CubeIDE.app/Contents/Eclipse/plugins/com.st.stm32cube.ide.mcu.externaltools.gnu-tools-for-stm32.13.3.rel1.macos64_1.0.0.202411102158/tools/bin/../lib/gcc/arm-none-eabi/13.3.1/../../../../arm-none-eabi/lib/thumb/v7e-m+fp/hard/libc_nano.a(libc_a-nano-svfprintf.o)
                0x08006d60                _svfprintf_r
                0x08006d60                _svfiprintf_r
 .text.sbrk_aligned
                0x08006f58       0x44 /Applications/STM32CubeIDE.app/Contents/Eclipse/plugins/com.st.stm32cube.ide.mcu.externaltools.gnu-tools-for-stm32.13.3.rel1.macos64_1.0.0.202411102158/tools/bin/../lib/gcc/arm-none-eabi/13.3.1/../../../../arm-none-eabi/lib/thumb/v7e-m+fp/hard/libc_nano.a(libc_a-mallocr.o)
 .text._malloc_r
                0x08006f9c      0x100 /Applications/STM32CubeIDE.app/Contents/Eclipse/plugins/com.st.stm32cube.ide.mcu.externaltools.gnu-tools-for-stm32.13.3.rel1.macos64_1.0.0.202411102158/tools/bin/../lib/gcc/arm-none-eabi/13.3.1/../../../../arm-none-eabi/lib/thumb/v7e-m+fp/hard/libc_nano.a(libc_a-mallocr.o)
                0x08006f9c                _malloc_r
 .text._printf_common
                0x0800709c       0xda /Applications/STM32CubeIDE.app/Contents/Eclipse/plugins/com.st.stm32cube.ide.mcu.externaltools.gnu-tools-for-stm32.13.3.rel1.macos64_1.0.0.202411102158/tools/bin/../lib/gcc/arm-none-eabi/13.3.1/../../../../arm-none-eabi/lib/thumb/v7e-m+fp/hard/libc_nano.a(libc_a-nano-vfprintf_i.o)
                0x0800709c                _printf_common
 *fill*         0x08007176        0x2 
 .text._printf_i
                0x08007178      0x23c /Applications/STM32CubeIDE.app/Contents/Eclipse/plugins/com.st.stm32cube.ide.mcu.externaltools.gnu-tools-for-stm32.13.3.rel1.macos64_1.0.0.202411102158/tools/bin/../lib/gcc/arm-none-eabi/13.3.1/../../../../arm-none-eabi/lib/thumb/v7e-m+fp/hard/libc_nano.a(libc_a-nano-vfprintf_i.o)
                0x08007178                _printf_i
 .text.__malloc_lock
                0x080073b4        0xc /Applications/STM32CubeIDE.app/Contents/Eclipse/plugins/com.st.stm32cube.ide.mcu.externaltools.gnu-tools-for-stm32.13.3.rel1.macos64_1.0.0.202411102158/tools/bin/../lib/gcc/arm-none-eabi/13.3.1/../../../../arm-none-eabi/lib/thumb/v7e-m+fp/hard/libc_nano.a(libc_a-mlock.o)
                0x080073b4                __malloc_lock
 .text.__malloc_unlock
                0x080073c0        0xc /Applications/STM32CubeIDE.app/Contents/Eclipse/plugins/com.st.stm32cube.ide.mcu.externaltools.gnu-tools-for-stm32.13.3.rel1.macos64_1.0.0.202411102158/tools/bin/../lib/gcc/arm-none-eabi/13.3.1/../../../../arm-none-eabi/lib/thumb/v7e-m+fp/hard/libc_nano.a(libc_a-mlock.o)
                0x080073c0                __malloc_unlock
 .text._realloc_r
                0x080073cc       0x5c /Applications/STM32CubeIDE.app/Contents/Eclipse/plugins/com.st.stm32cube.ide.mcu.externaltools.gnu-tools-for-stm32.13.3.rel1.macos64_1.0.0.202411102158/tools/bin/../lib/gcc/arm-none-eabi/13.3.1/../../../../arm-none-eabi/lib/thumb/v7e-m+fp/hard/libc_nano.a(libc_a-reallocr.o)
                0x080073cc                _realloc_r
 .text.memmove  0x08007428       0x34 /Applications/STM32CubeIDE.app/Contents/Eclipse/plugins/com.st.stm32cube.ide.mcu.externaltools.gnu-tools-for-stm32.13.3.rel1.macos64_1.0.0.202411102158/tools/bin/../lib/gcc/arm-none-eabi/13.3.1/../../../../arm-none-eabi/lib/thumb/v7e-m+fp/hard/libc_nano.a(libc_a-memmove.o)
                0x08007428                memmove
 .text._sbrk_r  0x0800745c       0x20 /Applications/STM32CubeIDE.app/Contents/Eclipse/plugins/com.st.stm32cube.ide.mcu.externaltools.gnu-tools-for-stm32.13.3.rel1.macos64_1.0.0.202411102158/tools/bin/../lib/gcc/arm-none-eabi/13.3.1/../../../../arm-none-eabi/lib/thumb/v7e-m+fp/hard/libc_nano.a(libc_a-sbrkr.o)
                0x0800745c                _sbrk_r
 .text.memcpy   0x0800747c       0x1c /Applications/STM32CubeIDE.app/Contents/Eclipse/plugins/com.st.stm32cube.ide.mcu.externaltools.gnu-tools-for-stm32.13.3.rel1.macos64_1.0.0.202411102158/tools/bin/../lib/gcc/arm-none-eabi/13.3.1/../../../../arm-none-eabi/lib/thumb/v7e-m+fp/hard/libc_nano.a(libc_a-memcpy-stub.o)
                0x0800747c                memcpy
 .text._free_r  0x08007498       0x94 /Applications/STM32CubeIDE.app/Contents/Eclipse/plugins/com.st.stm32cube.ide.mcu.externaltools.gnu-tools-for-stm32.13.3.rel1.macos64_1.0.0.202411102158/tools/bin/../lib/gcc/arm-none-eabi/13.3.1/../../../../arm-none-eabi/lib/thumb/v7e-m+fp/hard/libc_nano.a(libc_a-freer.o)
                0x08007498                _free_r
 .text._malloc_usable_size_r
                0x0800752c       0x10 /Applications/STM32CubeIDE.app/Contents/Eclipse/plugins/com.st.stm32cube.ide.mcu.externaltools.gnu-tools-for-stm32.13.3.rel1.macos64_1.0.0.202411102158/tools/bin/../lib/gcc/arm-none-eabi/13.3.1/../../../../arm-none-eabi/lib/thumb/v7e-m+fp/hard/libc_nano.a(libc_a-msizer.o)
                0x0800752c                _malloc_usable_size_r
 *(.glue_7)
 .glue_7        0x0800753c        0x0 linker stubs
 *(.glue_7t)
 .glue_7t       0x0800753c        0x0 linker stubs
 *(.eh_frame)
 .eh_frame      0x0800753c        0x0 /Applications/STM32CubeIDE.app/Contents/Eclipse/plugins/com.st.stm32cube.ide.mcu.externaltools.gnu-tools-for-stm32.13.3.rel1.macos64_1.0.0.202411102158/tools/bin/../lib/gcc/arm-none-eabi/13.3.1/thumb/v7e-m+fp/hard/crtbegin.o
 *(.init)
 .init          0x0800753c        0x4 /Applications/STM32CubeIDE.app/Contents/Eclipse/plugins/com.st.stm32cube.ide.mcu.externaltools.gnu-tools-for-stm32.13.3.rel1.macos64_1.0.0.202411102158/tools/bin/../lib/gcc/arm-none-eabi/13.3.1/thumb/v7e-m+fp/hard/crti.o
                0x0800753c                _init
 .init          0x08007540        0x8 /Applications/STM32CubeIDE.app/Contents/Eclipse/plugins/com.st.stm32cube.ide.mcu.externaltools.gnu-tools-for-stm32.13.3.rel1.macos64_1.0.0.202411102158/tools/bin/../lib/gcc/arm-none-eabi/13.3.1/thumb/v7e-m+fp/hard/crtn.o
 *(.fini)
 .fini          0x08007548        0x4 /Applications/STM32CubeIDE.app/Contents/Eclipse/plugins/com.st.stm32cube.ide.mcu.externaltools.gnu-tools-for-stm32.13.3.rel1.macos64_1.0.0.202411102158/tools/bin/../lib/gcc/arm-none-eabi/13.3.1/thumb/v7e-m+fp/hard/crti.o
                0x08007548                _fini
 .fini          0x0800754c        0x8 /Applications/STM32CubeIDE.app/Contents/Eclipse/plugins/com.st.stm32cube.ide.mcu.externaltools.gnu-tools-for-stm32.13.3.rel1.macos64_1.0.0.202411102158/tools/bin/../lib/gcc/arm-none-eabi/13.3.1/thumb/v7e-m+fp/hard/crtn.o
                0x08007554                        . = ALIGN (0x4)
                0x08007554                        _etext = .

.vfp11_veneer   0x08007554        0x0
 .vfp11_veneer  0x08007554        0x0 linker stubs

.v4_bx          0x08007554        0x0
 .v4_bx         0x08007554        0x0 linker stubs

.iplt           0x08007554        0x0
 .iplt          0x08007554        0x0 /Applications/STM32CubeIDE.app/Contents/Eclipse/plugins/com.st.stm32cube.ide.mcu.externaltools.gnu-tools-for-stm32.13.3.rel1.macos64_1.0.0.202411102158/tools/bin/../lib/gcc/arm-none-eabi/13.3.1/thumb/v7e-m+fp/hard/crtbegin.o

.rodata         0x08007554     0x1220
                0x08007554                        . = ALIGN (0x4)
 *(.rodata)
 .rodata        0x08007554        0x4 ./Core/Src/LCD_Driver.o
 *(.rodata*)
 .rodata.ASCII16x24_Table
                0x08007558     0x11d0 ./Core/Src/fonts.o
                0x08007558                ASCII16x24_Table
 .rodata.AHBPrescTable
                0x08008728       0x10 ./Core/Src/system_stm32f4xx.o
                0x08008728                AHBPrescTable
 .rodata.APBPrescTable
                0x08008738        0x8 ./Core/Src/system_stm32f4xx.o
                0x08008738                APBPrescTable
 .rodata._svfprintf_r.str1.1
                0x08008740       0x33 /Applications/STM32CubeIDE.app/Contents/Eclipse/plugins/com.st.stm32cube.ide.mcu.externaltools.gnu-tools-for-stm32.13.3.rel1.macos64_1.0.0.202411102158/tools/bin/../lib/gcc/arm-none-eabi/13.3.1/../../../../arm-none-eabi/lib/thumb/v7e-m+fp/hard/libc_nano.a(libc_a-nano-svfprintf.o)
                                 0x11 (size before relaxing)
 .rodata._printf_i.str1.1
                0x08008773       0x22 /Applications/STM32CubeIDE.app/Contents/Eclipse/plugins/com.st.stm32cube.ide.mcu.externaltools.gnu-tools-for-stm32.13.3.rel1.macos64_1.0.0.202411102158/tools/bin/../lib/gcc/arm-none-eabi/13.3.1/../../../../arm-none-eabi/lib/thumb/v7e-m+fp/hard/libc_nano.a(libc_a-nano-vfprintf_i.o)
                0x08008798                        . = ALIGN (0x4)
 *fill*         0x08008773        0x1 

.ARM.extab      0x08008774        0x0
                0x08008774                        . = ALIGN (0x4)
 *(.ARM.extab* .gnu.linkonce.armextab.*)
                0x08008774                        . = ALIGN (0x4)

.ARM            0x08008774        0x8
                0x08008774                        . = ALIGN (0x4)
                0x08008774                        __exidx_start = .
 *(.ARM.exidx*)
 .ARM.exidx     0x08008774        0x8 /Applications/STM32CubeIDE.app/Contents/Eclipse/plugins/com.st.stm32cube.ide.mcu.externaltools.gnu-tools-for-stm32.13.3.rel1.macos64_1.0.0.202411102158/tools/bin/../lib/gcc/arm-none-eabi/13.3.1/../../../../arm-none-eabi/lib/thumb/v7e-m+fp/hard/libc_nano.a(libc_a-memchr.o)
 .ARM.exidx     0x0800877c        0x0 /Applications/STM32CubeIDE.app/Contents/Eclipse/plugins/com.st.stm32cube.ide.mcu.externaltools.gnu-tools-for-stm32.13.3.rel1.macos64_1.0.0.202411102158/tools/bin/../lib/gcc/arm-none-eabi/13.3.1/thumb/v7e-m+fp/hard/libgcc.a(_udivmoddi4.o)
                                  0x8 (size before relaxing)
                0x0800877c                        __exidx_end = .
                0x0800877c                        . = ALIGN (0x4)

.preinit_array  0x0800877c        0x0
                0x0800877c                        . = ALIGN (0x4)
                0x0800877c                        PROVIDE (__preinit_array_start = .)
 *(.preinit_array*)
                0x0800877c                        PROVIDE (__preinit_array_end = .)
                0x0800877c                        . = ALIGN (0x4)

.init_array     0x0800877c        0x4
                0x0800877c                        . = ALIGN (0x4)
                0x0800877c                        PROVIDE (__init_array_start = .)
 *(SORT_BY_NAME(.init_array.*))
 *(.init_array*)
 .init_array    0x0800877c        0x4 /Applications/STM32CubeIDE.app/Contents/Eclipse/plugins/com.st.stm32cube.ide.mcu.externaltools.gnu-tools-for-stm32.13.3.rel1.macos64_1.0.0.202411102158/tools/bin/../lib/gcc/arm-none-eabi/13.3.1/thumb/v7e-m+fp/hard/crtbegin.o
                0x08008780                        PROVIDE (__init_array_end = .)
                0x08008780                        . = ALIGN (0x4)

.fini_array     0x08008780        0x4
                0x08008780                        . = ALIGN (0x4)
                [!provide]                        PROVIDE (__fini_array_start = .)
 *(SORT_BY_NAME(.fini_array.*))
 *(.fini_array*)
 .fini_array    0x08008780        0x4 /Applications/STM32CubeIDE.app/Contents/Eclipse/plugins/com.st.stm32cube.ide.mcu.externaltools.gnu-tools-for-stm32.13.3.rel1.macos64_1.0.0.202411102158/tools/bin/../lib/gcc/arm-none-eabi/13.3.1/thumb/v7e-m+fp/hard/crtbegin.o
                [!provide]                        PROVIDE (__fini_array_end = .)
                0x08008784                        . = ALIGN (0x4)
                0x08008784                        _sidata = LOADADDR (.data)

.rel.dyn        0x08008784        0x0
 .rel.iplt      0x08008784        0x0 /Applications/STM32CubeIDE.app/Contents/Eclipse/plugins/com.st.stm32cube.ide.mcu.externaltools.gnu-tools-for-stm32.13.3.rel1.macos64_1.0.0.202411102158/tools/bin/../lib/gcc/arm-none-eabi/13.3.1/thumb/v7e-m+fp/hard/crtbegin.o

.data           0x20000000       0x6c load address 0x08008784
                0x20000000                        . = ALIGN (0x4)
                0x20000000                        _sdata = .
 *(.data)
 *(.data*)
 .data.CurrentTextColor
                0x20000000        0x2 ./Core/Src/LCD_Driver.o
 *fill*         0x20000002        0x2 
 .data.Font16x24
                0x20000004        0x8 ./Core/Src/fonts.o
                0x20000004                Font16x24
 .data.SpiTimeout
                0x2000000c        0x4 ./Core/Src/ili9341.o
                0x2000000c                SpiTimeout
 .data.SystemCoreClock
                0x20000010        0x4 ./Core/Src/system_stm32f4xx.o
                0x20000010                SystemCoreClock
 .data.uwTickPrio
                0x20000014        0x4 ./Drivers/STM32F4xx_HAL_Driver/Src/stm32f4xx_hal.o
                0x20000014                uwTickPrio
 .data.uwTickFreq
                0x20000018        0x1 ./Drivers/STM32F4xx_HAL_Driver/Src/stm32f4xx_hal.o
                0x20000018                uwTickFreq
 *fill*         0x20000019        0x3 
 .data._impure_ptr
                0x2000001c        0x4 /Applications/STM32CubeIDE.app/Contents/Eclipse/plugins/com.st.stm32cube.ide.mcu.externaltools.gnu-tools-for-stm32.13.3.rel1.macos64_1.0.0.202411102158/tools/bin/../lib/gcc/arm-none-eabi/13.3.1/../../../../arm-none-eabi/lib/thumb/v7e-m+fp/hard/libc_nano.a(libc_a-impure.o)
                0x2000001c                _impure_ptr
 .data._impure_data
                0x20000020       0x4c /Applications/STM32CubeIDE.app/Contents/Eclipse/plugins/com.st.stm32cube.ide.mcu.externaltools.gnu-tools-for-stm32.13.3.rel1.macos64_1.0.0.202411102158/tools/bin/../lib/gcc/arm-none-eabi/13.3.1/../../../../arm-none-eabi/lib/thumb/v7e-m+fp/hard/libc_nano.a(libc_a-impure.o)
                0x20000020                _impure_data
 *(.RamFunc)
 *(.RamFunc*)
                0x2000006c                        . = ALIGN (0x4)
                0x2000006c                        _edata = .
                0x080087f0                        _siccmram = LOADADDR (.ccmram)

.igot.plt       0x2000006c        0x0 load address 0x080087f0
 .igot.plt      0x2000006c        0x0 /Applications/STM32CubeIDE.app/Contents/Eclipse/plugins/com.st.stm32cube.ide.mcu.externaltools.gnu-tools-for-stm32.13.3.rel1.macos64_1.0.0.202411102158/tools/bin/../lib/gcc/arm-none-eabi/13.3.1/thumb/v7e-m+fp/hard/crtbegin.o

.ccmram         0x10000000        0x0 load address 0x080087f0
                0x10000000                        . = ALIGN (0x4)
                0x10000000                        _sccmram = .
 *(.ccmram)
 *(.ccmram*)
                0x10000000                        . = ALIGN (0x4)
                0x10000000                        _eccmram = .
                0x10000000                        . = ALIGN (0x4)

.bss            0x2000006c    0x25d00
                0x2000006c                        _sbss = .
                0x2000006c                        __bss_start__ = _sbss
 *(.bss)
 .bss           0x2000006c       0x1c /Applications/STM32CubeIDE.app/Contents/Eclipse/plugins/com.st.stm32cube.ide.mcu.externaltools.gnu-tools-for-stm32.13.3.rel1.macos64_1.0.0.202411102158/tools/bin/../lib/gcc/arm-none-eabi/13.3.1/thumb/v7e-m+fp/hard/crtbegin.o
 *(.bss*)
 .bss.gameSelect
                0x20000088        0x1 ./Core/Src/ApplicationCode.o
 *fill*         0x20000089        0x3 
 .bss.StaticTouchData
                0x2000008c        0x8 ./Core/Src/ApplicationCode.o
 .bss.sessionGameMode
                0x20000094        0x1 ./Core/Src/GameLogic.o
 .bss.playerTurn
                0x20000095        0x1 ./Core/Src/GameLogic.o
 .bss.gameOver  0x20000096        0x1 ./Core/Src/GameLogic.o
 *fill*         0x20000097        0x1 
 .bss.gameBoard
                0x20000098       0x2a ./Core/Src/GameLogic.o
 *fill*         0x200000c2        0x2 
 .bss.StaticTouchData
                0x200000c4        0x8 ./Core/Src/GameLogic.o
 .bss.yellowWinCount
                0x200000cc        0x1 ./Core/Src/GameLogic.o
                0x200000cc                yellowWinCount
 .bss.redWinCount
                0x200000cd        0x1 ./Core/Src/GameLogic.o
                0x200000cd                redWinCount
 *fill*         0x200000ce        0x2 
 .bss.numSecondsElapsedInGame
                0x200000d0        0x4 ./Core/Src/GameLogic.o
                0x200000d0                numSecondsElapsedInGame
 .bss.gameCoin  0x200000d4        0x4 ./Core/Src/GameLogic.o
                0x200000d4                gameCoin
 .bss.hltdc     0x200000d8       0xa8 ./Core/Src/LCD_Driver.o
 .bss.PeriphClkInitStruct
                0x20000180       0x30 ./Core/Src/LCD_Driver.o
 .bss.LCD_Currentfonts
                0x200001b0        0x4 ./Core/Src/LCD_Driver.o
 .bss.buffer    0x200001b4        0x8 ./Core/Src/LCD_Driver.o
 .bss.frameBuffer
                0x200001bc    0x25800 ./Core/Src/LCD_Driver.o
                0x200001bc                frameBuffer
 .bss.SpiHandle
                0x200259bc       0x58 ./Core/Src/ili9341.o
 .bss.Is_LCD_IO_Initialized
                0x20025a14        0x1 ./Core/Src/ili9341.o
 *fill*         0x20025a15        0x3 
 .bss.hi2c3     0x20025a18       0x54 ./Core/Src/main.o
                0x20025a18                hi2c3
 .bss.hltdc     0x20025a6c       0xa8 ./Core/Src/main.o
                0x20025a6c                hltdc
 .bss.hrng      0x20025b14       0x10 ./Core/Src/main.o
                0x20025b14                hrng
 .bss.hspi5     0x20025b24       0x58 ./Core/Src/main.o
                0x20025b24                hspi5
 .bss.htim2     0x20025b7c       0x48 ./Core/Src/main.o
                0x20025b7c                htim2
 .bss.hI2C3     0x20025bc4       0x54 ./Core/Src/stmpe811.o
 .bss.HAL_status
                0x20025c18        0x1 ./Core/Src/stmpe811.o
 *fill*         0x20025c19        0x3 
 .bss.__sbrk_heap_end
                0x20025c1c        0x4 ./Core/Src/sysmem.o
 .bss.uwTick    0x20025c20        0x4 ./Drivers/STM32F4xx_HAL_Driver/Src/stm32f4xx_hal.o
                0x20025c20                uwTick
 .bss.__sf      0x20025c24      0x138 /Applications/STM32CubeIDE.app/Contents/Eclipse/plugins/com.st.stm32cube.ide.mcu.externaltools.gnu-tools-for-stm32.13.3.rel1.macos64_1.0.0.202411102158/tools/bin/../lib/gcc/arm-none-eabi/13.3.1/../../../../arm-none-eabi/lib/thumb/v7e-m+fp/hard/libc_nano.a(libc_a-findfp.o)
                0x20025c24                __sf
 .bss.__lock___malloc_recursive_mutex
                0x20025d5c        0x1 /Applications/STM32CubeIDE.app/Contents/Eclipse/plugins/com.st.stm32cube.ide.mcu.externaltools.gnu-tools-for-stm32.13.3.rel1.macos64_1.0.0.202411102158/tools/bin/../lib/gcc/arm-none-eabi/13.3.1/../../../../arm-none-eabi/lib/thumb/v7e-m+fp/hard/libc_nano.a(libc_a-lock.o)
                0x20025d5c                __lock___malloc_recursive_mutex
 *fill*         0x20025d5d        0x3 
 .bss.__malloc_sbrk_start
                0x20025d60        0x4 /Applications/STM32CubeIDE.app/Contents/Eclipse/plugins/com.st.stm32cube.ide.mcu.externaltools.gnu-tools-for-stm32.13.3.rel1.macos64_1.0.0.202411102158/tools/bin/../lib/gcc/arm-none-eabi/13.3.1/../../../../arm-none-eabi/lib/thumb/v7e-m+fp/hard/libc_nano.a(libc_a-mallocr.o)
                0x20025d60                __malloc_sbrk_start
 .bss.__malloc_free_list
                0x20025d64        0x4 /Applications/STM32CubeIDE.app/Contents/Eclipse/plugins/com.st.stm32cube.ide.mcu.externaltools.gnu-tools-for-stm32.13.3.rel1.macos64_1.0.0.202411102158/tools/bin/../lib/gcc/arm-none-eabi/13.3.1/../../../../arm-none-eabi/lib/thumb/v7e-m+fp/hard/libc_nano.a(libc_a-mallocr.o)
                0x20025d64                __malloc_free_list
 .bss.errno     0x20025d68        0x4 /Applications/STM32CubeIDE.app/Contents/Eclipse/plugins/com.st.stm32cube.ide.mcu.externaltools.gnu-tools-for-stm32.13.3.rel1.macos64_1.0.0.202411102158/tools/bin/../lib/gcc/arm-none-eabi/13.3.1/../../../../arm-none-eabi/lib/thumb/v7e-m+fp/hard/libc_nano.a(libc_a-reent.o)
                0x20025d68                errno
 *(COMMON)
                0x20025d6c                        . = ALIGN (0x4)
                0x20025d6c                        _ebss = .
                0x20025d6c                        __bss_end__ = _ebss

._user_heap_stack
                0x20025d6c      0x604
                0x20025d70                        . = ALIGN (0x8)
 *fill*         0x20025d6c        0x4 
                [!provide]                        PROVIDE (end = .)
                0x20025d70                        PROVIDE (_end = .)
                0x20025f70                        . = (. + _Min_Heap_Size)
 *fill*         0x20025d70      0x200 
                0x20026370                        . = (. + _Min_Stack_Size)
 *fill*         0x20025f70      0x400 
                0x20026370                        . = ALIGN (0x8)

/DISCARD/
 libc.a(*)
 libm.a(*)
 libgcc.a(*)

.ARM.attributes
                0x00000000       0x30
 *(.ARM.attributes)
 .ARM.attributes
                0x00000000       0x22 /Applications/STM32CubeIDE.app/Contents/Eclipse/plugins/com.st.stm32cube.ide.mcu.externaltools.gnu-tools-for-stm32.13.3.rel1.macos64_1.0.0.202411102158/tools/bin/../lib/gcc/arm-none-eabi/13.3.1/thumb/v7e-m+fp/hard/crti.o
 .ARM.attributes
                0x00000022       0x34 /Applications/STM32CubeIDE.app/Contents/Eclipse/plugins/com.st.stm32cube.ide.mcu.externaltools.gnu-tools-for-stm32.13.3.rel1.macos64_1.0.0.202411102158/tools/bin/../lib/gcc/arm-none-eabi/13.3.1/thumb/v7e-m+fp/hard/crtbegin.o
 .ARM.attributes
                0x00000056       0x34 ./Core/Src/ApplicationCode.o
 .ARM.attributes
                0x0000008a       0x34 ./Core/Src/Button_Driver.o
 .ARM.attributes
                0x000000be       0x34 ./Core/Src/GameLogic.o
 .ARM.attributes
                0x000000f2       0x34 ./Core/Src/InterruptControl.o
 .ARM.attributes
                0x00000126       0x34 ./Core/Src/LCD_Driver.o
 .ARM.attributes
                0x0000015a       0x34 ./Core/Src/fonts.o
 .ARM.attributes
                0x0000018e       0x34 ./Core/Src/ili9341.o
 .ARM.attributes
                0x000001c2       0x34 ./Core/Src/main.o
 .ARM.attributes
                0x000001f6       0x34 ./Core/Src/stm32f4xx_hal_msp.o
 .ARM.attributes
                0x0000022a       0x34 ./Core/Src/stm32f4xx_it.o
 .ARM.attributes
                0x0000025e       0x34 ./Core/Src/stmpe811.o
 .ARM.attributes
                0x00000292       0x34 ./Core/Src/syscalls.o
 .ARM.attributes
                0x000002c6       0x34 ./Core/Src/sysmem.o
 .ARM.attributes
                0x000002fa       0x34 ./Core/Src/system_stm32f4xx.o
 .ARM.attributes
                0x0000032e       0x21 ./Core/Startup/startup_stm32f429zitx.o
 .ARM.attributes
                0x0000034f       0x34 ./Drivers/STM32F4xx_HAL_Driver/Src/stm32f4xx_hal.o
 .ARM.attributes
                0x00000383       0x34 ./Drivers/STM32F4xx_HAL_Driver/Src/stm32f4xx_hal_cortex.o
 .ARM.attributes
                0x000003b7       0x34 ./Drivers/STM32F4xx_HAL_Driver/Src/stm32f4xx_hal_gpio.o
 .ARM.attributes
                0x000003eb       0x34 ./Drivers/STM32F4xx_HAL_Driver/Src/stm32f4xx_hal_i2c.o
 .ARM.attributes
                0x0000041f       0x34 ./Drivers/STM32F4xx_HAL_Driver/Src/stm32f4xx_hal_i2c_ex.o
 .ARM.attributes
                0x00000453       0x34 ./Drivers/STM32F4xx_HAL_Driver/Src/stm32f4xx_hal_ltdc.o
 .ARM.attributes
                0x00000487       0x34 ./Drivers/STM32F4xx_HAL_Driver/Src/stm32f4xx_hal_rcc.o
 .ARM.attributes
                0x000004bb       0x34 ./Drivers/STM32F4xx_HAL_Driver/Src/stm32f4xx_hal_rcc_ex.o
 .ARM.attributes
                0x000004ef       0x34 ./Drivers/STM32F4xx_HAL_Driver/Src/stm32f4xx_hal_rng.o
 .ARM.attributes
                0x00000523       0x34 ./Drivers/STM32F4xx_HAL_Driver/Src/stm32f4xx_hal_spi.o
 .ARM.attributes
                0x00000557       0x34 ./Drivers/STM32F4xx_HAL_Driver/Src/stm32f4xx_hal_tim.o
 .ARM.attributes
                0x0000058b       0x34 ./Drivers/STM32F4xx_HAL_Driver/Src/stm32f4xx_hal_tim_ex.o
 .ARM.attributes
                0x000005bf       0x34 /Applications/STM32CubeIDE.app/Contents/Eclipse/plugins/com.st.stm32cube.ide.mcu.externaltools.gnu-tools-for-stm32.13.3.rel1.macos64_1.0.0.202411102158/tools/bin/../lib/gcc/arm-none-eabi/13.3.1/../../../../arm-none-eabi/lib/thumb/v7e-m+fp/hard/libc_nano.a(libc_a-sprintf.o)
 .ARM.attributes
                0x000005f3       0x34 /Applications/STM32CubeIDE.app/Contents/Eclipse/plugins/com.st.stm32cube.ide.mcu.externaltools.gnu-tools-for-stm32.13.3.rel1.macos64_1.0.0.202411102158/tools/bin/../lib/gcc/arm-none-eabi/13.3.1/../../../../arm-none-eabi/lib/thumb/v7e-m+fp/hard/libc_nano.a(libc_a-findfp.o)
 .ARM.attributes
                0x00000627       0x34 /Applications/STM32CubeIDE.app/Contents/Eclipse/plugins/com.st.stm32cube.ide.mcu.externaltools.gnu-tools-for-stm32.13.3.rel1.macos64_1.0.0.202411102158/tools/bin/../lib/gcc/arm-none-eabi/13.3.1/../../../../arm-none-eabi/lib/thumb/v7e-m+fp/hard/libc_nano.a(libc_a-memset.o)
 .ARM.attributes
                0x0000065b       0x34 /Applications/STM32CubeIDE.app/Contents/Eclipse/plugins/com.st.stm32cube.ide.mcu.externaltools.gnu-tools-for-stm32.13.3.rel1.macos64_1.0.0.202411102158/tools/bin/../lib/gcc/arm-none-eabi/13.3.1/../../../../arm-none-eabi/lib/thumb/v7e-m+fp/hard/libc_nano.a(libc_a-errno.o)
 .ARM.attributes
                0x0000068f       0x34 /Applications/STM32CubeIDE.app/Contents/Eclipse/plugins/com.st.stm32cube.ide.mcu.externaltools.gnu-tools-for-stm32.13.3.rel1.macos64_1.0.0.202411102158/tools/bin/../lib/gcc/arm-none-eabi/13.3.1/../../../../arm-none-eabi/lib/thumb/v7e-m+fp/hard/libc_nano.a(libc_a-init.o)
 .ARM.attributes
                0x000006c3       0x34 /Applications/STM32CubeIDE.app/Contents/Eclipse/plugins/com.st.stm32cube.ide.mcu.externaltools.gnu-tools-for-stm32.13.3.rel1.macos64_1.0.0.202411102158/tools/bin/../lib/gcc/arm-none-eabi/13.3.1/../../../../arm-none-eabi/lib/thumb/v7e-m+fp/hard/libc_nano.a(libc_a-lock.o)
 .ARM.attributes
                0x000006f7       0x34 /Applications/STM32CubeIDE.app/Contents/Eclipse/plugins/com.st.stm32cube.ide.mcu.externaltools.gnu-tools-for-stm32.13.3.rel1.macos64_1.0.0.202411102158/tools/bin/../lib/gcc/arm-none-eabi/13.3.1/../../../../arm-none-eabi/lib/thumb/v7e-m+fp/hard/libc_nano.a(libc_a-impure.o)
 .ARM.attributes
                0x0000072b       0x34 /Applications/STM32CubeIDE.app/Contents/Eclipse/plugins/com.st.stm32cube.ide.mcu.externaltools.gnu-tools-for-stm32.13.3.rel1.macos64_1.0.0.202411102158/tools/bin/../lib/gcc/arm-none-eabi/13.3.1/../../../../arm-none-eabi/lib/thumb/v7e-m+fp/hard/libc_nano.a(libc_a-nano-svfprintf.o)
 .ARM.attributes
                0x0000075f       0x34 /Applications/STM32CubeIDE.app/Contents/Eclipse/plugins/com.st.stm32cube.ide.mcu.externaltools.gnu-tools-for-stm32.13.3.rel1.macos64_1.0.0.202411102158/tools/bin/../lib/gcc/arm-none-eabi/13.3.1/../../../../arm-none-eabi/lib/thumb/v7e-m+fp/hard/libc_nano.a(libc_a-mallocr.o)
 .ARM.attributes
                0x00000793       0x34 /Applications/STM32CubeIDE.app/Contents/Eclipse/plugins/com.st.stm32cube.ide.mcu.externaltools.gnu-tools-for-stm32.13.3.rel1.macos64_1.0.0.202411102158/tools/bin/../lib/gcc/arm-none-eabi/13.3.1/../../../../arm-none-eabi/lib/thumb/v7e-m+fp/hard/libc_nano.a(libc_a-nano-vfprintf_i.o)
 .ARM.attributes
                0x000007c7       0x34 /Applications/STM32CubeIDE.app/Contents/Eclipse/plugins/com.st.stm32cube.ide.mcu.externaltools.gnu-tools-for-stm32.13.3.rel1.macos64_1.0.0.202411102158/tools/bin/../lib/gcc/arm-none-eabi/13.3.1/../../../../arm-none-eabi/lib/thumb/v7e-m+fp/hard/libc_nano.a(libc_a-mlock.o)
 .ARM.attributes
                0x000007fb       0x34 /Applications/STM32CubeIDE.app/Contents/Eclipse/plugins/com.st.stm32cube.ide.mcu.externaltools.gnu-tools-for-stm32.13.3.rel1.macos64_1.0.0.202411102158/tools/bin/../lib/gcc/arm-none-eabi/13.3.1/../../../../arm-none-eabi/lib/thumb/v7e-m+fp/hard/libc_nano.a(libc_a-reallocr.o)
 .ARM.attributes
                0x0000082f       0x34 /Applications/STM32CubeIDE.app/Contents/Eclipse/plugins/com.st.stm32cube.ide.mcu.externaltools.gnu-tools-for-stm32.13.3.rel1.macos64_1.0.0.202411102158/tools/bin/../lib/gcc/arm-none-eabi/13.3.1/../../../../arm-none-eabi/lib/thumb/v7e-m+fp/hard/libc_nano.a(libc_a-memmove.o)
 .ARM.attributes
                0x00000863       0x34 /Applications/STM32CubeIDE.app/Contents/Eclipse/plugins/com.st.stm32cube.ide.mcu.externaltools.gnu-tools-for-stm32.13.3.rel1.macos64_1.0.0.202411102158/tools/bin/../lib/gcc/arm-none-eabi/13.3.1/../../../../arm-none-eabi/lib/thumb/v7e-m+fp/hard/libc_nano.a(libc_a-sbrkr.o)
 .ARM.attributes
                0x00000897       0x34 /Applications/STM32CubeIDE.app/Contents/Eclipse/plugins/com.st.stm32cube.ide.mcu.externaltools.gnu-tools-for-stm32.13.3.rel1.macos64_1.0.0.202411102158/tools/bin/../lib/gcc/arm-none-eabi/13.3.1/../../../../arm-none-eabi/lib/thumb/v7e-m+fp/hard/libc_nano.a(libc_a-reent.o)
 .ARM.attributes
                0x000008cb       0x1c /Applications/STM32CubeIDE.app/Contents/Eclipse/plugins/com.st.stm32cube.ide.mcu.externaltools.gnu-tools-for-stm32.13.3.rel1.macos64_1.0.0.202411102158/tools/bin/../lib/gcc/arm-none-eabi/13.3.1/../../../../arm-none-eabi/lib/thumb/v7e-m+fp/hard/libc_nano.a(libc_a-memchr.o)
 .ARM.attributes
                0x000008e7       0x34 /Applications/STM32CubeIDE.app/Contents/Eclipse/plugins/com.st.stm32cube.ide.mcu.externaltools.gnu-tools-for-stm32.13.3.rel1.macos64_1.0.0.202411102158/tools/bin/../lib/gcc/arm-none-eabi/13.3.1/../../../../arm-none-eabi/lib/thumb/v7e-m+fp/hard/libc_nano.a(libc_a-memcpy-stub.o)
 .ARM.attributes
                0x0000091b       0x34 /Applications/STM32CubeIDE.app/Contents/Eclipse/plugins/com.st.stm32cube.ide.mcu.externaltools.gnu-tools-for-stm32.13.3.rel1.macos64_1.0.0.202411102158/tools/bin/../lib/gcc/arm-none-eabi/13.3.1/../../../../arm-none-eabi/lib/thumb/v7e-m+fp/hard/libc_nano.a(libc_a-freer.o)
 .ARM.attributes
                0x0000094f       0x34 /Applications/STM32CubeIDE.app/Contents/Eclipse/plugins/com.st.stm32cube.ide.mcu.externaltools.gnu-tools-for-stm32.13.3.rel1.macos64_1.0.0.202411102158/tools/bin/../lib/gcc/arm-none-eabi/13.3.1/../../../../arm-none-eabi/lib/thumb/v7e-m+fp/hard/libc_nano.a(libc_a-msizer.o)
 .ARM.attributes
                0x00000983       0x22 /Applications/STM32CubeIDE.app/Contents/Eclipse/plugins/com.st.stm32cube.ide.mcu.externaltools.gnu-tools-for-stm32.13.3.rel1.macos64_1.0.0.202411102158/tools/bin/../lib/gcc/arm-none-eabi/13.3.1/thumb/v7e-m+fp/hard/libgcc.a(_aeabi_uldivmod.o)
 .ARM.attributes
                0x000009a5       0x34 /Applications/STM32CubeIDE.app/Contents/Eclipse/plugins/com.st.stm32cube.ide.mcu.externaltools.gnu-tools-for-stm32.13.3.rel1.macos64_1.0.0.202411102158/tools/bin/../lib/gcc/arm-none-eabi/13.3.1/thumb/v7e-m+fp/hard/libgcc.a(_udivmoddi4.o)
 .ARM.attributes
                0x000009d9       0x22 /Applications/STM32CubeIDE.app/Contents/Eclipse/plugins/com.st.stm32cube.ide.mcu.externaltools.gnu-tools-for-stm32.13.3.rel1.macos64_1.0.0.202411102158/tools/bin/../lib/gcc/arm-none-eabi/13.3.1/thumb/v7e-m+fp/hard/libgcc.a(_dvmd_tls.o)
 .ARM.attributes
                0x000009fb       0x22 /Applications/STM32CubeIDE.app/Contents/Eclipse/plugins/com.st.stm32cube.ide.mcu.externaltools.gnu-tools-for-stm32.13.3.rel1.macos64_1.0.0.202411102158/tools/bin/../lib/gcc/arm-none-eabi/13.3.1/thumb/v7e-m+fp/hard/crtn.o
OUTPUT(ECEN2370_Final_Project.elf elf32-littlearm)
LOAD linker stubs
LOAD /Applications/STM32CubeIDE.app/Contents/Eclipse/plugins/com.st.stm32cube.ide.mcu.externaltools.gnu-tools-for-stm32.13.3.rel1.macos64_1.0.0.202411102158/tools/bin/../lib/gcc/arm-none-eabi/13.3.1/../../../../arm-none-eabi/lib/thumb/v7e-m+fp/hard/libc.a
LOAD /Applications/STM32CubeIDE.app/Contents/Eclipse/plugins/com.st.stm32cube.ide.mcu.externaltools.gnu-tools-for-stm32.13.3.rel1.macos64_1.0.0.202411102158/tools/bin/../lib/gcc/arm-none-eabi/13.3.1/../../../../arm-none-eabi/lib/thumb/v7e-m+fp/hard/libm.a
LOAD /Applications/STM32CubeIDE.app/Contents/Eclipse/plugins/com.st.stm32cube.ide.mcu.externaltools.gnu-tools-for-stm32.13.3.rel1.macos64_1.0.0.202411102158/tools/bin/../lib/gcc/arm-none-eabi/13.3.1/thumb/v7e-m+fp/hard/libgcc.a

.debug_info     0x00000000    0x150a8
 .debug_info    0x00000000      0x80b ./Core/Src/ApplicationCode.o
 .debug_info    0x0000080b      0x418 ./Core/Src/Button_Driver.o
 .debug_info    0x00000c23      0xec8 ./Core/Src/GameLogic.o
 .debug_info    0x00001aeb      0x3f9 ./Core/Src/InterruptControl.o
 .debug_info    0x00001ee4     0x12a0 ./Core/Src/LCD_Driver.o
 .debug_info    0x00003184      0x145 ./Core/Src/fonts.o
 .debug_info    0x000032c9      0xc85 ./Core/Src/ili9341.o
 .debug_info    0x00003f4e     0x1d04 ./Core/Src/main.o
 .debug_info    0x00005c52     0x17b6 ./Core/Src/stm32f4xx_hal_msp.o
 .debug_info    0x00007408      0x112 ./Core/Src/stm32f4xx_it.o
 .debug_info    0x0000751a      0xdd6 ./Core/Src/stmpe811.o
 .debug_info    0x000082f0      0x6a3 ./Core/Src/syscalls.o
 .debug_info    0x00008993      0x168 ./Core/Src/sysmem.o
 .debug_info    0x00008afb      0x52e ./Core/Src/system_stm32f4xx.o
 .debug_info    0x00009029       0x30 ./Core/Startup/startup_stm32f429zitx.o
 .debug_info    0x00009059      0x9ba ./Drivers/STM32F4xx_HAL_Driver/Src/stm32f4xx_hal.o
 .debug_info    0x00009a13      0xdc2 ./Drivers/STM32F4xx_HAL_Driver/Src/stm32f4xx_hal_cortex.o
 .debug_info    0x0000a7d5      0x6db ./Drivers/STM32F4xx_HAL_Driver/Src/stm32f4xx_hal_gpio.o
 .debug_info    0x0000aeb0     0x2421 ./Drivers/STM32F4xx_HAL_Driver/Src/stm32f4xx_hal_i2c.o
 .debug_info    0x0000d2d1      0x672 ./Drivers/STM32F4xx_HAL_Driver/Src/stm32f4xx_hal_i2c_ex.o
 .debug_info    0x0000d943     0x1022 ./Drivers/STM32F4xx_HAL_Driver/Src/stm32f4xx_hal_ltdc.o
 .debug_info    0x0000e965      0x8c7 ./Drivers/STM32F4xx_HAL_Driver/Src/stm32f4xx_hal_rcc.o
 .debug_info    0x0000f22c      0x64c ./Drivers/STM32F4xx_HAL_Driver/Src/stm32f4xx_hal_rcc_ex.o
 .debug_info    0x0000f878      0x493 ./Drivers/STM32F4xx_HAL_Driver/Src/stm32f4xx_hal_rng.o
 .debug_info    0x0000fd0b     0x1525 ./Drivers/STM32F4xx_HAL_Driver/Src/stm32f4xx_hal_spi.o
 .debug_info    0x00011230     0x299d ./Drivers/STM32F4xx_HAL_Driver/Src/stm32f4xx_hal_tim.o
 .debug_info    0x00013bcd     0x14db ./Drivers/STM32F4xx_HAL_Driver/Src/stm32f4xx_hal_tim_ex.o

.debug_abbrev   0x00000000     0x363c
 .debug_abbrev  0x00000000      0x26b ./Core/Src/ApplicationCode.o
 .debug_abbrev  0x0000026b      0x17f ./Core/Src/Button_Driver.o
 .debug_abbrev  0x000003ea      0x303 ./Core/Src/GameLogic.o
 .debug_abbrev  0x000006ed      0x133 ./Core/Src/InterruptControl.o
 .debug_abbrev  0x00000820      0x32e ./Core/Src/LCD_Driver.o
 .debug_abbrev  0x00000b4e       0xc6 ./Core/Src/fonts.o
 .debug_abbrev  0x00000c14      0x2c9 ./Core/Src/ili9341.o
 .debug_abbrev  0x00000edd      0x33b ./Core/Src/main.o
 .debug_abbrev  0x00001218      0x25c ./Core/Src/stm32f4xx_hal_msp.o
 .debug_abbrev  0x00001474       0x73 ./Core/Src/stm32f4xx_it.o
 .debug_abbrev  0x000014e7      0x2c9 ./Core/Src/stmpe811.o
 .debug_abbrev  0x000017b0      0x1b6 ./Core/Src/syscalls.o
 .debug_abbrev  0x00001966       0xbc ./Core/Src/sysmem.o
 .debug_abbrev  0x00001a22      0x11a ./Core/Src/system_stm32f4xx.o
 .debug_abbrev  0x00001b3c       0x24 ./Core/Startup/startup_stm32f429zitx.o
 .debug_abbrev  0x00001b60      0x214 ./Drivers/STM32F4xx_HAL_Driver/Src/stm32f4xx_hal.o
 .debug_abbrev  0x00001d74      0x31d ./Drivers/STM32F4xx_HAL_Driver/Src/stm32f4xx_hal_cortex.o
 .debug_abbrev  0x00002091      0x1d4 ./Drivers/STM32F4xx_HAL_Driver/Src/stm32f4xx_hal_gpio.o
 .debug_abbrev  0x00002265      0x2ad ./Drivers/STM32F4xx_HAL_Driver/Src/stm32f4xx_hal_i2c.o
 .debug_abbrev  0x00002512      0x157 ./Drivers/STM32F4xx_HAL_Driver/Src/stm32f4xx_hal_i2c_ex.o
 .debug_abbrev  0x00002669      0x233 ./Drivers/STM32F4xx_HAL_Driver/Src/stm32f4xx_hal_ltdc.o
 .debug_abbrev  0x0000289c      0x2b7 ./Drivers/STM32F4xx_HAL_Driver/Src/stm32f4xx_hal_rcc.o
 .debug_abbrev  0x00002b53      0x1b0 ./Drivers/STM32F4xx_HAL_Driver/Src/stm32f4xx_hal_rcc_ex.o
 .debug_abbrev  0x00002d03      0x1c4 ./Drivers/STM32F4xx_HAL_Driver/Src/stm32f4xx_hal_rng.o
 .debug_abbrev  0x00002ec7      0x27a ./Drivers/STM32F4xx_HAL_Driver/Src/stm32f4xx_hal_spi.o
 .debug_abbrev  0x00003141      0x278 ./Drivers/STM32F4xx_HAL_Driver/Src/stm32f4xx_hal_tim.o
 .debug_abbrev  0x000033b9      0x283 ./Drivers/STM32F4xx_HAL_Driver/Src/stm32f4xx_hal_tim_ex.o

.debug_aranges  0x00000000     0x1518
 .debug_aranges
                0x00000000       0x88 ./Core/Src/ApplicationCode.o
 .debug_aranges
                0x00000088       0x28 ./Core/Src/Button_Driver.o
 .debug_aranges
                0x000000b0       0x88 ./Core/Src/GameLogic.o
 .debug_aranges
                0x00000138       0x40 ./Core/Src/InterruptControl.o
 .debug_aranges
                0x00000178       0xf8 ./Core/Src/LCD_Driver.o
 .debug_aranges
                0x00000270       0x18 ./Core/Src/fonts.o
 .debug_aranges
                0x00000288       0x98 ./Core/Src/ili9341.o
 .debug_aranges
                0x00000320       0x68 ./Core/Src/main.o
 .debug_aranges
                0x00000388       0x70 ./Core/Src/stm32f4xx_hal_msp.o
 .debug_aranges
                0x000003f8       0x60 ./Core/Src/stm32f4xx_it.o
 .debug_aranges
                0x00000458       0x88 ./Core/Src/stmpe811.o
 .debug_aranges
                0x000004e0       0xa8 ./Core/Src/syscalls.o
 .debug_aranges
                0x00000588       0x20 ./Core/Src/sysmem.o
 .debug_aranges
                0x000005a8       0x28 ./Core/Src/system_stm32f4xx.o
 .debug_aranges
                0x000005d0       0x28 ./Core/Startup/startup_stm32f429zitx.o
 .debug_aranges
                0x000005f8      0x100 ./Drivers/STM32F4xx_HAL_Driver/Src/stm32f4xx_hal.o
 .debug_aranges
                0x000006f8      0x130 ./Drivers/STM32F4xx_HAL_Driver/Src/stm32f4xx_hal_cortex.o
 .debug_aranges
                0x00000828       0x58 ./Drivers/STM32F4xx_HAL_Driver/Src/stm32f4xx_hal_gpio.o
 .debug_aranges
                0x00000880      0x2a8 ./Drivers/STM32F4xx_HAL_Driver/Src/stm32f4xx_hal_i2c.o
 .debug_aranges
                0x00000b28       0x28 ./Drivers/STM32F4xx_HAL_Driver/Src/stm32f4xx_hal_i2c_ex.o
 .debug_aranges
                0x00000b50      0x158 ./Drivers/STM32F4xx_HAL_Driver/Src/stm32f4xx_hal_ltdc.o
 .debug_aranges
                0x00000ca8       0x88 ./Drivers/STM32F4xx_HAL_Driver/Src/stm32f4xx_hal_rcc.o
 .debug_aranges
                0x00000d30       0x58 ./Drivers/STM32F4xx_HAL_Driver/Src/stm32f4xx_hal_rcc_ex.o
 .debug_aranges
                0x00000d88       0x88 ./Drivers/STM32F4xx_HAL_Driver/Src/stm32f4xx_hal_rng.o
 .debug_aranges
                0x00000e10      0x1d0 ./Drivers/STM32F4xx_HAL_Driver/Src/stm32f4xx_hal_spi.o
 .debug_aranges
                0x00000fe0      0x3d0 ./Drivers/STM32F4xx_HAL_Driver/Src/stm32f4xx_hal_tim.o
 .debug_aranges
                0x000013b0      0x168 ./Drivers/STM32F4xx_HAL_Driver/Src/stm32f4xx_hal_tim_ex.o

.debug_rnglists
                0x00000000     0x1041
 .debug_rnglists
                0x00000000       0x62 ./Core/Src/ApplicationCode.o
 .debug_rnglists
                0x00000062       0x19 ./Core/Src/Button_Driver.o
 .debug_rnglists
                0x0000007b       0x73 ./Core/Src/GameLogic.o
 .debug_rnglists
                0x000000ee       0x2b ./Core/Src/InterruptControl.o
 .debug_rnglists
                0x00000119       0xbc ./Core/Src/LCD_Driver.o
 .debug_rnglists
                0x000001d5       0x6f ./Core/Src/ili9341.o
 .debug_rnglists
                0x00000244       0x4e ./Core/Src/main.o
 .debug_rnglists
                0x00000292       0x53 ./Core/Src/stm32f4xx_hal_msp.o
 .debug_rnglists
                0x000002e5       0x43 ./Core/Src/stm32f4xx_it.o
 .debug_rnglists
                0x00000328       0x67 ./Core/Src/stmpe811.o
 .debug_rnglists
                0x0000038f       0x79 ./Core/Src/syscalls.o
 .debug_rnglists
                0x00000408       0x13 ./Core/Src/sysmem.o
 .debug_rnglists
                0x0000041b       0x1a ./Core/Src/system_stm32f4xx.o
 .debug_rnglists
                0x00000435       0x19 ./Core/Startup/startup_stm32f429zitx.o
 .debug_rnglists
                0x0000044e       0xbb ./Drivers/STM32F4xx_HAL_Driver/Src/stm32f4xx_hal.o
 .debug_rnglists
                0x00000509       0xe0 ./Drivers/STM32F4xx_HAL_Driver/Src/stm32f4xx_hal_cortex.o
 .debug_rnglists
                0x000005e9       0x3f ./Drivers/STM32F4xx_HAL_Driver/Src/stm32f4xx_hal_gpio.o
 .debug_rnglists
                0x00000628      0x23c ./Drivers/STM32F4xx_HAL_Driver/Src/stm32f4xx_hal_i2c.o
 .debug_rnglists
                0x00000864       0x19 ./Drivers/STM32F4xx_HAL_Driver/Src/stm32f4xx_hal_i2c_ex.o
 .debug_rnglists
                0x0000087d      0x10a ./Drivers/STM32F4xx_HAL_Driver/Src/stm32f4xx_hal_ltdc.o
 .debug_rnglists
                0x00000987       0x66 ./Drivers/STM32F4xx_HAL_Driver/Src/stm32f4xx_hal_rcc.o
 .debug_rnglists
                0x000009ed       0x43 ./Drivers/STM32F4xx_HAL_Driver/Src/stm32f4xx_hal_rcc_ex.o
 .debug_rnglists
                0x00000a30       0x63 ./Drivers/STM32F4xx_HAL_Driver/Src/stm32f4xx_hal_rng.o
 .debug_rnglists
                0x00000a93      0x16f ./Drivers/STM32F4xx_HAL_Driver/Src/stm32f4xx_hal_spi.o
 .debug_rnglists
                0x00000c02      0x31a ./Drivers/STM32F4xx_HAL_Driver/Src/stm32f4xx_hal_tim.o
 .debug_rnglists
                0x00000f1c      0x125 ./Drivers/STM32F4xx_HAL_Driver/Src/stm32f4xx_hal_tim_ex.o

.debug_macro    0x00000000    0x27754
 .debug_macro   0x00000000      0x37c ./Core/Src/ApplicationCode.o
 .debug_macro   0x0000037c      0xad8 ./Core/Src/ApplicationCode.o
 .debug_macro   0x00000e54      0x2ad ./Core/Src/ApplicationCode.o
 .debug_macro   0x00001101       0x2e ./Core/Src/ApplicationCode.o
 .debug_macro   0x0000112f       0x28 ./Core/Src/ApplicationCode.o
 .debug_macro   0x00001157       0x22 ./Core/Src/ApplicationCode.o
 .debug_macro   0x00001179       0x8e ./Core/Src/ApplicationCode.o
 .debug_macro   0x00001207       0x51 ./Core/Src/ApplicationCode.o
 .debug_macro   0x00001258      0x103 ./Core/Src/ApplicationCode.o
 .debug_macro   0x0000135b       0x6a ./Core/Src/ApplicationCode.o
 .debug_macro   0x000013c5      0x1df ./Core/Src/ApplicationCode.o
 .debug_macro   0x000015a4       0x1c ./Core/Src/ApplicationCode.o
 .debug_macro   0x000015c0       0x22 ./Core/Src/ApplicationCode.o
 .debug_macro   0x000015e2       0xfb ./Core/Src/ApplicationCode.o
 .debug_macro   0x000016dd     0x1011 ./Core/Src/ApplicationCode.o
 .debug_macro   0x000026ee      0x11f ./Core/Src/ApplicationCode.o
 .debug_macro   0x0000280d    0x17fd8 ./Core/Src/ApplicationCode.o
 .debug_macro   0x0001a7e5       0x6d ./Core/Src/ApplicationCode.o
 .debug_macro   0x0001a852     0x3711 ./Core/Src/ApplicationCode.o
 .debug_macro   0x0001df63      0x190 ./Core/Src/ApplicationCode.o
 .debug_macro   0x0001e0f3       0x5c ./Core/Src/ApplicationCode.o
 .debug_macro   0x0001e14f      0xcba ./Core/Src/ApplicationCode.o
 .debug_macro   0x0001ee09      0x9e9 ./Core/Src/ApplicationCode.o
 .debug_macro   0x0001f7f2      0x115 ./Core/Src/ApplicationCode.o
 .debug_macro   0x0001f907      0x156 ./Core/Src/ApplicationCode.o
 .debug_macro   0x0001fa5d       0xa5 ./Core/Src/ApplicationCode.o
 .debug_macro   0x0001fb02      0x182 ./Core/Src/ApplicationCode.o
 .debug_macro   0x0001fc84      0x287 ./Core/Src/ApplicationCode.o
 .debug_macro   0x0001ff0b       0x5f ./Core/Src/ApplicationCode.o
 .debug_macro   0x0001ff6a      0x236 ./Core/Src/ApplicationCode.o
 .debug_macro   0x000201a0      0x132 ./Core/Src/ApplicationCode.o
 .debug_macro   0x000202d2      0x41d ./Core/Src/ApplicationCode.o
 .debug_macro   0x000206ef       0x2e ./Core/Src/ApplicationCode.o
 .debug_macro   0x0002071d      0x1b5 ./Core/Src/ApplicationCode.o
 .debug_macro   0x000208d2       0x22 ./Core/Src/ApplicationCode.o
 .debug_macro   0x000208f4       0xd6 ./Core/Src/ApplicationCode.o
 .debug_macro   0x000209ca      0x198 ./Core/Src/ApplicationCode.o
 .debug_macro   0x00020b62       0xd6 ./Core/Src/ApplicationCode.o
 .debug_macro   0x00020c38      0x127 ./Core/Src/ApplicationCode.o
 .debug_macro   0x00020d5f       0xe2 ./Core/Src/ApplicationCode.o
 .debug_macro   0x00020e41       0x89 ./Core/Src/ApplicationCode.o
 .debug_macro   0x00020eca       0xa4 ./Core/Src/ApplicationCode.o
 .debug_macro   0x00020f6e      0x225 ./Core/Src/ApplicationCode.o
 .debug_macro   0x00021193      0x8ed ./Core/Src/ApplicationCode.o
 .debug_macro   0x00021a80       0x4d ./Core/Src/ApplicationCode.o
 .debug_macro   0x00021acd      0x134 ./Core/Src/ApplicationCode.o
 .debug_macro   0x00021c01      0x332 ./Core/Src/ApplicationCode.o
 .debug_macro   0x00021f33       0x22 ./Core/Src/ApplicationCode.o
 .debug_macro   0x00021f55      0x173 ./Core/Src/ApplicationCode.o
 .debug_macro   0x000220c8       0x61 ./Core/Src/ApplicationCode.o
 .debug_macro   0x00022129       0x2a ./Core/Src/ApplicationCode.o
 .debug_macro   0x00022153       0x43 ./Core/Src/ApplicationCode.o
 .debug_macro   0x00022196       0x34 ./Core/Src/ApplicationCode.o
 .debug_macro   0x000221ca       0x16 ./Core/Src/ApplicationCode.o
 .debug_macro   0x000221e0       0x3c ./Core/Src/ApplicationCode.o
 .debug_macro   0x0002221c      0x370 ./Core/Src/ApplicationCode.o
 .debug_macro   0x0002258c       0x10 ./Core/Src/ApplicationCode.o
 .debug_macro   0x0002259c       0x16 ./Core/Src/ApplicationCode.o
 .debug_macro   0x000225b2       0x4a ./Core/Src/ApplicationCode.o
 .debug_macro   0x000225fc       0x34 ./Core/Src/ApplicationCode.o
 .debug_macro   0x00022630       0x10 ./Core/Src/ApplicationCode.o
 .debug_macro   0x00022640       0x58 ./Core/Src/ApplicationCode.o
 .debug_macro   0x00022698       0x8e ./Core/Src/ApplicationCode.o
 .debug_macro   0x00022726       0x1c ./Core/Src/ApplicationCode.o
 .debug_macro   0x00022742      0x185 ./Core/Src/ApplicationCode.o
 .debug_macro   0x000228c7       0x16 ./Core/Src/ApplicationCode.o
 .debug_macro   0x000228dd       0x16 ./Core/Src/ApplicationCode.o
 .debug_macro   0x000228f3      0x146 ./Core/Src/ApplicationCode.o
 .debug_macro   0x00022a39       0x22 ./Core/Src/ApplicationCode.o
 .debug_macro   0x00022a5b       0x28 ./Core/Src/ApplicationCode.o
 .debug_macro   0x00022a83       0x16 ./Core/Src/ApplicationCode.o
 .debug_macro   0x00022a99       0x20 ./Core/Src/ApplicationCode.o
 .debug_macro   0x00022ab9       0x4c ./Core/Src/ApplicationCode.o
 .debug_macro   0x00022b05       0xee ./Core/Src/ApplicationCode.o
 .debug_macro   0x00022bf3      0x223 ./Core/Src/Button_Driver.o
 .debug_macro   0x00022e16       0x22 ./Core/Src/Button_Driver.o
 .debug_macro   0x00022e38      0x372 ./Core/Src/GameLogic.o
 .debug_macro   0x000231aa      0x21a ./Core/Src/InterruptControl.o
 .debug_macro   0x000233c4       0x1c ./Core/Src/InterruptControl.o
 .debug_macro   0x000233e0      0x372 ./Core/Src/LCD_Driver.o
 .debug_macro   0x00023752       0x6d ./Core/Src/fonts.o
 .debug_macro   0x000237bf      0x21a ./Core/Src/ili9341.o
 .debug_macro   0x000239d9      0x32c ./Core/Src/ili9341.o
 .debug_macro   0x00023d05      0x38b ./Core/Src/main.o
 .debug_macro   0x00024090      0x4c8 ./Core/Src/main.o
 .debug_macro   0x00024558      0x21a ./Core/Src/stm32f4xx_hal_msp.o
 .debug_macro   0x00024772      0x224 ./Core/Src/stm32f4xx_it.o
 .debug_macro   0x00024996      0x235 ./Core/Src/stmpe811.o
 .debug_macro   0x00024bcb      0x274 ./Core/Src/syscalls.o
 .debug_macro   0x00024e3f       0x5b ./Core/Src/syscalls.o
 .debug_macro   0x00024e9a       0x94 ./Core/Src/syscalls.o
 .debug_macro   0x00024f2e       0x57 ./Core/Src/syscalls.o
 .debug_macro   0x00024f85       0x10 ./Core/Src/syscalls.o
 .debug_macro   0x00024f95       0x10 ./Core/Src/syscalls.o
 .debug_macro   0x00024fa5       0x10 ./Core/Src/syscalls.o
 .debug_macro   0x00024fb5       0x10 ./Core/Src/syscalls.o
 .debug_macro   0x00024fc5       0x1c ./Core/Src/syscalls.o
 .debug_macro   0x00024fe1       0x52 ./Core/Src/syscalls.o
 .debug_macro   0x00025033       0x22 ./Core/Src/syscalls.o
 .debug_macro   0x00025055       0x10 ./Core/Src/syscalls.o
 .debug_macro   0x00025065       0x52 ./Core/Src/syscalls.o
 .debug_macro   0x000250b7       0xcf ./Core/Src/syscalls.o
 .debug_macro   0x00025186       0x1c ./Core/Src/syscalls.o
 .debug_macro   0x000251a2       0x3d ./Core/Src/syscalls.o
 .debug_macro   0x000251df       0x35 ./Core/Src/syscalls.o
 .debug_macro   0x00025214      0x12c ./Core/Src/syscalls.o
 .debug_macro   0x00025340       0x16 ./Core/Src/syscalls.o
 .debug_macro   0x00025356       0x16 ./Core/Src/syscalls.o
 .debug_macro   0x0002536c       0x29 ./Core/Src/syscalls.o
 .debug_macro   0x00025395       0x10 ./Core/Src/syscalls.o
 .debug_macro   0x000253a5      0x242 ./Core/Src/syscalls.o
 .debug_macro   0x000255e7       0x1c ./Core/Src/syscalls.o
 .debug_macro   0x00025603       0x10 ./Core/Src/syscalls.o
 .debug_macro   0x00025613      0x18a ./Core/Src/syscalls.o
 .debug_macro   0x0002579d       0x16 ./Core/Src/syscalls.o
 .debug_macro   0x000257b3       0xce ./Core/Src/syscalls.o
 .debug_macro   0x00025881      0x112 ./Core/Src/sysmem.o
 .debug_macro   0x00025993      0x23c ./Core/Src/sysmem.o
 .debug_macro   0x00025bcf      0x20b ./Core/Src/system_stm32f4xx.o
 .debug_macro   0x00025dda      0x26b ./Drivers/STM32F4xx_HAL_Driver/Src/stm32f4xx_hal.o
 .debug_macro   0x00026045      0x20b ./Drivers/STM32F4xx_HAL_Driver/Src/stm32f4xx_hal_cortex.o
 .debug_macro   0x00026250      0x211 ./Drivers/STM32F4xx_HAL_Driver/Src/stm32f4xx_hal_gpio.o
 .debug_macro   0x00026461      0x259 ./Drivers/STM32F4xx_HAL_Driver/Src/stm32f4xx_hal_i2c.o
 .debug_macro   0x000266ba      0x20b ./Drivers/STM32F4xx_HAL_Driver/Src/stm32f4xx_hal_i2c_ex.o
 .debug_macro   0x000268c5      0x213 ./Drivers/STM32F4xx_HAL_Driver/Src/stm32f4xx_hal_ltdc.o
 .debug_macro   0x00026ad8      0x22f ./Drivers/STM32F4xx_HAL_Driver/Src/stm32f4xx_hal_rcc.o
 .debug_macro   0x00026d07      0x20b ./Drivers/STM32F4xx_HAL_Driver/Src/stm32f4xx_hal_rcc_ex.o
 .debug_macro   0x00026f12      0x211 ./Drivers/STM32F4xx_HAL_Driver/Src/stm32f4xx_hal_rng.o
 .debug_macro   0x00027123      0x21a ./Drivers/STM32F4xx_HAL_Driver/Src/stm32f4xx_hal_spi.o
 .debug_macro   0x0002733d      0x20c ./Drivers/STM32F4xx_HAL_Driver/Src/stm32f4xx_hal_tim.o
 .debug_macro   0x00027549      0x20b ./Drivers/STM32F4xx_HAL_Driver/Src/stm32f4xx_hal_tim_ex.o

.debug_line     0x00000000    0x1900f
 .debug_line    0x00000000      0xbaa ./Core/Src/ApplicationCode.o
 .debug_line    0x00000baa      0x79a ./Core/Src/Button_Driver.o
 .debug_line    0x00001344      0xc45 ./Core/Src/GameLogic.o
 .debug_line    0x00001f89      0x7ec ./Core/Src/InterruptControl.o
 .debug_line    0x00002775      0xe76 ./Core/Src/LCD_Driver.o
 .debug_line    0x000035eb      0x39f ./Core/Src/fonts.o
 .debug_line    0x0000398a      0x99b ./Core/Src/ili9341.o
 .debug_line    0x00004325      0xcff ./Core/Src/main.o
 .debug_line    0x00005024      0x959 ./Core/Src/stm32f4xx_hal_msp.o
 .debug_line    0x0000597d      0x804 ./Core/Src/stm32f4xx_it.o
 .debug_line    0x00006181      0xbc0 ./Core/Src/stmpe811.o
 .debug_line    0x00006d41      0x845 ./Core/Src/syscalls.o
 .debug_line    0x00007586      0x521 ./Core/Src/sysmem.o
 .debug_line    0x00007aa7      0x7da ./Core/Src/system_stm32f4xx.o
 .debug_line    0x00008281       0x7a ./Core/Startup/startup_stm32f429zitx.o
 .debug_line    0x000082fb      0xa7d ./Drivers/STM32F4xx_HAL_Driver/Src/stm32f4xx_hal.o
 .debug_line    0x00008d78      0xd17 ./Drivers/STM32F4xx_HAL_Driver/Src/stm32f4xx_hal_cortex.o
 .debug_line    0x00009a8f      0xbc7 ./Drivers/STM32F4xx_HAL_Driver/Src/stm32f4xx_hal_gpio.o
 .debug_line    0x0000a656     0x3af9 ./Drivers/STM32F4xx_HAL_Driver/Src/stm32f4xx_hal_i2c.o
 .debug_line    0x0000e14f      0x7d0 ./Drivers/STM32F4xx_HAL_Driver/Src/stm32f4xx_hal_i2c_ex.o
 .debug_line    0x0000e91f     0x13f7 ./Drivers/STM32F4xx_HAL_Driver/Src/stm32f4xx_hal_ltdc.o
 .debug_line    0x0000fd16      0xe56 ./Drivers/STM32F4xx_HAL_Driver/Src/stm32f4xx_hal_rcc.o
 .debug_line    0x00010b6c      0xc9f ./Drivers/STM32F4xx_HAL_Driver/Src/stm32f4xx_hal_rcc_ex.o
 .debug_line    0x0001180b      0x9bd ./Drivers/STM32F4xx_HAL_Driver/Src/stm32f4xx_hal_rng.o
 .debug_line    0x000121c8     0x1cdc ./Drivers/STM32F4xx_HAL_Driver/Src/stm32f4xx_hal_spi.o
 .debug_line    0x00013ea4     0x37c4 ./Drivers/STM32F4xx_HAL_Driver/Src/stm32f4xx_hal_tim.o
 .debug_line    0x00017668     0x19a7 ./Drivers/STM32F4xx_HAL_Driver/Src/stm32f4xx_hal_tim_ex.o

.debug_str      0x00000000    0xe317d
 .debug_str     0x00000000    0xe317d ./Core/Src/ApplicationCode.o
                              0xdb243 (size before relaxing)
 .debug_str     0x000e317d    0xd5b5b ./Core/Src/Button_Driver.o
 .debug_str     0x000e317d    0xdb6f6 ./Core/Src/GameLogic.o
 .debug_str     0x000e317d    0xd5a0f ./Core/Src/InterruptControl.o
 .debug_str     0x000e317d    0xdb32d ./Core/Src/LCD_Driver.o
 .debug_str     0x000e317d     0x3e21 ./Core/Src/fonts.o
 .debug_str     0x000e317d    0xd6c75 ./Core/Src/ili9341.o
 .debug_str     0x000e317d    0xdcf1c ./Core/Src/main.o
 .debug_str     0x000e317d    0xd7849 ./Core/Src/stm32f4xx_hal_msp.o
 .debug_str     0x000e317d    0xd6865 ./Core/Src/stm32f4xx_it.o
 .debug_str     0x000e317d    0xd690f ./Core/Src/stmpe811.o
 .debug_str     0x000e317d     0x9a04 ./Core/Src/syscalls.o
 .debug_str     0x000e317d     0x77a2 ./Core/Src/sysmem.o
 .debug_str     0x000e317d    0xd5a67 ./Core/Src/system_stm32f4xx.o
 .debug_str     0x000e317d       0xa4 ./Core/Startup/startup_stm32f429zitx.o
 .debug_str     0x000e317d    0xd668a ./Drivers/STM32F4xx_HAL_Driver/Src/stm32f4xx_hal.o
 .debug_str     0x000e317d    0xd63b8 ./Drivers/STM32F4xx_HAL_Driver/Src/stm32f4xx_hal_cortex.o
 .debug_str     0x000e317d    0xd5be2 ./Drivers/STM32F4xx_HAL_Driver/Src/stm32f4xx_hal_gpio.o
 .debug_str     0x000e317d    0xd6a77 ./Drivers/STM32F4xx_HAL_Driver/Src/stm32f4xx_hal_i2c.o
 .debug_str     0x000e317d    0xd5e36 ./Drivers/STM32F4xx_HAL_Driver/Src/stm32f4xx_hal_i2c_ex.o
 .debug_str     0x000e317d    0xd60cb ./Drivers/STM32F4xx_HAL_Driver/Src/stm32f4xx_hal_ltdc.o
 .debug_str     0x000e317d    0xd5e9b ./Drivers/STM32F4xx_HAL_Driver/Src/stm32f4xx_hal_rcc.o
 .debug_str     0x000e317d    0xd5c62 ./Drivers/STM32F4xx_HAL_Driver/Src/stm32f4xx_hal_rcc_ex.o
 .debug_str     0x000e317d    0xd5b54 ./Drivers/STM32F4xx_HAL_Driver/Src/stm32f4xx_hal_rng.o
 .debug_str     0x000e317d    0xd6312 ./Drivers/STM32F4xx_HAL_Driver/Src/stm32f4xx_hal_spi.o
 .debug_str     0x000e317d    0xd6dde ./Drivers/STM32F4xx_HAL_Driver/Src/stm32f4xx_hal_tim.o