../Drivers/CMSIS/Include/core_cm4.h:1684:22:__NVIC_EnableIRQ	16	static,ignoring_inline_asm
../Drivers/CMSIS/Include/core_cm4.h:1722:22:__NVIC_DisableIRQ	16	static,ignoring_inline_asm
../Drivers/CMSIS/Include/core_cm4.h:1775:22:__NVIC_ClearPendingIRQ	16	static
../Core/Src/ApplicationCode.c:29:6:ApplicationInit	8	static
../Core/Src/ApplicationCode.c:49:6:buttonInit	8	static
../Core/Src/ApplicationCode.c:60:9:checkIfTouchScreenPressed	8	static
../Core/Src/ApplicationCode.c:75:9:gameButtonPressed	24	static
../Core/Src/ApplicationCode.c:95:6:triggerGameButtonResponse	8	static
../Core/Src/ApplicationCode.c:107:6:waitForUserResponse	8	static
../Core/Src/ApplicationCode.c:115:6:LCD_Display_Start_Screen	8	static
../Core/Src/ApplicationCode.c:121:6:LCD_Display_Stats_Screen	8	static
../Core/Src/ApplicationCode.c:128:6:displayMenu	8	static
../Core/Src/ApplicationCode.c:138:6:EXTI0_IRQHandler	8	static
../Core/Src/ApplicationCode.c:155:6:TIM2_IRQHandler	8	static
