../Drivers/CMSIS/Include/core_cm4.h:1684:22:__NVIC_EnableIRQ	16	static,ignoring_inline_asm
../Drivers/CMSIS/Include/core_cm4.h:1722:22:__NVIC_DisableIRQ	16	static,ignoring_inline_asm
../Drivers/CMSIS/Include/core_cm4.h:1775:22:__NVIC_ClearPendingIRQ	16	static
../Core/Src/ApplicationCode.c:26:6:ApplicationInit	8	static
../Core/Src/ApplicationCode.c:46:6:buttonInit	8	static
../Core/Src/ApplicationCode.c:57:9:checkIfTouchScreenPressed	8	static
../Core/Src/ApplicationCode.c:73:9:returnGameButtonPressed	24	static
../Core/Src/ApplicationCode.c:94:6:triggerGameButtonResponse	8	static
../Core/Src/ApplicationCode.c:106:6:waitForUserResponse	8	static
../Core/Src/ApplicationCode.c:114:6:LCD_Display_Start_Screen	8	static
../Core/Src/ApplicationCode.c:120:6:LCD_Display_Stats_Screen	8	static
../Core/Src/ApplicationCode.c:127:6:displayMenu	8	static
../Core/Src/ApplicationCode.c:137:6:EXTI0_IRQHandler	8	static
../Core/Src/ApplicationCode.c:152:6:TIM2_IRQHandler	8	static
