../Drivers/CMSIS/Include/core_cm4.h:1684:22:__NVIC_EnableIRQ	16	static,ignoring_inline_asm
../Core/Src/GameLogic.c:26:6:setGameMode	16	static
../Core/Src/GameLogic.c:31:6:resetBoard	8	static
../Core/Src/GameLogic.c:36:6:resetCoinPos	4	static
../Core/Src/GameLogic.c:44:6:startNewGame	8	static
../Core/Src/GameLogic.c:53:6:incrementWinCount	4	static
../Core/Src/GameLogic.c:68:6:checkIfUserMovedCoin	8	static
../Core/Src/GameLogic.c:81:6:moveCoin	16	static
../Core/Src/GameLogic.c:94:6:placeCoin	16	static
../Core/Src/GameLogic.c:114:9:canPlaceCoin	24	static
../Core/Src/GameLogic.c:126:9:getScoreByDirection	24	static
../Core/Src/GameLogic.c:150:9:checkWinner	24	static
../Core/Src/GameLogic.c:191:6:checkTie	16	static
../Core/Src/GameLogic.c:207:6:playTurn	32	static
../Core/Src/GameLogic.c:248:6:playGame	8	static
../Core/Src/GameLogic.c:266:8:getScoreOfPosition	32	static
../Core/Src/GameLogic.c:303:16:alphaBeta	120	static
