../Drivers/CMSIS/Include/core_cm4.h:1684:22:__NVIC_EnableIRQ	16	static,ignoring_inline_asm
../Core/Src/GameLogic.c:26:6:setGameMode	16	static
../Core/Src/GameLogic.c:34:6:resetBoard	8	static
../Core/Src/GameLogic.c:39:6:resetCoinPos	4	static
../Core/Src/GameLogic.c:47:6:startNewGame	8	static
../Core/Src/GameLogic.c:56:6:incrementWinCount	4	static
../Core/Src/GameLogic.c:71:6:checkIfUserMovedCoin	8	static
../Core/Src/GameLogic.c:84:6:moveCoin	16	static
../Core/Src/GameLogic.c:97:6:placeCoin	16	static
../Core/Src/GameLogic.c:117:9:canPlaceCoin	24	static
../Core/Src/GameLogic.c:129:9:getScoreByDirection	24	static
../Core/Src/GameLogic.c:156:9:checkWinner	24	static
../Core/Src/GameLogic.c:197:6:checkTie	16	static
../Core/Src/GameLogic.c:213:6:playTurn	32	static
../Core/Src/GameLogic.c:249:6:playGame	8	static
../Core/Src/GameLogic.c:267:8:getScoreOfPosition	32	static
../Core/Src/GameLogic.c:304:16:alphaBeta	120	static
