../Core/Src/LCD_Driver.c:38:6:LCD_GPIO_Init	56	static
../Core/Src/LCD_Driver.c:121:6:LTCD_Layer_Init	72	static
../Core/Src/LCD_Driver.c:148:6:clearScreen	8	static
../Core/Src/LCD_Driver.c:153:6:LTCD__Init	8	static
../Core/Src/LCD_Driver.c:211:6:LCD_Draw_Pixel	16	static
../Core/Src/LCD_Driver.c:221:6:LCD_Draw_Circle_Fill	32	static
../Core/Src/LCD_Driver.c:235:6:LCD_Draw_Vertical_Line	32	static
../Core/Src/LCD_Driver.c:243:6:LCD_Draw_Horizontal_Line	32	static
../Core/Src/LCD_Driver.c:251:6:LCD_Fill_Rectangle	32	static
../Core/Src/LCD_Driver.c:261:6:LCD_Draw_Char	24	static
../Core/Src/LCD_Driver.c:281:6:LCD_DisplayChar	16	static
../Core/Src/LCD_Driver.c:287:6:LCD_Clear	24	static
../Core/Src/LCD_Driver.c:298:6:LCD_SetTextColor	16	static
../Core/Src/LCD_Driver.c:304:6:LCD_SetFont	16	static
../Core/Src/LCD_Driver.c:313:6:LCD_Error_Handler	4	static,ignoring_inline_asm
../Core/Src/LCD_Driver.c:328:6:InitializeLCDTouch	8	static
../Core/Src/LCD_Driver.c:336:18:returnTouchStateAndLocation	16	static
../Core/Src/LCD_Driver.c:341:6:DetermineTouchPosition	16	static
../Core/Src/LCD_Driver.c:346:9:ReadRegisterFromTouchModule	16	static
../Core/Src/LCD_Driver.c:351:6:WriteDataToTouchModule	16	static
../Core/Src/LCD_Driver.c:361:6:LCD_Connect_Four_Init	8	static
../Core/Src/LCD_Driver.c:366:6:LCD_Draw_Game_Button	24	static
../Core/Src/LCD_Driver.c:373:6:LCD_Draw_Board_Structure	16	static
../Core/Src/LCD_Driver.c:386:6:LCD_Display_Coin	16	static
../Core/Src/LCD_Driver.c:391:6:displayStartScreen	16	static
../Core/Src/LCD_Driver.c:430:6:clearFloatingCoin	16	static
../Core/Src/LCD_Driver.c:435:6:displayStatsScreen	16	static
../Core/Src/LCD_Driver.c:484:6:drawFromUnsignedInteger	24	static
