../Drivers/CMSIS/Include/core_cm4.h:1684:22:__NVIC_EnableIRQ	16	static,ignoring_inline_asm
../Core/Src/main.c:78:5:main	8	static
../Core/Src/main.c:124:6:SystemClock_Config	88	static
../Core/Src/main.c:170:13:MX_I2C3_Init	8	static
../Core/Src/main.c:218:13:MX_LTDC_Init	112	static
../Core/Src/main.c:300:13:MX_RNG_Init	8	static
../Core/Src/main.c:326:13:MX_SPI5_Init	8	static
../Core/Src/main.c:364:13:MX_TIM2_Init	32	static
../Core/Src/main.c:411:13:MX_GPIO_Init	64	static
../Core/Src/main.c:585:6:Error_Handler	4	static,ignoring_inline_asm
